<?xml version="1.0"?>
<link_info>
   <banner>TI ARM Linker PC v5.2.5</banner>
   <copyright>Copyright (c) 1996-2015 Texas Instruments Incorporated</copyright>
   <link_time>0x583fe4ac</link_time>
   <link_errors>0x0</link_errors>
   <output_file>802_15_4_test.out</output_file>
   <entry_point>
      <name>ResetISR</name>
      <address>0x2048e9</address>
   </entry_point>
   <input_file_list>
      <input_file id="fl-2">
         <path>.\</path>
         <kind>object</kind>
         <file>cx2538_setup.obj</file>
         <name>cx2538_setup.obj</name>
      </input_file>
      <input_file id="fl-3">
         <path>.\</path>
         <kind>object</kind>
         <file>cx2538_startup_ccs.obj</file>
         <name>cx2538_startup_ccs.obj</name>
      </input_file>
      <input_file id="fl-4">
         <path>.\</path>
         <kind>object</kind>
         <file>main.obj</file>
         <name>main.obj</name>
      </input_file>
      <input_file id="fl-5">
         <path>.\</path>
         <kind>object</kind>
         <file>uartstdio.obj</file>
         <name>uartstdio.obj</name>
      </input_file>
      <input_file id="fl-6">
         <path>.\SourceFiels\</path>
         <kind>object</kind>
         <file>basic_rf.obj</file>
         <name>basic_rf.obj</name>
      </input_file>
      <input_file id="fl-7">
         <path>.\SourceFiels\</path>
         <kind>object</kind>
         <file>hal_int.obj</file>
         <name>hal_int.obj</name>
      </input_file>
      <input_file id="fl-8">
         <path>.\SourceFiels\</path>
         <kind>object</kind>
         <file>hal_mcu.obj</file>
         <name>hal_mcu.obj</name>
      </input_file>
      <input_file id="fl-9">
         <path>.\SourceFiels\</path>
         <kind>object</kind>
         <file>hal_rf.obj</file>
         <name>hal_rf.obj</name>
      </input_file>
      <input_file id="fl-a">
         <path>.\SourceFiels\</path>
         <kind>object</kind>
         <file>hal_timer_32k.obj</file>
         <name>hal_timer_32k.obj</name>
      </input_file>
      <input_file id="fl-b">
         <path>.\SourceFiels\</path>
         <kind>object</kind>
         <file>lcd_dogm128_6_ti_logo.obj</file>
         <name>lcd_dogm128_6_ti_logo.obj</name>
      </input_file>
      <input_file id="fl-c">
         <path>.\SourceFiels\</path>
         <kind>object</kind>
         <file>per_test_menu.obj</file>
         <name>per_test_menu.obj</name>
      </input_file>
      <input_file id="fl-d">
         <path>.\SourceFiels\</path>
         <kind>object</kind>
         <file>util_menu_system.obj</file>
         <name>util_menu_system.obj</name>
      </input_file>
      <input_file id="fl-e">
         <path>.\MAC_Layer\</path>
         <kind>object</kind>
         <file>CSMA-CA.obj</file>
         <name>CSMA-CA.obj</name>
      </input_file>
      <input_file id="fl-f">
         <path>.\MAC_Layer\</path>
         <kind>object</kind>
         <file>Random.obj</file>
         <name>Random.obj</name>
      </input_file>
      <input_file id="fl-10">
         <path>.\MAC_Layer\</path>
         <kind>object</kind>
         <file>mac.obj</file>
         <name>mac.obj</name>
      </input_file>
      <input_file id="fl-11">
         <path>.\MAC_Layer\</path>
         <kind>object</kind>
         <file>mac_assoc.obj</file>
         <name>mac_assoc.obj</name>
      </input_file>
      <input_file id="fl-12">
         <path>.\MAC_Layer\</path>
         <kind>object</kind>
         <file>mac_data.obj</file>
         <name>mac_data.obj</name>
      </input_file>
      <input_file id="fl-13">
         <path>.\MAC_Layer\</path>
         <kind>object</kind>
         <file>mac_gen.obj</file>
         <name>mac_gen.obj</name>
      </input_file>
      <input_file id="fl-14">
         <path>.\MAC_Layer\</path>
         <kind>object</kind>
         <file>mac_parse.obj</file>
         <name>mac_parse.obj</name>
      </input_file>
      <input_file id="fl-15">
         <path>.\MAC_Layer\</path>
         <kind>object</kind>
         <file>mac_poll.obj</file>
         <name>mac_poll.obj</name>
      </input_file>
      <input_file id="fl-16">
         <path>.\MAC_Layer\</path>
         <kind>object</kind>
         <file>mac_reset.obj</file>
         <name>mac_reset.obj</name>
      </input_file>
      <input_file id="fl-17">
         <path>.\MAC_Layer\</path>
         <kind>object</kind>
         <file>mac_scan.obj</file>
         <name>mac_scan.obj</name>
      </input_file>
      <input_file id="fl-18">
         <path>.\MAC_Layer\</path>
         <kind>object</kind>
         <file>sleep.obj</file>
         <name>sleep.obj</name>
      </input_file>
      <input_file id="fl-19">
         <path>.\MAC_Dirver\</path>
         <kind>object</kind>
         <file>buf.obj</file>
         <name>buf.obj</name>
      </input_file>
      <input_file id="fl-1a">
         <path>.\MAC_Dirver\</path>
         <kind>object</kind>
         <file>list.obj</file>
         <name>list.obj</name>
      </input_file>
      <input_file id="fl-1b">
         <path>.\MAC_Dirver\</path>
         <kind>object</kind>
         <file>mem_heap.obj</file>
         <name>mem_heap.obj</name>
      </input_file>
      <input_file id="fl-1c">
         <path>.\MAC_Dirver\</path>
         <kind>object</kind>
         <file>mmem.obj</file>
         <name>mmem.obj</name>
      </input_file>
      <input_file id="fl-24">
         <path>..\</path>
         <kind>archive</kind>
         <file>bsp.lib</file>
         <name>bsp_uart.obj</name>
      </input_file>
      <input_file id="fl-25">
         <path>..\</path>
         <kind>archive</kind>
         <file>bsp.lib</file>
         <name>bsp_led.obj</name>
      </input_file>
      <input_file id="fl-26">
         <path>..\</path>
         <kind>archive</kind>
         <file>bsp.lib</file>
         <name>bsp_key.obj</name>
      </input_file>
      <input_file id="fl-27">
         <path>..\</path>
         <kind>archive</kind>
         <file>bsp.lib</file>
         <name>bsp.obj</name>
      </input_file>
      <input_file id="fl-28">
         <path>..\</path>
         <kind>archive</kind>
         <file>bsp.lib</file>
         <name>io_pin_int.obj</name>
      </input_file>
      <input_file id="fl-29">
         <path>..\</path>
         <kind>archive</kind>
         <file>driverlib.lib</file>
         <name>uart.obj</name>
      </input_file>
      <input_file id="fl-2a">
         <path>..\</path>
         <kind>archive</kind>
         <file>driverlib.lib</file>
         <name>sys_ctrl.obj</name>
      </input_file>
      <input_file id="fl-2b">
         <path>..\</path>
         <kind>archive</kind>
         <file>driverlib.lib</file>
         <name>ssi.obj</name>
      </input_file>
      <input_file id="fl-2c">
         <path>..\</path>
         <kind>archive</kind>
         <file>driverlib.lib</file>
         <name>sleepmode.obj</name>
      </input_file>
      <input_file id="fl-2d">
         <path>..\</path>
         <kind>archive</kind>
         <file>driverlib.lib</file>
         <name>ioc.obj</name>
      </input_file>
      <input_file id="fl-2e">
         <path>..\</path>
         <kind>archive</kind>
         <file>driverlib.lib</file>
         <name>interrupt.obj</name>
      </input_file>
      <input_file id="fl-2f">
         <path>..\</path>
         <kind>archive</kind>
         <file>driverlib.lib</file>
         <name>gptimer.obj</name>
      </input_file>
      <input_file id="fl-30">
         <path>..\</path>
         <kind>archive</kind>
         <file>driverlib.lib</file>
         <name>gpio.obj</name>
      </input_file>
      <input_file id="fl-31">
         <path>..\</path>
         <kind>archive</kind>
         <file>driverlib.lib</file>
         <name>cpu.obj</name>
      </input_file>
      <input_file id="fl-153">
         <path>C:\ti\ccsv6\tools\compiler\ti-cgt-arm_5.2.5\lib\</path>
         <kind>archive</kind>
         <file>rtsv7M3_T_le_eabi.lib</file>
         <name>boot.obj</name>
      </input_file>
      <input_file id="fl-154">
         <path>C:\ti\ccsv6\tools\compiler\ti-cgt-arm_5.2.5\lib\</path>
         <kind>archive</kind>
         <file>rtsv7M3_T_le_eabi.lib</file>
         <name>copy_decompress_none.obj</name>
      </input_file>
      <input_file id="fl-155">
         <path>C:\ti\ccsv6\tools\compiler\ti-cgt-arm_5.2.5\lib\</path>
         <kind>archive</kind>
         <file>rtsv7M3_T_le_eabi.lib</file>
         <name>copy_decompress_rle.obj</name>
      </input_file>
      <input_file id="fl-156">
         <path>C:\ti\ccsv6\tools\compiler\ti-cgt-arm_5.2.5\lib\</path>
         <kind>archive</kind>
         <file>rtsv7M3_T_le_eabi.lib</file>
         <name>copy_zero_init.obj</name>
      </input_file>
      <input_file id="fl-157">
         <path>C:\ti\ccsv6\tools\compiler\ti-cgt-arm_5.2.5\lib\</path>
         <kind>archive</kind>
         <file>rtsv7M3_T_le_eabi.lib</file>
         <name>exit.obj</name>
      </input_file>
      <input_file id="fl-158">
         <path>C:\ti\ccsv6\tools\compiler\ti-cgt-arm_5.2.5\lib\</path>
         <kind>archive</kind>
         <file>rtsv7M3_T_le_eabi.lib</file>
         <name>memcpy_t2.obj</name>
      </input_file>
      <input_file id="fl-159">
         <path>C:\ti\ccsv6\tools\compiler\ti-cgt-arm_5.2.5\lib\</path>
         <kind>archive</kind>
         <file>rtsv7M3_T_le_eabi.lib</file>
         <name>memmov.obj</name>
      </input_file>
      <input_file id="fl-15a">
         <path>C:\ti\ccsv6\tools\compiler\ti-cgt-arm_5.2.5\lib\</path>
         <kind>archive</kind>
         <file>rtsv7M3_T_le_eabi.lib</file>
         <name>memset_t2.obj</name>
      </input_file>
      <input_file id="fl-15b">
         <path>C:\ti\ccsv6\tools\compiler\ti-cgt-arm_5.2.5\lib\</path>
         <kind>archive</kind>
         <file>rtsv7M3_T_le_eabi.lib</file>
         <name>pre_init.obj</name>
      </input_file>
      <input_file id="fl-15c">
         <path>C:\ti\ccsv6\tools\compiler\ti-cgt-arm_5.2.5\lib\</path>
         <kind>archive</kind>
         <file>rtsv7M3_T_le_eabi.lib</file>
         <name>rand.obj</name>
      </input_file>
      <input_file id="fl-15d">
         <path>C:\ti\ccsv6\tools\compiler\ti-cgt-arm_5.2.5\lib\</path>
         <kind>archive</kind>
         <file>rtsv7M3_T_le_eabi.lib</file>
         <name>stkdepth_vars.obj</name>
      </input_file>
      <input_file id="fl-15e">
         <path>C:\ti\ccsv6\tools\compiler\ti-cgt-arm_5.2.5\lib\</path>
         <kind>archive</kind>
         <file>rtsv7M3_T_le_eabi.lib</file>
         <name>time.obj</name>
      </input_file>
      <input_file id="fl-15f">
         <path>C:\ti\ccsv6\tools\compiler\ti-cgt-arm_5.2.5\lib\</path>
         <kind>archive</kind>
         <file>rtsv7M3_T_le_eabi.lib</file>
         <name>trgdrv.obj</name>
      </input_file>
      <input_file id="fl-160">
         <path>C:\ti\ccsv6\tools\compiler\ti-cgt-arm_5.2.5\lib\</path>
         <kind>archive</kind>
         <file>rtsv7M3_T_le_eabi.lib</file>
         <name>trgmsg.obj</name>
      </input_file>
      <input_file id="fl-161">
         <path>C:\ti\ccsv6\tools\compiler\ti-cgt-arm_5.2.5\lib\</path>
         <kind>archive</kind>
         <file>rtsv7M3_T_le_eabi.lib</file>
         <name>u_divt2.obj</name>
      </input_file>
      <input_file id="fl-162">
         <path>C:\ti\ccsv6\tools\compiler\ti-cgt-arm_5.2.5\lib\</path>
         <kind>archive</kind>
         <file>rtsv7M3_T_le_eabi.lib</file>
         <name>_lock.obj</name>
      </input_file>
      <input_file id="fl-163">
         <path>C:\ti\ccsv6\tools\compiler\ti-cgt-arm_5.2.5\lib\</path>
         <kind>archive</kind>
         <file>rtsv7M3_T_le_eabi.lib</file>
         <name>args_main.obj</name>
      </input_file>
      <input_file id="fl-164">
         <path>C:\ti\ccsv6\tools\compiler\ti-cgt-arm_5.2.5\lib\</path>
         <kind>archive</kind>
         <file>rtsv7M3_T_le_eabi.lib</file>
         <name>autoinit.obj</name>
      </input_file>
      <input_file id="fl-165">
         <path>C:\ti\ccsv6\tools\compiler\ti-cgt-arm_5.2.5\lib\</path>
         <kind>archive</kind>
         <file>rtsv7M3_T_le_eabi.lib</file>
         <name>cpy_tbl.obj</name>
      </input_file>
      <input_file id="fl-166">
         <path>C:\ti\ccsv6\tools\compiler\ti-cgt-arm_5.2.5\lib\</path>
         <kind>archive</kind>
         <file>rtsv7M3_T_le_eabi.lib</file>
         <name>i_div0.obj</name>
      </input_file>
      <input_file id="fl-167">
         <path>C:\ti\ccsv6\tools\compiler\ti-cgt-arm_5.2.5\lib\</path>
         <kind>archive</kind>
         <file>rtsv7M3_T_le_eabi.lib</file>
         <name>strcpy.obj</name>
      </input_file>
      <input_file id="fl-168">
         <path>C:\ti\ccsv6\tools\compiler\ti-cgt-arm_5.2.5\lib\</path>
         <kind>archive</kind>
         <file>rtsv7M3_T_le_eabi.lib</file>
         <name>strlen.obj</name>
      </input_file>
   </input_file_list>
   <object_component_list>
      <object_component id="oc-12">
         <name>.intvecs</name>
         <load_address>0x200000</load_address>
         <run_address>0x200000</run_address>
         <size>0x100</size>
         <input_file_ref idref="fl-3"/>
      </object_component>
      <object_component id="oc-f1">
         <name>.text</name>
         <load_address>0x200100</load_address>
         <run_address>0x200100</run_address>
         <size>0x9bc</size>
         <input_file_ref idref="fl-13"/>
      </object_component>
      <object_component id="oc-de">
         <name>.text</name>
         <load_address>0x200abc</load_address>
         <run_address>0x200abc</run_address>
         <size>0x644</size>
         <input_file_ref idref="fl-9"/>
      </object_component>
      <object_component id="oc-103">
         <name>.text</name>
         <load_address>0x201100</load_address>
         <run_address>0x201100</run_address>
         <size>0x5d8</size>
         <input_file_ref idref="fl-6"/>
      </object_component>
      <object_component id="oc-ae">
         <name>.text</name>
         <load_address>0x2016d8</load_address>
         <run_address>0x2016d8</run_address>
         <size>0x578</size>
         <input_file_ref idref="fl-17"/>
      </object_component>
      <object_component id="oc-43">
         <name>.text</name>
         <load_address>0x201c50</load_address>
         <run_address>0x201c50</run_address>
         <size>0x550</size>
         <input_file_ref idref="fl-11"/>
      </object_component>
      <object_component id="oc-fd">
         <name>.text</name>
         <load_address>0x2021a0</load_address>
         <run_address>0x2021a0</run_address>
         <size>0x520</size>
         <input_file_ref idref="fl-14"/>
      </object_component>
      <object_component id="oc-7e">
         <name>.text</name>
         <load_address>0x2026c0</load_address>
         <run_address>0x2026c0</run_address>
         <size>0x4e8</size>
         <input_file_ref idref="fl-5"/>
      </object_component>
      <object_component id="oc-9e">
         <name>.text</name>
         <load_address>0x202ba8</load_address>
         <run_address>0x202ba8</run_address>
         <size>0x408</size>
         <input_file_ref idref="fl-10"/>
      </object_component>
      <object_component id="oc-3d">
         <name>.text</name>
         <load_address>0x202fb0</load_address>
         <run_address>0x202fb0</run_address>
         <size>0x2f8</size>
         <input_file_ref idref="fl-e"/>
      </object_component>
      <object_component id="oc-1c2">
         <name>.text</name>
         <load_address>0x2032a8</load_address>
         <run_address>0x2032a8</run_address>
         <size>0x2d4</size>
         <input_file_ref idref="fl-15f"/>
      </object_component>
      <object_component id="oc-37">
         <name>.text</name>
         <load_address>0x20357c</load_address>
         <run_address>0x20357c</run_address>
         <size>0x1d0</size>
         <input_file_ref idref="fl-4"/>
      </object_component>
      <object_component id="oc-199">
         <name>.text</name>
         <load_address>0x20374c</load_address>
         <run_address>0x20374c</run_address>
         <size>0x1ba</size>
         <input_file_ref idref="fl-1a"/>
      </object_component>
      <object_component id="oc-232">
         <name>.text</name>
         <load_address>0x203906</load_address>
         <run_address>0x203906</run_address>
         <size>0x2</size>
         <input_file_ref idref="fl-166"/>
      </object_component>
      <object_component id="oc-eb">
         <name>.text</name>
         <load_address>0x203908</load_address>
         <run_address>0x203908</run_address>
         <size>0x174</size>
         <input_file_ref idref="fl-19"/>
      </object_component>
      <object_component id="oc-17a">
         <name>.text:ioPinIntRegister</name>
         <load_address>0x203a7c</load_address>
         <run_address>0x203a7c</run_address>
         <size>0x154</size>
         <input_file_ref idref="fl-28"/>
      </object_component>
      <object_component id="oc-a4">
         <name>.text</name>
         <load_address>0x203bd0</load_address>
         <run_address>0x203bd0</run_address>
         <size>0x114</size>
         <input_file_ref idref="fl-15"/>
      </object_component>
      <object_component id="oc-9b">
         <name>.text:bspUartOpen</name>
         <load_address>0x203ce4</load_address>
         <run_address>0x203ce4</run_address>
         <size>0xfc</size>
         <input_file_ref idref="fl-24"/>
      </object_component>
      <object_component id="oc-aa">
         <name>.text:bspKeyPushed</name>
         <load_address>0x203de0</load_address>
         <run_address>0x203de0</run_address>
         <size>0xf4</size>
         <input_file_ref idref="fl-26"/>
      </object_component>
      <object_component id="oc-7c">
         <name>.text:IOCPinConfigPeriphInput</name>
         <load_address>0x203ed4</load_address>
         <run_address>0x203ed4</run_address>
         <size>0xe4</size>
         <input_file_ref idref="fl-2d"/>
      </object_component>
      <object_component id="oc-31">
         <name>.text</name>
         <load_address>0x203fb8</load_address>
         <run_address>0x203fb8</run_address>
         <size>0xe0</size>
         <input_file_ref idref="fl-18"/>
      </object_component>
      <object_component id="oc-241">
         <name>.text:ioPortAIsr</name>
         <load_address>0x204098</load_address>
         <run_address>0x204098</run_address>
         <size>0xc8</size>
         <input_file_ref idref="fl-28"/>
      </object_component>
      <object_component id="oc-240">
         <name>.text:ioPortBIsr</name>
         <load_address>0x204160</load_address>
         <run_address>0x204160</run_address>
         <size>0xc8</size>
         <input_file_ref idref="fl-28"/>
      </object_component>
      <object_component id="oc-23f">
         <name>.text:ioPortCIsr</name>
         <load_address>0x204228</load_address>
         <run_address>0x204228</run_address>
         <size>0xc8</size>
         <input_file_ref idref="fl-28"/>
      </object_component>
      <object_component id="oc-23e">
         <name>.text:ioPortDIsr</name>
         <load_address>0x2042f0</load_address>
         <run_address>0x2042f0</run_address>
         <size>0xc8</size>
         <input_file_ref idref="fl-28"/>
      </object_component>
      <object_component id="oc-25b">
         <name>.text</name>
         <load_address>0x2043b8</load_address>
         <run_address>0x2043b8</run_address>
         <size>0xc8</size>
         <input_file_ref idref="fl-1c"/>
      </object_component>
      <object_component id="oc-19f">
         <name>.text</name>
         <load_address>0x204480</load_address>
         <run_address>0x204480</run_address>
         <size>0xc4</size>
         <input_file_ref idref="fl-1b"/>
      </object_component>
      <object_component id="oc-52">
         <name>.text</name>
         <load_address>0x204544</load_address>
         <run_address>0x204544</run_address>
         <size>0x9c</size>
         <input_file_ref idref="fl-158"/>
      </object_component>
      <object_component id="oc-17c">
         <name>.text:bspKeyDirPushedISR</name>
         <load_address>0x2045e0</load_address>
         <run_address>0x2045e0</run_address>
         <size>0x94</size>
         <input_file_ref idref="fl-26"/>
      </object_component>
      <object_component id="oc-98">
         <name>.text:bspKeyInit</name>
         <load_address>0x204674</load_address>
         <run_address>0x204674</run_address>
         <size>0x90</size>
         <input_file_ref idref="fl-26"/>
      </object_component>
      <object_component id="oc-201">
         <name>.text</name>
         <load_address>0x204704</load_address>
         <run_address>0x204704</run_address>
         <size>0x80</size>
         <input_file_ref idref="fl-8"/>
      </object_component>
      <object_component id="oc-6b">
         <name>.text</name>
         <load_address>0x204784</load_address>
         <run_address>0x204784</run_address>
         <size>0x7a</size>
         <input_file_ref idref="fl-15a"/>
      </object_component>
      <object_component id="oc-15a">
         <name>.text:IOCPadConfigSet</name>
         <load_address>0x204800</load_address>
         <run_address>0x204800</run_address>
         <size>0x74</size>
         <input_file_ref idref="fl-2d"/>
      </object_component>
      <object_component id="oc-7a">
         <name>.text:IOCPinConfigPeriphOutput</name>
         <load_address>0x204874</load_address>
         <run_address>0x204874</run_address>
         <size>0x74</size>
         <input_file_ref idref="fl-2d"/>
      </object_component>
      <object_component id="oc-15">
         <name>.text</name>
         <load_address>0x2048e8</load_address>
         <run_address>0x2048e8</run_address>
         <size>0x6c</size>
         <input_file_ref idref="fl-3"/>
      </object_component>
      <object_component id="oc-128">
         <name>.text</name>
         <load_address>0x204954</load_address>
         <run_address>0x204954</run_address>
         <size>0x6c</size>
         <input_file_ref idref="fl-164"/>
      </object_component>
      <object_component id="oc-5e">
         <name>.text</name>
         <load_address>0x2049c0</load_address>
         <run_address>0x2049c0</run_address>
         <size>0x6a</size>
         <input_file_ref idref="fl-155"/>
      </object_component>
      <object_component id="oc-8b">
         <name>.text:SysCtrlDeepSleep</name>
         <load_address>0x204a2c</load_address>
         <run_address>0x204a2c</run_address>
         <size>0x68</size>
         <input_file_ref idref="fl-2a"/>
      </object_component>
      <object_component id="oc-17d">
         <name>.text:bspKeySelPushedISR</name>
         <load_address>0x204a94</load_address>
         <run_address>0x204a94</run_address>
         <size>0x68</size>
         <input_file_ref idref="fl-26"/>
      </object_component>
      <object_component id="oc-26a">
         <name>.text</name>
         <load_address>0x204afc</load_address>
         <run_address>0x204afc</run_address>
         <size>0x68</size>
         <input_file_ref idref="fl-160"/>
      </object_component>
      <object_component id="oc-1db">
         <name>.text:IntDisable</name>
         <load_address>0x204b64</load_address>
         <run_address>0x204b64</run_address>
         <size>0x60</size>
         <input_file_ref idref="fl-2e"/>
      </object_component>
      <object_component id="oc-87">
         <name>.text:IntEnable</name>
         <load_address>0x204bc4</load_address>
         <run_address>0x204bc4</run_address>
         <size>0x60</size>
         <input_file_ref idref="fl-2e"/>
      </object_component>
      <object_component id="oc-b7">
         <name>.text:TimerIntRegister</name>
         <load_address>0x204c24</load_address>
         <run_address>0x204c24</run_address>
         <size>0x5c</size>
         <input_file_ref idref="fl-2f"/>
      </object_component>
      <object_component id="oc-b4">
         <name>.text:SysCtrlClockSet</name>
         <load_address>0x204c80</load_address>
         <run_address>0x204c80</run_address>
         <size>0x58</size>
         <input_file_ref idref="fl-2a"/>
      </object_component>
      <object_component id="oc-dd">
         <name>.text:SysCtrlClockGet</name>
         <load_address>0x204cd8</load_address>
         <run_address>0x204cd8</run_address>
         <size>0x50</size>
         <input_file_ref idref="fl-2a"/>
      </object_component>
      <object_component id="oc-246">
         <name>.text:bspKeyTimerISR</name>
         <load_address>0x204d28</load_address>
         <run_address>0x204d28</run_address>
         <size>0x50</size>
         <input_file_ref idref="fl-26"/>
      </object_component>
      <object_component id="oc-21b">
         <name>.text</name>
         <load_address>0x204d78</load_address>
         <run_address>0x204d78</run_address>
         <size>0x4c</size>
         <input_file_ref idref="fl-165"/>
      </object_component>
      <object_component id="oc-d7">
         <name>.text</name>
         <load_address>0x204dc4</load_address>
         <run_address>0x204dc4</run_address>
         <size>0x4c</size>
         <input_file_ref idref="fl-15c"/>
      </object_component>
      <object_component id="oc-ba">
         <name>.text:bspKeyIntRegister</name>
         <load_address>0x204e10</load_address>
         <run_address>0x204e10</run_address>
         <size>0x48</size>
         <input_file_ref idref="fl-26"/>
      </object_component>
      <object_component id="oc-134">
         <name>.text</name>
         <load_address>0x204e58</load_address>
         <run_address>0x204e58</run_address>
         <size>0x44</size>
         <input_file_ref idref="fl-157"/>
      </object_component>
      <object_component id="oc-1dc">
         <name>.text:IntPendClear</name>
         <load_address>0x204e9c</load_address>
         <run_address>0x204e9c</run_address>
         <size>0x40</size>
         <input_file_ref idref="fl-2e"/>
      </object_component>
      <object_component id="oc-169">
         <name>.text</name>
         <load_address>0x204edc</load_address>
         <run_address>0x204edc</run_address>
         <size>0x40</size>
         <input_file_ref idref="fl-161"/>
      </object_component>
      <object_component id="oc-17b">
         <name>.text:GPIOIntTypeSet</name>
         <load_address>0x204f1c</load_address>
         <run_address>0x204f1c</run_address>
         <size>0x3e</size>
         <input_file_ref idref="fl-30"/>
      </object_component>
      <object_component id="oc-f7">
         <name>.text</name>
         <load_address>0x204f5a</load_address>
         <run_address>0x204f5a</run_address>
         <size>0x3e</size>
         <input_file_ref idref="fl-7"/>
      </object_component>
      <object_component id="oc-15f">
         <name>.text:UARTConfigSetExpClk</name>
         <load_address>0x204f98</load_address>
         <run_address>0x204f98</run_address>
         <size>0x3c</size>
         <input_file_ref idref="fl-29"/>
      </object_component>
      <object_component id="oc-99">
         <name>.text:bspUartBufInit</name>
         <load_address>0x204fd4</load_address>
         <run_address>0x204fd4</run_address>
         <size>0x3c</size>
         <input_file_ref idref="fl-24"/>
      </object_component>
      <object_component id="oc-4c">
         <name>.text</name>
         <load_address>0x205010</load_address>
         <run_address>0x205010</run_address>
         <size>0x3c</size>
         <input_file_ref idref="fl-153"/>
      </object_component>
      <object_component id="oc-15b">
         <name>.text:SysCtrlPeripheralPresent</name>
         <load_address>0x20504c</load_address>
         <run_address>0x20504c</run_address>
         <size>0x38</size>
         <input_file_ref idref="fl-2a"/>
      </object_component>
      <object_component id="oc-181">
         <name>.text:IntRegister</name>
         <load_address>0x205084</load_address>
         <run_address>0x205084</run_address>
         <size>0x34</size>
         <input_file_ref idref="fl-2e"/>
      </object_component>
      <object_component id="oc-2ce">
         <name>.text:GPIOGetIntNumber</name>
         <load_address>0x2050b8</load_address>
         <run_address>0x2050b8</run_address>
         <size>0x30</size>
         <input_file_ref idref="fl-30"/>
      </object_component>
      <object_component id="oc-89">
         <name>.text:SleepModeTimerCompareSet</name>
         <load_address>0x2050e8</load_address>
         <run_address>0x2050e8</run_address>
         <size>0x30</size>
         <input_file_ref idref="fl-2c"/>
      </object_component>
      <object_component id="oc-9c">
         <name>.text:bspAssert</name>
         <load_address>0x205118</load_address>
         <run_address>0x205118</run_address>
         <size>0x30</size>
         <input_file_ref idref="fl-27"/>
      </object_component>
      <object_component id="oc-bb">
         <name>.text:bspKeyIntEnable</name>
         <load_address>0x205148</load_address>
         <run_address>0x205148</run_address>
         <size>0x30</size>
         <input_file_ref idref="fl-26"/>
      </object_component>
      <object_component id="oc-159">
         <name>.text:GPIODirModeSet</name>
         <load_address>0x205178</load_address>
         <run_address>0x205178</run_address>
         <size>0x2a</size>
         <input_file_ref idref="fl-30"/>
      </object_component>
      <object_component id="oc-b6">
         <name>.text:TimerConfigure</name>
         <load_address>0x2051a4</load_address>
         <run_address>0x2051a4</run_address>
         <size>0x28</size>
         <input_file_ref idref="fl-2f"/>
      </object_component>
      <object_component id="oc-1d7">
         <name>.text:IntPrioritySet</name>
         <load_address>0x2051cc</load_address>
         <run_address>0x2051cc</run_address>
         <size>0x24</size>
         <input_file_ref idref="fl-2e"/>
      </object_component>
      <object_component id="oc-245">
         <name>.text:bspKeyTimerEnable</name>
         <load_address>0x2051f0</load_address>
         <run_address>0x2051f0</run_address>
         <size>0x24</size>
         <input_file_ref idref="fl-26"/>
      </object_component>
      <object_component id="oc-ab">
         <name>.text:bspLedToggle</name>
         <load_address>0x205214</load_address>
         <run_address>0x205214</run_address>
         <size>0x24</size>
         <input_file_ref idref="fl-25"/>
      </object_component>
      <object_component id="oc-2d6">
         <name>.text</name>
         <load_address>0x205238</load_address>
         <run_address>0x205238</run_address>
         <size>0x22</size>
         <input_file_ref idref="fl-159"/>
      </object_component>
      <object_component id="oc-84">
         <name>.text:SysCtrlPeripheralDeepSleepDisable</name>
         <load_address>0x20525c</load_address>
         <run_address>0x20525c</run_address>
         <size>0x20</size>
         <input_file_ref idref="fl-2a"/>
      </object_component>
      <object_component id="oc-97">
         <name>.text:SysCtrlPeripheralEnable</name>
         <load_address>0x20527c</load_address>
         <run_address>0x20527c</run_address>
         <size>0x20</size>
         <input_file_ref idref="fl-2a"/>
      </object_component>
      <object_component id="oc-9a">
         <name>.text:UARTIntRegister</name>
         <load_address>0x20529c</load_address>
         <run_address>0x20529c</run_address>
         <size>0x20</size>
         <input_file_ref idref="fl-29"/>
      </object_component>
      <object_component id="oc-88">
         <name>.text:SleepModeTimerCountGet</name>
         <load_address>0x2052bc</load_address>
         <run_address>0x2052bc</run_address>
         <size>0x1c</size>
         <input_file_ref idref="fl-2c"/>
      </object_component>
      <object_component id="oc-15c">
         <name>.text:UARTDisable</name>
         <load_address>0x2052d8</load_address>
         <run_address>0x2052d8</run_address>
         <size>0x1c</size>
         <input_file_ref idref="fl-29"/>
      </object_component>
      <object_component id="oc-17f">
         <name>.text:buBufFlush</name>
         <load_address>0x2052f4</load_address>
         <run_address>0x2052f4</run_address>
         <size>0x1c</size>
         <input_file_ref idref="fl-24"/>
      </object_component>
      <object_component id="oc-23b">
         <name>.text:GPIOPortIntRegister</name>
         <load_address>0x205310</load_address>
         <run_address>0x205310</run_address>
         <size>0x18</size>
         <input_file_ref idref="fl-30"/>
      </object_component>
      <object_component id="oc-12e">
         <name>.text</name>
         <load_address>0x205328</load_address>
         <run_address>0x205328</run_address>
         <size>0x18</size>
         <input_file_ref idref="fl-163"/>
      </object_component>
      <object_component id="oc-276">
         <name>.text</name>
         <load_address>0x205340</load_address>
         <run_address>0x205340</run_address>
         <size>0x16</size>
         <input_file_ref idref="fl-167"/>
      </object_component>
      <object_component id="oc-b5">
         <name>.text:SysCtrlIOClockSet</name>
         <load_address>0x205358</load_address>
         <run_address>0x205358</run_address>
         <size>0x14</size>
         <input_file_ref idref="fl-2a"/>
      </object_component>
      <object_component id="oc-160">
         <name>.text:UARTEnable</name>
         <load_address>0x20536c</load_address>
         <run_address>0x20536c</run_address>
         <size>0x14</size>
         <input_file_ref idref="fl-29"/>
      </object_component>
      <object_component id="oc-28c">
         <name>.text</name>
         <load_address>0x205380</load_address>
         <run_address>0x205380</run_address>
         <size>0x14</size>
         <input_file_ref idref="fl-162"/>
      </object_component>
      <object_component id="oc-270">
         <name>.text</name>
         <load_address>0x205394</load_address>
         <run_address>0x205394</run_address>
         <size>0x14</size>
         <input_file_ref idref="fl-168"/>
      </object_component>
      <object_component id="oc-b8">
         <name>.text:TimerLoadSet</name>
         <load_address>0x2053a8</load_address>
         <run_address>0x2053a8</run_address>
         <size>0x12</size>
         <input_file_ref idref="fl-2f"/>
      </object_component>
      <object_component id="oc-244">
         <name>.text:bspKeyTimerIntRegister</name>
         <load_address>0x2053ba</load_address>
         <run_address>0x2053ba</run_address>
         <size>0x12</size>
         <input_file_ref idref="fl-26"/>
      </object_component>
      <object_component id="oc-86">
         <name>.text:GPIOIntWakeupEnable</name>
         <load_address>0x2053cc</load_address>
         <run_address>0x2053cc</run_address>
         <size>0x10</size>
         <input_file_ref idref="fl-30"/>
      </object_component>
      <object_component id="oc-178">
         <name>.text:GPIOPinTypeGPIOInput</name>
         <load_address>0x2053dc</load_address>
         <run_address>0x2053dc</run_address>
         <size>0x10</size>
         <input_file_ref idref="fl-30"/>
      </object_component>
      <object_component id="oc-7d">
         <name>.text:GPIOPinTypeUARTInput</name>
         <load_address>0x2053ec</load_address>
         <run_address>0x2053ec</run_address>
         <size>0x10</size>
         <input_file_ref idref="fl-30"/>
      </object_component>
      <object_component id="oc-7b">
         <name>.text:GPIOPinTypeUARTOutput</name>
         <load_address>0x2053fc</load_address>
         <run_address>0x2053fc</run_address>
         <size>0x10</size>
         <input_file_ref idref="fl-30"/>
      </object_component>
      <object_component id="oc-242">
         <name>.text:bspKeyTimerDisable</name>
         <load_address>0x20540c</load_address>
         <run_address>0x20540c</run_address>
         <size>0x10</size>
         <input_file_ref idref="fl-26"/>
      </object_component>
      <object_component id="oc-179">
         <name>.text:GPIOPinIntDisable</name>
         <load_address>0x20541c</load_address>
         <run_address>0x20541c</run_address>
         <size>0xe</size>
         <input_file_ref idref="fl-30"/>
      </object_component>
      <object_component id="oc-243">
         <name>.text:GPIOPinIntStatus</name>
         <load_address>0x20542a</load_address>
         <run_address>0x20542a</run_address>
         <size>0xe</size>
         <input_file_ref idref="fl-30"/>
      </object_component>
      <object_component id="oc-bc">
         <name>.text:TimerEnable</name>
         <load_address>0x205438</load_address>
         <run_address>0x205438</run_address>
         <size>0xe</size>
         <input_file_ref idref="fl-2f"/>
      </object_component>
      <object_component id="oc-1b">
         <name>.text:decompress:none</name>
         <load_address>0x205446</load_address>
         <run_address>0x205446</run_address>
         <size>0xe</size>
         <input_file_ref idref="fl-154"/>
      </object_component>
      <object_component id="oc-d1">
         <name>.text</name>
         <load_address>0x205454</load_address>
         <run_address>0x205454</run_address>
         <size>0xe</size>
         <input_file_ref idref="fl-15e"/>
      </object_component>
      <object_component id="oc-198">
         <name>.text:CPUcpsid</name>
         <load_address>0x205462</load_address>
         <run_address>0x205462</run_address>
         <size>0xc</size>
         <input_file_ref idref="fl-31"/>
      </object_component>
      <object_component id="oc-9d">
         <name>.text:CPUcpsie</name>
         <load_address>0x20546e</load_address>
         <run_address>0x20546e</run_address>
         <size>0xc</size>
         <input_file_ref idref="fl-31"/>
      </object_component>
      <object_component id="oc-1aa">
         <name>.text:GPIOPinIntEnable</name>
         <load_address>0x20547a</load_address>
         <run_address>0x20547a</run_address>
         <size>0xc</size>
         <input_file_ref idref="fl-30"/>
      </object_component>
      <object_component id="oc-85">
         <name>.text:SysCtrlPowerModeSet</name>
         <load_address>0x205488</load_address>
         <run_address>0x205488</run_address>
         <size>0xc</size>
         <input_file_ref idref="fl-2a"/>
      </object_component>
      <object_component id="oc-182">
         <name>.text:UARTTxIntModeSet</name>
         <load_address>0x205494</load_address>
         <run_address>0x205494</run_address>
         <size>0xc</size>
         <input_file_ref idref="fl-29"/>
      </object_component>
      <object_component id="oc-27">
         <name>.text:decompress:ZI</name>
         <load_address>0x2054a0</load_address>
         <run_address>0x2054a0</run_address>
         <size>0xc</size>
         <input_file_ref idref="fl-156"/>
      </object_component>
      <object_component id="oc-162">
         <name>.text:UARTCharGet</name>
         <load_address>0x2054ac</load_address>
         <run_address>0x2054ac</run_address>
         <size>0xa</size>
         <input_file_ref idref="fl-29"/>
      </object_component>
      <object_component id="oc-161">
         <name>.text:UARTCharPut</name>
         <load_address>0x2054b6</load_address>
         <run_address>0x2054b6</run_address>
         <size>0xa</size>
         <input_file_ref idref="fl-29"/>
      </object_component>
      <object_component id="oc-15d">
         <name>.text:UARTIntDisable</name>
         <load_address>0x2054c0</load_address>
         <run_address>0x2054c0</run_address>
         <size>0xa</size>
         <input_file_ref idref="fl-29"/>
      </object_component>
      <object_component id="oc-ac">
         <name>.text:UARTIntStatus</name>
         <load_address>0x2054ca</load_address>
         <run_address>0x2054ca</run_address>
         <size>0xa</size>
         <input_file_ref idref="fl-29"/>
      </object_component>
      <object_component id="oc-b9">
         <name>.text:TimerIntEnable</name>
         <load_address>0x2054d4</load_address>
         <run_address>0x2054d4</run_address>
         <size>0x8</size>
         <input_file_ref idref="fl-2f"/>
      </object_component>
      <object_component id="oc-8a">
         <name>.text:UARTBusy</name>
         <load_address>0x2054dc</load_address>
         <run_address>0x2054dc</run_address>
         <size>0x8</size>
         <input_file_ref idref="fl-29"/>
      </object_component>
      <object_component id="oc-184">
         <name>.text:UARTIntEnable</name>
         <load_address>0x2054e4</load_address>
         <run_address>0x2054e4</run_address>
         <size>0x8</size>
         <input_file_ref idref="fl-29"/>
      </object_component>
      <object_component id="oc-23c">
         <name>.text:GPIOPinIntClear</name>
         <load_address>0x2054ec</load_address>
         <run_address>0x2054ec</run_address>
         <size>0x6</size>
         <input_file_ref idref="fl-30"/>
      </object_component>
      <object_component id="oc-197">
         <name>.text:GPIOPinRead</name>
         <load_address>0x2054f2</load_address>
         <run_address>0x2054f2</run_address>
         <size>0x6</size>
         <input_file_ref idref="fl-30"/>
      </object_component>
      <object_component id="oc-185">
         <name>.text:GPIOPinWrite</name>
         <load_address>0x2054f8</load_address>
         <run_address>0x2054f8</run_address>
         <size>0x6</size>
         <input_file_ref idref="fl-30"/>
      </object_component>
      <object_component id="oc-112">
         <name>.text:SysCtrlDelay</name>
         <load_address>0x2054fe</load_address>
         <run_address>0x2054fe</run_address>
         <size>0x6</size>
         <input_file_ref idref="fl-2a"/>
      </object_component>
      <object_component id="oc-15e">
         <name>.text:UARTClockSourceSet</name>
         <load_address>0x205504</load_address>
         <run_address>0x205504</run_address>
         <size>0x6</size>
         <input_file_ref idref="fl-29"/>
      </object_component>
      <object_component id="oc-183">
         <name>.text:UARTFIFOLevelSet</name>
         <load_address>0x20550a</load_address>
         <run_address>0x20550a</run_address>
         <size>0x6</size>
         <input_file_ref idref="fl-29"/>
      </object_component>
      <object_component id="oc-21">
         <name>.text:decompress:rle24</name>
         <load_address>0x205510</load_address>
         <run_address>0x205510</run_address>
         <size>0x6</size>
         <input_file_ref idref="fl-155"/>
      </object_component>
      <object_component id="oc-177">
         <name>.text:CPUwfi</name>
         <load_address>0x205516</load_address>
         <run_address>0x205516</run_address>
         <size>0x4</size>
         <input_file_ref idref="fl-31"/>
      </object_component>
      <object_component id="oc-bd">
         <name>.text:TimerIntClear</name>
         <load_address>0x20551a</load_address>
         <run_address>0x20551a</run_address>
         <size>0x4</size>
         <input_file_ref idref="fl-2f"/>
      </object_component>
      <object_component id="oc-ad">
         <name>.text:UARTIntClear</name>
         <load_address>0x20551e</load_address>
         <run_address>0x20551e</run_address>
         <size>0x4</size>
         <input_file_ref idref="fl-29"/>
      </object_component>
      <object_component id="oc-122">
         <name>.text</name>
         <load_address>0x205522</load_address>
         <run_address>0x205522</run_address>
         <size>0x4</size>
         <input_file_ref idref="fl-15b"/>
      </object_component>
      <object_component id="oc-158">
         <name>.const</name>
         <load_address>0x205528</load_address>
         <run_address>0x205528</run_address>
         <size>0x100</size>
         <input_file_ref idref="fl-2d"/>
      </object_component>
      <object_component id="oc-29a">
         <name>.const:g_pui32Regs</name>
         <load_address>0x205628</load_address>
         <run_address>0x205628</run_address>
         <size>0xa4</size>
         <input_file_ref idref="fl-2e"/>
      </object_component>
      <object_component id="oc-175">
         <name>.const</name>
         <load_address>0x2056cc</load_address>
         <run_address>0x2056cc</run_address>
         <size>0x74</size>
         <input_file_ref idref="fl-2a"/>
      </object_component>
      <object_component id="oc-176">
         <name>.const</name>
         <load_address>0x205740</load_address>
         <run_address>0x205740</run_address>
         <size>0x70</size>
         <input_file_ref idref="fl-2e"/>
      </object_component>
      <object_component id="oc-163">
         <name>.const</name>
         <load_address>0x2057b0</load_address>
         <run_address>0x2057b0</run_address>
         <size>0x14</size>
         <input_file_ref idref="fl-5"/>
      </object_component>
      <object_component id="oc-22d">
         <name>.const:.string</name>
         <load_address>0x2057c4</load_address>
         <run_address>0x2057c4</run_address>
         <size>0x12</size>
         <input_file_ref idref="fl-5"/>
      </object_component>
      <object_component id="oc-342">
         <name>.cinit..data.load</name>
         <load_address>0x2057d8</load_address>
         <run_address>0x2057d8</run_address>
         <size>0x57</size>
      </object_component>
      <object_component id="oc-33f">
         <name>__TI_handler_table</name>
         <load_address>0x205830</load_address>
         <run_address>0x205830</run_address>
         <size>0xc</size>
      </object_component>
      <object_component id="oc-343">
         <name>.cinit..bss.load</name>
         <load_address>0x205840</load_address>
         <run_address>0x205840</run_address>
         <size>0x8</size>
      </object_component>
      <object_component id="oc-341">
         <name>.cinit..vtable.load</name>
         <load_address>0x205848</load_address>
         <run_address>0x205848</run_address>
         <size>0x8</size>
      </object_component>
      <object_component id="oc-340">
         <name>__TI_cinit_table</name>
         <load_address>0x205850</load_address>
         <run_address>0x205850</run_address>
         <size>0x18</size>
      </object_component>
      <object_component id="oc-2d">
         <name>.flashcca:retain</name>
         <load_address>0x27ffd4</load_address>
         <run_address>0x27ffd4</run_address>
         <size>0xc</size>
         <input_file_ref idref="fl-2"/>
      </object_component>
      <object_component id="oc-247">
         <name>.vtable</name>
         <uninitialized>true</uninitialized>
         <run_address>0x20004000</run_address>
         <size>0x100</size>
         <input_file_ref idref="fl-2e"/>
      </object_component>
      <object_component id="oc-30">
         <name>.stack</name>
         <uninitialized>true</uninitialized>
         <run_address>0x20007f00</run_address>
         <size>0x0</size>
         <input_file_ref idref="fl-153"/>
      </object_component>
      <object_component id="oc-344">
         <name>.stack</name>
         <uninitialized>true</uninitialized>
         <run_address>0x20007f00</run_address>
         <size>0x0</size>
      </object_component>
      <object_component id="oc-1fe">
         <name>.bss:txMpdu</name>
         <uninitialized>true</uninitialized>
         <run_address>0x20005168</run_address>
         <size>0x74</size>
         <input_file_ref idref="fl-6"/>
      </object_component>
      <object_component id="oc-207">
         <name>.bss:rxMpdu</name>
         <uninitialized>true</uninitialized>
         <run_address>0x20005068</run_address>
         <size>0x80</size>
         <input_file_ref idref="fl-6"/>
      </object_component>
      <object_component id="oc-20a">
         <name>.bss:get_hdr</name>
         <uninitialized>true</uninitialized>
         <run_address>0x20005270</run_address>
         <size>0x38</size>
         <input_file_ref idref="fl-6"/>
      </object_component>
      <object_component id="oc-186">
         <name>.bss:pcb</name>
         <uninitialized>true</uninitialized>
         <run_address>0x200051e0</run_address>
         <size>0x58</size>
         <input_file_ref idref="fl-10"/>
      </object_component>
      <object_component id="oc-189">
         <name>.bss:pib</name>
         <uninitialized>true</uninitialized>
         <run_address>0x200052a8</run_address>
         <size>0x38</size>
         <input_file_ref idref="fl-10"/>
      </object_component>
      <object_component id="oc-18c">
         <name>.bss:desc</name>
         <uninitialized>true</uninitialized>
         <run_address>0x200052e0</run_address>
         <size>0x30</size>
         <input_file_ref idref="fl-10"/>
      </object_component>
      <object_component id="oc-10f">
         <name>.bss:rxMpdu</name>
         <uninitialized>true</uninitialized>
         <run_address>0x200050e8</run_address>
         <size>0x80</size>
         <input_file_ref idref="fl-11"/>
      </object_component>
      <object_component id="oc-109">
         <name>.bss:get_hders</name>
         <uninitialized>true</uninitialized>
         <run_address>0x20005238</run_address>
         <size>0x38</size>
         <input_file_ref idref="fl-11"/>
      </object_component>
      <object_component id="oc-1ea">
         <name>.bss:buf_pool</name>
         <uninitialized>true</uninitialized>
         <run_address>0x20004900</run_address>
         <size>0x360</size>
         <input_file_ref idref="fl-19"/>
      </object_component>
      <object_component id="oc-261">
         <name>.bss:mem_ptr_pool</name>
         <uninitialized>true</uninitialized>
         <run_address>0x20004c60</run_address>
         <size>0x258</size>
         <input_file_ref idref="fl-1b"/>
      </object_component>
      <object_component id="oc-2df">
         <name>.bss:memory</name>
         <uninitialized>true</uninitialized>
         <run_address>0x20004100</run_address>
         <size>0x800</size>
         <input_file_ref idref="fl-1c"/>
      </object_component>
      <object_component id="oc-180">
         <name>.bss</name>
         <uninitialized>true</uninitialized>
         <run_address>0x20005310</run_address>
         <size>0x2c</size>
         <input_file_ref idref="fl-24"/>
      </object_component>
      <object_component id="oc-17e">
         <name>.bss</name>
         <uninitialized>true</uninitialized>
         <run_address>0x2000533c</run_address>
         <size>0x20</size>
         <input_file_ref idref="fl-26"/>
      </object_component>
      <object_component id="oc-23d">
         <name>.bss</name>
         <uninitialized>true</uninitialized>
         <run_address>0x20004fd8</run_address>
         <size>0x90</size>
         <input_file_ref idref="fl-28"/>
      </object_component>
      <object_component id="oc-2ef">
         <name>.bss:__CIOBUF_</name>
         <uninitialized>true</uninitialized>
         <run_address>0x20004eb8</run_address>
         <size>0x120</size>
         <input_file_ref idref="fl-160"/>
      </object_component>
      <object_component id="oc-be">
         <name>.common:pui8TxBuf</name>
         <uninitialized>true</uninitialized>
         <run_address>0x20005390</run_address>
         <size>0x10</size>
      </object_component>
      <object_component id="oc-c1">
         <name>.common:pui8RxBuf</name>
         <uninitialized>true</uninitialized>
         <run_address>0x20005380</run_address>
         <size>0x10</size>
      </object_component>
      <object_component id="oc-10c">
         <name>.common:get_bufs</name>
         <uninitialized>true</uninitialized>
         <run_address>0x200053ac</run_address>
         <size>0x4</size>
      </object_component>
      <object_component id="oc-1fb">
         <name>.common:pConfig</name>
         <uninitialized>true</uninitialized>
         <run_address>0x200053b0</run_address>
         <size>0x4</size>
      </object_component>
      <object_component id="oc-20d">
         <name>.common:get_buf</name>
         <uninitialized>true</uninitialized>
         <run_address>0x200053a8</run_address>
         <size>0x4</size>
      </object_component>
      <object_component id="oc-1dd">
         <name>.common:pfISR</name>
         <uninitialized>true</uninitialized>
         <run_address>0x200053b4</run_address>
         <size>0x4</size>
      </object_component>
      <object_component id="oc-e7">
         <name>.common:loop</name>
         <uninitialized>true</uninitialized>
         <run_address>0x200053b9</run_address>
         <size>0x1</size>
      </object_component>
      <object_component id="oc-114">
         <name>.common:channel</name>
         <uninitialized>true</uninitialized>
         <run_address>0x200053b8</run_address>
         <size>0x1</size>
      </object_component>
      <object_component id="oc-113">
         <name>.common:Associ_req</name>
         <uninitialized>true</uninitialized>
         <run_address>0x20005360</run_address>
         <size>0x20</size>
      </object_component>
      <object_component id="oc-18f">
         <name>.common:Associ_resp</name>
         <uninitialized>true</uninitialized>
         <run_address>0x200051dc</run_address>
         <size>0x4</size>
      </object_component>
      <object_component id="oc-2e2">
         <name>.common:avail_memory</name>
         <uninitialized>true</uninitialized>
         <run_address>0x2000535c</run_address>
         <size>0x4</size>
      </object_component>
      <object_component id="oc-27c">
         <name>.common:parmbuf</name>
         <uninitialized>true</uninitialized>
         <run_address>0x200053a0</run_address>
         <size>0x8</size>
      </object_component>
      <object_component id="oc-c5">
         <name>.data</name>
         <load_address>0x200053bc</load_address>
         <run_address>0x200053bc</run_address>
         <size>0x40</size>
         <input_file_ref idref="fl-4"/>
      </object_component>
      <object_component id="oc-166">
         <name>.data</name>
         <load_address>0x2000549c</load_address>
         <run_address>0x2000549c</run_address>
         <size>0x5</size>
         <input_file_ref idref="fl-5"/>
      </object_component>
      <object_component id="oc-c8">
         <name>.data</name>
         <load_address>0x20005424</load_address>
         <run_address>0x20005424</run_address>
         <size>0x19</size>
         <input_file_ref idref="fl-6"/>
      </object_component>
      <object_component id="oc-1d8">
         <name>.data</name>
         <load_address>0x2000543d</load_address>
         <run_address>0x2000543d</run_address>
         <size>0x3</size>
         <input_file_ref idref="fl-9"/>
      </object_component>
      <object_component id="oc-e4">
         <name>.data</name>
         <load_address>0x20005454</load_address>
         <run_address>0x20005454</run_address>
         <size>0x10</size>
         <input_file_ref idref="fl-e"/>
      </object_component>
      <object_component id="oc-190">
         <name>.data</name>
         <load_address>0x20005470</load_address>
         <run_address>0x20005470</run_address>
         <size>0xa</size>
         <input_file_ref idref="fl-10"/>
      </object_component>
      <object_component id="oc-c2">
         <name>.data</name>
         <load_address>0x2000547a</load_address>
         <run_address>0x2000547a</run_address>
         <size>0x8</size>
         <input_file_ref idref="fl-11"/>
      </object_component>
      <object_component id="oc-1f3">
         <name>.data</name>
         <load_address>0x20005440</load_address>
         <run_address>0x20005440</run_address>
         <size>0x14</size>
         <input_file_ref idref="fl-14"/>
      </object_component>
      <object_component id="oc-1f6">
         <name>.data:DATA</name>
         <load_address>0x200053fc</load_address>
         <run_address>0x200053fc</run_address>
         <size>0x28</size>
         <input_file_ref idref="fl-14"/>
      </object_component>
      <object_component id="oc-1a5">
         <name>.data</name>
         <load_address>0x20005464</load_address>
         <run_address>0x20005464</run_address>
         <size>0xc</size>
         <input_file_ref idref="fl-17"/>
      </object_component>
      <object_component id="oc-2dc">
         <name>.data</name>
         <load_address>0x20005484</load_address>
         <run_address>0x20005484</run_address>
         <size>0x8</size>
         <input_file_ref idref="fl-1c"/>
      </object_component>
      <object_component id="oc-225">
         <name>.data</name>
         <load_address>0x20005494</load_address>
         <run_address>0x20005494</run_address>
         <size>0x8</size>
         <input_file_ref idref="fl-157"/>
      </object_component>
      <object_component id="oc-1d2">
         <name>.data</name>
         <load_address>0x200054a4</load_address>
         <run_address>0x200054a4</run_address>
         <size>0x4</size>
         <input_file_ref idref="fl-15c"/>
      </object_component>
      <object_component id="oc-13a">
         <name>.data</name>
         <load_address>0x200054a8</load_address>
         <run_address>0x200054a8</run_address>
         <size>0x4</size>
         <input_file_ref idref="fl-15d"/>
      </object_component>
      <object_component id="oc-1cf">
         <name>.data</name>
         <load_address>0x2000548c</load_address>
         <run_address>0x2000548c</run_address>
         <size>0x8</size>
         <input_file_ref idref="fl-162"/>
      </object_component>
      <object_component id="oc-79">
         <name>.debug_info</name>
         <load_address>0x0</load_address>
         <run_address>0x0</run_address>
         <size>0xad</size>
         <input_file_ref idref="fl-2"/>
      </object_component>
      <object_component id="oc-2e">
         <name>.debug_info</name>
         <load_address>0xad</load_address>
         <run_address>0xad</run_address>
         <size>0xbd</size>
         <input_file_ref idref="fl-2"/>
      </object_component>
      <object_component id="oc-153">
         <name>.debug_info</name>
         <load_address>0x16a</load_address>
         <run_address>0x16a</run_address>
         <size>0x7f</size>
         <input_file_ref idref="fl-2"/>
      </object_component>
      <object_component id="oc-11d">
         <name>.debug_info</name>
         <load_address>0x1e9</load_address>
         <run_address>0x1e9</run_address>
         <size>0x84</size>
         <input_file_ref idref="fl-2"/>
      </object_component>
      <object_component id="oc-92">
         <name>.debug_info</name>
         <load_address>0x26d</load_address>
         <run_address>0x26d</run_address>
         <size>0x18b</size>
         <input_file_ref idref="fl-2"/>
      </object_component>
      <object_component id="oc-4b">
         <name>.debug_info</name>
         <load_address>0x3f8</load_address>
         <run_address>0x3f8</run_address>
         <size>0x1e7</size>
         <input_file_ref idref="fl-3"/>
      </object_component>
      <object_component id="oc-13">
         <name>.debug_info</name>
         <load_address>0x5df</load_address>
         <run_address>0x5df</run_address>
         <size>0xd1</size>
         <input_file_ref idref="fl-3"/>
      </object_component>
      <object_component id="oc-16">
         <name>.debug_info</name>
         <load_address>0x6b0</load_address>
         <run_address>0x6b0</run_address>
         <size>0x28c</size>
         <input_file_ref idref="fl-3"/>
      </object_component>
      <object_component id="oc-bf">
         <name>.debug_info</name>
         <load_address>0x93c</load_address>
         <run_address>0x93c</run_address>
         <size>0x7ea</size>
         <input_file_ref idref="fl-4"/>
      </object_component>
      <object_component id="oc-c6">
         <name>.debug_info</name>
         <load_address>0x1126</load_address>
         <run_address>0x1126</run_address>
         <size>0x292</size>
         <input_file_ref idref="fl-4"/>
      </object_component>
      <object_component id="oc-38">
         <name>.debug_info</name>
         <load_address>0x13b8</load_address>
         <run_address>0x13b8</run_address>
         <size>0x640</size>
         <input_file_ref idref="fl-4"/>
      </object_component>
      <object_component id="oc-116">
         <name>.debug_info</name>
         <load_address>0x19f8</load_address>
         <run_address>0x19f8</run_address>
         <size>0xfdd</size>
         <input_file_ref idref="fl-4"/>
      </object_component>
      <object_component id="oc-1b1">
         <name>.debug_info</name>
         <load_address>0x29d5</load_address>
         <run_address>0x29d5</run_address>
         <size>0x1f4</size>
         <input_file_ref idref="fl-4"/>
      </object_component>
      <object_component id="oc-cc">
         <name>.debug_info</name>
         <load_address>0x2bc9</load_address>
         <run_address>0x2bc9</run_address>
         <size>0x1b9</size>
         <input_file_ref idref="fl-4"/>
      </object_component>
      <object_component id="oc-1b8">
         <name>.debug_info</name>
         <load_address>0x2d82</load_address>
         <run_address>0x2d82</run_address>
         <size>0x25b</size>
         <input_file_ref idref="fl-4"/>
      </object_component>
      <object_component id="oc-8d">
         <name>.debug_info</name>
         <load_address>0x2fdd</load_address>
         <run_address>0x2fdd</run_address>
         <size>0x8b</size>
         <input_file_ref idref="fl-4"/>
      </object_component>
      <object_component id="oc-170">
         <name>.debug_info</name>
         <load_address>0x3068</load_address>
         <run_address>0x3068</run_address>
         <size>0x4e</size>
         <input_file_ref idref="fl-4"/>
      </object_component>
      <object_component id="oc-16f">
         <name>.debug_info</name>
         <load_address>0x30b6</load_address>
         <run_address>0x30b6</run_address>
         <size>0x3f1</size>
         <input_file_ref idref="fl-5"/>
      </object_component>
      <object_component id="oc-167">
         <name>.debug_info</name>
         <load_address>0x34a7</load_address>
         <run_address>0x34a7</run_address>
         <size>0xc3</size>
         <input_file_ref idref="fl-5"/>
      </object_component>
      <object_component id="oc-164">
         <name>.debug_info</name>
         <load_address>0x356a</load_address>
         <run_address>0x356a</run_address>
         <size>0x119</size>
         <input_file_ref idref="fl-5"/>
      </object_component>
      <object_component id="oc-7f">
         <name>.debug_info</name>
         <load_address>0x3683</load_address>
         <run_address>0x3683</run_address>
         <size>0x977</size>
         <input_file_ref idref="fl-5"/>
      </object_component>
      <object_component id="oc-1fc">
         <name>.debug_info</name>
         <load_address>0x3ffa</load_address>
         <run_address>0x3ffa</run_address>
         <size>0x6f6</size>
         <input_file_ref idref="fl-6"/>
      </object_component>
      <object_component id="oc-c9">
         <name>.debug_info</name>
         <load_address>0x46f0</load_address>
         <run_address>0x46f0</run_address>
         <size>0x103</size>
         <input_file_ref idref="fl-6"/>
      </object_component>
      <object_component id="oc-1ff">
         <name>.debug_info</name>
         <load_address>0x47f3</load_address>
         <run_address>0x47f3</run_address>
         <size>0xc6</size>
         <input_file_ref idref="fl-6"/>
      </object_component>
      <object_component id="oc-208">
         <name>.debug_info</name>
         <load_address>0x48b9</load_address>
         <run_address>0x48b9</run_address>
         <size>0xc6</size>
         <input_file_ref idref="fl-6"/>
      </object_component>
      <object_component id="oc-20b">
         <name>.debug_info</name>
         <load_address>0x497f</load_address>
         <run_address>0x497f</run_address>
         <size>0xc9</size>
         <input_file_ref idref="fl-6"/>
      </object_component>
      <object_component id="oc-104">
         <name>.debug_info</name>
         <load_address>0x4a48</load_address>
         <run_address>0x4a48</run_address>
         <size>0x113c</size>
         <input_file_ref idref="fl-6"/>
      </object_component>
      <object_component id="oc-20f">
         <name>.debug_info</name>
         <load_address>0x5b84</load_address>
         <run_address>0x5b84</run_address>
         <size>0xfdd</size>
         <input_file_ref idref="fl-6"/>
      </object_component>
      <object_component id="oc-1bd">
         <name>.debug_info</name>
         <load_address>0x6b61</load_address>
         <run_address>0x6b61</run_address>
         <size>0x1b9</size>
         <input_file_ref idref="fl-6"/>
      </object_component>
      <object_component id="oc-149">
         <name>.debug_info</name>
         <load_address>0x6d1a</load_address>
         <run_address>0x6d1a</run_address>
         <size>0x2c</size>
         <input_file_ref idref="fl-6"/>
      </object_component>
      <object_component id="oc-f8">
         <name>.debug_info</name>
         <load_address>0x6d46</load_address>
         <run_address>0x6d46</run_address>
         <size>0x2d0</size>
         <input_file_ref idref="fl-7"/>
      </object_component>
      <object_component id="oc-202">
         <name>.debug_info</name>
         <load_address>0x7016</load_address>
         <run_address>0x7016</run_address>
         <size>0x26e</size>
         <input_file_ref idref="fl-8"/>
      </object_component>
      <object_component id="oc-1de">
         <name>.debug_info</name>
         <load_address>0x7284</load_address>
         <run_address>0x7284</run_address>
         <size>0x269</size>
         <input_file_ref idref="fl-9"/>
      </object_component>
      <object_component id="oc-1d9">
         <name>.debug_info</name>
         <load_address>0x74ed</load_address>
         <run_address>0x74ed</run_address>
         <size>0x111</size>
         <input_file_ref idref="fl-9"/>
      </object_component>
      <object_component id="oc-df">
         <name>.debug_info</name>
         <load_address>0x75fe</load_address>
         <run_address>0x75fe</run_address>
         <size>0x10d6</size>
         <input_file_ref idref="fl-9"/>
      </object_component>
      <object_component id="oc-e8">
         <name>.debug_info</name>
         <load_address>0x86d4</load_address>
         <run_address>0x86d4</run_address>
         <size>0x4a8</size>
         <input_file_ref idref="fl-e"/>
      </object_component>
      <object_component id="oc-e5">
         <name>.debug_info</name>
         <load_address>0x8b7c</load_address>
         <run_address>0x8b7c</run_address>
         <size>0x168</size>
         <input_file_ref idref="fl-e"/>
      </object_component>
      <object_component id="oc-3e">
         <name>.debug_info</name>
         <load_address>0x8ce4</load_address>
         <run_address>0x8ce4</run_address>
         <size>0x682</size>
         <input_file_ref idref="fl-e"/>
      </object_component>
      <object_component id="oc-2ea">
         <name>.debug_info</name>
         <load_address>0x9366</load_address>
         <run_address>0x9366</run_address>
         <size>0xc8</size>
         <input_file_ref idref="fl-e"/>
      </object_component>
      <object_component id="oc-1e5">
         <name>.debug_info</name>
         <load_address>0x942e</load_address>
         <run_address>0x942e</run_address>
         <size>0x162</size>
         <input_file_ref idref="fl-e"/>
      </object_component>
      <object_component id="oc-194">
         <name>.debug_info</name>
         <load_address>0x9590</load_address>
         <run_address>0x9590</run_address>
         <size>0x592</size>
         <input_file_ref idref="fl-10"/>
      </object_component>
      <object_component id="oc-187">
         <name>.debug_info</name>
         <load_address>0x9b22</load_address>
         <run_address>0x9b22</run_address>
         <size>0xb9</size>
         <input_file_ref idref="fl-10"/>
      </object_component>
      <object_component id="oc-18a">
         <name>.debug_info</name>
         <load_address>0x9bdb</load_address>
         <run_address>0x9bdb</run_address>
         <size>0xb9</size>
         <input_file_ref idref="fl-10"/>
      </object_component>
      <object_component id="oc-18d">
         <name>.debug_info</name>
         <load_address>0x9c94</load_address>
         <run_address>0x9c94</run_address>
         <size>0xbb</size>
         <input_file_ref idref="fl-10"/>
      </object_component>
      <object_component id="oc-191">
         <name>.debug_info</name>
         <load_address>0x9d4f</load_address>
         <run_address>0x9d4f</run_address>
         <size>0x111</size>
         <input_file_ref idref="fl-10"/>
      </object_component>
      <object_component id="oc-9f">
         <name>.debug_info</name>
         <load_address>0x9e60</load_address>
         <run_address>0x9e60</run_address>
         <size>0xb31</size>
         <input_file_ref idref="fl-10"/>
      </object_component>
      <object_component id="oc-10d">
         <name>.debug_info</name>
         <load_address>0xa991</load_address>
         <run_address>0xa991</run_address>
         <size>0x85c</size>
         <input_file_ref idref="fl-11"/>
      </object_component>
      <object_component id="oc-c3">
         <name>.debug_info</name>
         <load_address>0xb1ed</load_address>
         <run_address>0xb1ed</run_address>
         <size>0x167</size>
         <input_file_ref idref="fl-11"/>
      </object_component>
      <object_component id="oc-110">
         <name>.debug_info</name>
         <load_address>0xb354</load_address>
         <run_address>0xb354</run_address>
         <size>0xc6</size>
         <input_file_ref idref="fl-11"/>
      </object_component>
      <object_component id="oc-10a">
         <name>.debug_info</name>
         <load_address>0xb41a</load_address>
         <run_address>0xb41a</run_address>
         <size>0xcc</size>
         <input_file_ref idref="fl-11"/>
      </object_component>
      <object_component id="oc-44">
         <name>.debug_info</name>
         <load_address>0xb4e6</load_address>
         <run_address>0xb4e6</run_address>
         <size>0xc8d</size>
         <input_file_ref idref="fl-11"/>
      </object_component>
      <object_component id="oc-1f0">
         <name>.debug_info</name>
         <load_address>0xc173</load_address>
         <run_address>0xc173</run_address>
         <size>0x225</size>
         <input_file_ref idref="fl-13"/>
      </object_component>
      <object_component id="oc-f2">
         <name>.debug_info</name>
         <load_address>0xc398</load_address>
         <run_address>0xc398</run_address>
         <size>0xbab</size>
         <input_file_ref idref="fl-13"/>
      </object_component>
      <object_component id="oc-1fa">
         <name>.debug_info</name>
         <load_address>0xcf43</load_address>
         <run_address>0xcf43</run_address>
         <size>0x20c</size>
         <input_file_ref idref="fl-14"/>
      </object_component>
      <object_component id="oc-1f4">
         <name>.debug_info</name>
         <load_address>0xd14f</load_address>
         <run_address>0xd14f</run_address>
         <size>0x175</size>
         <input_file_ref idref="fl-14"/>
      </object_component>
      <object_component id="oc-1f7">
         <name>.debug_info</name>
         <load_address>0xd2c4</load_address>
         <run_address>0xd2c4</run_address>
         <size>0xc2</size>
         <input_file_ref idref="fl-14"/>
      </object_component>
      <object_component id="oc-fe">
         <name>.debug_info</name>
         <load_address>0xd386</load_address>
         <run_address>0xd386</run_address>
         <size>0x4a7</size>
         <input_file_ref idref="fl-14"/>
      </object_component>
      <object_component id="oc-196">
         <name>.debug_info</name>
         <load_address>0xd82d</load_address>
         <run_address>0xd82d</run_address>
         <size>0x2a7</size>
         <input_file_ref idref="fl-15"/>
      </object_component>
      <object_component id="oc-a5">
         <name>.debug_info</name>
         <load_address>0xdad4</load_address>
         <run_address>0xdad4</run_address>
         <size>0x368</size>
         <input_file_ref idref="fl-15"/>
      </object_component>
      <object_component id="oc-1a9">
         <name>.debug_info</name>
         <load_address>0xde3c</load_address>
         <run_address>0xde3c</run_address>
         <size>0x6ca</size>
         <input_file_ref idref="fl-17"/>
      </object_component>
      <object_component id="oc-1a6">
         <name>.debug_info</name>
         <load_address>0xe506</load_address>
         <run_address>0xe506</run_address>
         <size>0x134</size>
         <input_file_ref idref="fl-17"/>
      </object_component>
      <object_component id="oc-af">
         <name>.debug_info</name>
         <load_address>0xe63a</load_address>
         <run_address>0xe63a</run_address>
         <size>0xe99</size>
         <input_file_ref idref="fl-17"/>
      </object_component>
      <object_component id="oc-255">
         <name>.debug_info</name>
         <load_address>0xf4d3</load_address>
         <run_address>0xf4d3</run_address>
         <size>0x2c</size>
         <input_file_ref idref="fl-17"/>
      </object_component>
      <object_component id="oc-32">
         <name>.debug_info</name>
         <load_address>0xf4ff</load_address>
         <run_address>0xf4ff</run_address>
         <size>0x4c7</size>
         <input_file_ref idref="fl-18"/>
      </object_component>
      <object_component id="oc-1ee">
         <name>.debug_info</name>
         <load_address>0xf9c6</load_address>
         <run_address>0xf9c6</run_address>
         <size>0x151</size>
         <input_file_ref idref="fl-19"/>
      </object_component>
      <object_component id="oc-1eb">
         <name>.debug_info</name>
         <load_address>0xfb17</load_address>
         <run_address>0xfb17</run_address>
         <size>0xc4</size>
         <input_file_ref idref="fl-19"/>
      </object_component>
      <object_component id="oc-ec">
         <name>.debug_info</name>
         <load_address>0xfbdb</load_address>
         <run_address>0xfbdb</run_address>
         <size>0x2a3</size>
         <input_file_ref idref="fl-19"/>
      </object_component>
      <object_component id="oc-25a">
         <name>.debug_info</name>
         <load_address>0xfe7e</load_address>
         <run_address>0xfe7e</run_address>
         <size>0xbd</size>
         <input_file_ref idref="fl-1a"/>
      </object_component>
      <object_component id="oc-19a">
         <name>.debug_info</name>
         <load_address>0xff3b</load_address>
         <run_address>0xff3b</run_address>
         <size>0x7a4</size>
         <input_file_ref idref="fl-1a"/>
      </object_component>
      <object_component id="oc-2d1">
         <name>.debug_info</name>
         <load_address>0x106df</load_address>
         <run_address>0x106df</run_address>
         <size>0x4f</size>
         <input_file_ref idref="fl-1a"/>
      </object_component>
      <object_component id="oc-265">
         <name>.debug_info</name>
         <load_address>0x1072e</load_address>
         <run_address>0x1072e</run_address>
         <size>0x1b5</size>
         <input_file_ref idref="fl-1b"/>
      </object_component>
      <object_component id="oc-262">
         <name>.debug_info</name>
         <load_address>0x108e3</load_address>
         <run_address>0x108e3</run_address>
         <size>0xd1</size>
         <input_file_ref idref="fl-1b"/>
      </object_component>
      <object_component id="oc-1a0">
         <name>.debug_info</name>
         <load_address>0x109b4</load_address>
         <run_address>0x109b4</run_address>
         <size>0x291</size>
         <input_file_ref idref="fl-1b"/>
      </object_component>
      <object_component id="oc-2e3">
         <name>.debug_info</name>
         <load_address>0x10c45</load_address>
         <run_address>0x10c45</run_address>
         <size>0x207</size>
         <input_file_ref idref="fl-1c"/>
      </object_component>
      <object_component id="oc-2dd">
         <name>.debug_info</name>
         <load_address>0x10e4c</load_address>
         <run_address>0x10e4c</run_address>
         <size>0xef</size>
         <input_file_ref idref="fl-1c"/>
      </object_component>
      <object_component id="oc-2e0">
         <name>.debug_info</name>
         <load_address>0x10f3b</load_address>
         <run_address>0x10f3b</run_address>
         <size>0xc1</size>
         <input_file_ref idref="fl-1c"/>
      </object_component>
      <object_component id="oc-25c">
         <name>.debug_info</name>
         <load_address>0x10ffc</load_address>
         <run_address>0x10ffc</run_address>
         <size>0x260</size>
         <input_file_ref idref="fl-1c"/>
      </object_component>
      <object_component id="oc-4d">
         <name>.debug_info</name>
         <load_address>0x1125c</load_address>
         <run_address>0x1125c</run_address>
         <size>0x134</size>
         <input_file_ref idref="fl-153"/>
      </object_component>
      <object_component id="oc-5d">
         <name>.debug_info</name>
         <load_address>0x11390</load_address>
         <run_address>0x11390</run_address>
         <size>0x121</size>
         <input_file_ref idref="fl-154"/>
      </object_component>
      <object_component id="oc-1c">
         <name>.debug_info</name>
         <load_address>0x114b1</load_address>
         <run_address>0x114b1</run_address>
         <size>0x1c0</size>
         <input_file_ref idref="fl-154"/>
      </object_component>
      <object_component id="oc-58">
         <name>.debug_info</name>
         <load_address>0x11671</load_address>
         <run_address>0x11671</run_address>
         <size>0x46</size>
         <input_file_ref idref="fl-154"/>
      </object_component>
      <object_component id="oc-13f">
         <name>.debug_info</name>
         <load_address>0x116b7</load_address>
         <run_address>0x116b7</run_address>
         <size>0x2c</size>
         <input_file_ref idref="fl-154"/>
      </object_component>
      <object_component id="oc-65">
         <name>.debug_info</name>
         <load_address>0x116e3</load_address>
         <run_address>0x116e3</run_address>
         <size>0x115</size>
         <input_file_ref idref="fl-155"/>
      </object_component>
      <object_component id="oc-60">
         <name>.debug_info</name>
         <load_address>0x117f8</load_address>
         <run_address>0x117f8</run_address>
         <size>0x228</size>
         <input_file_ref idref="fl-155"/>
      </object_component>
      <object_component id="oc-23">
         <name>.debug_info</name>
         <load_address>0x11a20</load_address>
         <run_address>0x11a20</run_address>
         <size>0x192</size>
         <input_file_ref idref="fl-155"/>
      </object_component>
      <object_component id="oc-66">
         <name>.debug_info</name>
         <load_address>0x11bb2</load_address>
         <run_address>0x11bb2</run_address>
         <size>0x39</size>
         <input_file_ref idref="fl-155"/>
      </object_component>
      <object_component id="oc-76">
         <name>.debug_info</name>
         <load_address>0x11beb</load_address>
         <run_address>0x11beb</run_address>
         <size>0x110</size>
         <input_file_ref idref="fl-156"/>
      </object_component>
      <object_component id="oc-2b">
         <name>.debug_info</name>
         <load_address>0x11cfb</load_address>
         <run_address>0x11cfb</run_address>
         <size>0x18b</size>
         <input_file_ref idref="fl-156"/>
      </object_component>
      <object_component id="oc-71">
         <name>.debug_info</name>
[...]
         <object_component_ref idref="oc-25b"/>
      </symbol>
      <symbol id="sm-62c">
         <name>bspUartOpen</name>
         <value>0x203ce5</value>
         <object_component_ref idref="oc-9b"/>
      </symbol>
      <symbol id="sm-62d">
         <name>bspUartBufInit</name>
         <value>0x204fd5</value>
         <object_component_ref idref="oc-99"/>
      </symbol>
      <symbol id="sm-633">
         <name>bspLedToggle</name>
         <value>0x205215</value>
         <object_component_ref idref="oc-ab"/>
      </symbol>
      <symbol id="sm-699">
         <name>bspKeyIntRegister</name>
         <value>0x204e11</value>
         <object_component_ref idref="oc-ba"/>
      </symbol>
      <symbol id="sm-69a">
         <name>bspKeyIntEnable</name>
         <value>0x205149</value>
         <object_component_ref idref="oc-bb"/>
      </symbol>
      <symbol id="sm-69b">
         <name>bspKeyPushed</name>
         <value>0x203de1</value>
         <object_component_ref idref="oc-aa"/>
      </symbol>
      <symbol id="sm-69c">
         <name>bspKeyInit</name>
         <value>0x204675</value>
         <object_component_ref idref="oc-98"/>
      </symbol>
      <symbol id="sm-6a4">
         <name>bspAssert</name>
         <value>0x205119</value>
         <object_component_ref idref="oc-9c"/>
      </symbol>
      <symbol id="sm-70d">
         <name>ioPinIntRegister</name>
         <value>0x203a7d</value>
         <object_component_ref idref="oc-17a"/>
      </symbol>
      <symbol id="sm-733">
         <name>UARTTxIntModeSet</name>
         <value>0x205495</value>
         <object_component_ref idref="oc-182"/>
      </symbol>
      <symbol id="sm-734">
         <name>UARTConfigSetExpClk</name>
         <value>0x204f99</value>
         <object_component_ref idref="oc-15f"/>
      </symbol>
      <symbol id="sm-735">
         <name>UARTDisable</name>
         <value>0x2052d9</value>
         <object_component_ref idref="oc-15c"/>
      </symbol>
      <symbol id="sm-736">
         <name>UARTBusy</name>
         <value>0x2054dd</value>
         <object_component_ref idref="oc-8a"/>
      </symbol>
      <symbol id="sm-737">
         <name>UARTIntEnable</name>
         <value>0x2054e5</value>
         <object_component_ref idref="oc-184"/>
      </symbol>
      <symbol id="sm-738">
         <name>UARTClockSourceSet</name>
         <value>0x205505</value>
         <object_component_ref idref="oc-15e"/>
      </symbol>
      <symbol id="sm-739">
         <name>UARTIntDisable</name>
         <value>0x2054c1</value>
         <object_component_ref idref="oc-15d"/>
      </symbol>
      <symbol id="sm-73a">
         <name>UARTCharPut</name>
         <value>0x2054b7</value>
         <object_component_ref idref="oc-161"/>
      </symbol>
      <symbol id="sm-73b">
         <name>UARTEnable</name>
         <value>0x20536d</value>
         <object_component_ref idref="oc-160"/>
      </symbol>
      <symbol id="sm-73c">
         <name>UARTIntClear</name>
         <value>0x20551f</value>
         <object_component_ref idref="oc-ad"/>
      </symbol>
      <symbol id="sm-73d">
         <name>UARTIntStatus</name>
         <value>0x2054cb</value>
         <object_component_ref idref="oc-ac"/>
      </symbol>
      <symbol id="sm-73e">
         <name>UARTCharGet</name>
         <value>0x2054ad</value>
         <object_component_ref idref="oc-162"/>
      </symbol>
      <symbol id="sm-73f">
         <name>UARTFIFOLevelSet</name>
         <value>0x20550b</value>
         <object_component_ref idref="oc-183"/>
      </symbol>
      <symbol id="sm-740">
         <name>UARTIntRegister</name>
         <value>0x20529d</value>
         <object_component_ref idref="oc-9a"/>
      </symbol>
      <symbol id="sm-78b">
         <name>SysCtrlDelay</name>
         <value>0x2054ff</value>
         <object_component_ref idref="oc-112"/>
      </symbol>
      <symbol id="sm-78c">
         <name>SysCtrlPeripheralDeepSleepDisable</name>
         <value>0x20525d</value>
         <object_component_ref idref="oc-84"/>
      </symbol>
      <symbol id="sm-78d">
         <name>SysCtrlPeripheralEnable</name>
         <value>0x20527d</value>
         <object_component_ref idref="oc-97"/>
      </symbol>
      <symbol id="sm-78e">
         <name>SysCtrlPowerModeSet</name>
         <value>0x205489</value>
         <object_component_ref idref="oc-85"/>
      </symbol>
      <symbol id="sm-78f">
         <name>SysCtrlPeripheralPresent</name>
         <value>0x20504d</value>
         <object_component_ref idref="oc-15b"/>
      </symbol>
      <symbol id="sm-790">
         <name>SysCtrlDeepSleep</name>
         <value>0x204a2d</value>
         <object_component_ref idref="oc-8b"/>
      </symbol>
      <symbol id="sm-791">
         <name>SysCtrlIOClockSet</name>
         <value>0x205359</value>
         <object_component_ref idref="oc-b5"/>
      </symbol>
      <symbol id="sm-792">
         <name>SysCtrlClockGet</name>
         <value>0x204cd9</value>
         <object_component_ref idref="oc-dd"/>
      </symbol>
      <symbol id="sm-793">
         <name>SysCtrlClockSet</name>
         <value>0x204c81</value>
         <object_component_ref idref="oc-b4"/>
      </symbol>
      <symbol id="sm-7a0">
         <name>SleepModeTimerCountGet</name>
         <value>0x2052bd</value>
         <object_component_ref idref="oc-88"/>
      </symbol>
      <symbol id="sm-7a1">
         <name>SleepModeTimerCompareSet</name>
         <value>0x2050e9</value>
         <object_component_ref idref="oc-89"/>
      </symbol>
      <symbol id="sm-7da">
         <name>IOCPadConfigSet</name>
         <value>0x204801</value>
         <object_component_ref idref="oc-15a"/>
      </symbol>
      <symbol id="sm-7db">
         <name>IOCPinConfigPeriphOutput</name>
         <value>0x204875</value>
         <object_component_ref idref="oc-7a"/>
      </symbol>
      <symbol id="sm-7dc">
         <name>IOCPinConfigPeriphInput</name>
         <value>0x203ed5</value>
         <object_component_ref idref="oc-7c"/>
      </symbol>
      <symbol id="sm-819">
         <name>IntPendClear</name>
         <value>0x204e9d</value>
         <object_component_ref idref="oc-1dc"/>
      </symbol>
      <symbol id="sm-81a">
         <name>IntPrioritySet</name>
         <value>0x2051cd</value>
         <object_component_ref idref="oc-1d7"/>
      </symbol>
      <symbol id="sm-81b">
         <name>IntEnable</name>
         <value>0x204bc5</value>
         <object_component_ref idref="oc-87"/>
      </symbol>
      <symbol id="sm-81c">
         <name>IntDisable</name>
         <value>0x204b65</value>
         <object_component_ref idref="oc-1db"/>
      </symbol>
      <symbol id="sm-81d">
         <name>IntRegister</name>
         <value>0x205085</value>
         <object_component_ref idref="oc-181"/>
      </symbol>
      <symbol id="sm-81e">
         <name>g_pfnRAMVectors</name>
         <value>0x20004000</value>
         <object_component_ref idref="oc-247"/>
      </symbol>
      <symbol id="sm-835">
         <name>TimerLoadSet</name>
         <value>0x2053a9</value>
         <object_component_ref idref="oc-b8"/>
      </symbol>
      <symbol id="sm-836">
         <name>TimerIntRegister</name>
         <value>0x204c25</value>
         <object_component_ref idref="oc-b7"/>
      </symbol>
      <symbol id="sm-837">
         <name>TimerEnable</name>
         <value>0x205439</value>
         <object_component_ref idref="oc-bc"/>
      </symbol>
      <symbol id="sm-838">
         <name>TimerIntEnable</name>
         <value>0x2054d5</value>
         <object_component_ref idref="oc-b9"/>
      </symbol>
      <symbol id="sm-839">
         <name>TimerConfigure</name>
         <value>0x2051a5</value>
         <object_component_ref idref="oc-b6"/>
      </symbol>
      <symbol id="sm-83a">
         <name>TimerIntClear</name>
         <value>0x20551b</value>
         <object_component_ref idref="oc-bd"/>
      </symbol>
      <symbol id="sm-85f">
         <name>GPIOPinIntClear</name>
         <value>0x2054ed</value>
         <object_component_ref idref="oc-23c"/>
      </symbol>
      <symbol id="sm-860">
         <name>GPIOIntWakeupEnable</name>
         <value>0x2053cd</value>
         <object_component_ref idref="oc-86"/>
      </symbol>
      <symbol id="sm-861">
         <name>GPIOPinIntDisable</name>
         <value>0x20541d</value>
         <object_component_ref idref="oc-179"/>
      </symbol>
      <symbol id="sm-862">
         <name>GPIOIntTypeSet</name>
         <value>0x204f1d</value>
         <object_component_ref idref="oc-17b"/>
      </symbol>
      <symbol id="sm-863">
         <name>GPIOPinTypeGPIOInput</name>
         <value>0x2053dd</value>
         <object_component_ref idref="oc-178"/>
      </symbol>
      <symbol id="sm-864">
         <name>GPIOPinIntEnable</name>
         <value>0x20547b</value>
         <object_component_ref idref="oc-1aa"/>
      </symbol>
      <symbol id="sm-865">
         <name>GPIOGetIntNumber</name>
         <value>0x2050b9</value>
         <object_component_ref idref="oc-2ce"/>
      </symbol>
      <symbol id="sm-866">
         <name>GPIOPinRead</name>
         <value>0x2054f3</value>
         <object_component_ref idref="oc-197"/>
      </symbol>
      <symbol id="sm-867">
         <name>GPIODirModeSet</name>
         <value>0x205179</value>
         <object_component_ref idref="oc-159"/>
      </symbol>
      <symbol id="sm-868">
         <name>GPIOPinTypeUARTInput</name>
         <value>0x2053ed</value>
         <object_component_ref idref="oc-7d"/>
      </symbol>
      <symbol id="sm-869">
         <name>GPIOPinWrite</name>
         <value>0x2054f9</value>
         <object_component_ref idref="oc-185"/>
      </symbol>
      <symbol id="sm-86a">
         <name>GPIOPortIntRegister</name>
         <value>0x205311</value>
         <object_component_ref idref="oc-23b"/>
      </symbol>
      <symbol id="sm-86b">
         <name>GPIOPinIntStatus</name>
         <value>0x20542b</value>
         <object_component_ref idref="oc-243"/>
      </symbol>
      <symbol id="sm-86c">
         <name>GPIOPinTypeUARTOutput</name>
         <value>0x2053fd</value>
         <object_component_ref idref="oc-7b"/>
      </symbol>
      <symbol id="sm-874">
         <name>CPUcpsie</name>
         <value>0x20546f</value>
         <object_component_ref idref="oc-9d"/>
      </symbol>
      <symbol id="sm-875">
         <name>CPUcpsid</name>
         <value>0x205463</value>
         <object_component_ref idref="oc-198"/>
      </symbol>
      <symbol id="sm-876">
         <name>CPUwfi</name>
         <value>0x205517</value>
         <object_component_ref idref="oc-177"/>
      </symbol>
      <symbol id="sm-886">
         <name>_c_int00</name>
         <value>0x205011</value>
         <object_component_ref idref="oc-4c"/>
      </symbol>
      <symbol id="sm-887">
         <name>__stack</name>
         <value>0x20007f00</value>
         <object_component_ref idref="oc-30"/>
      </symbol>
      <symbol id="sm-89e">
         <name>__TI_decompress_none</name>
         <value>0x205447</value>
         <object_component_ref idref="oc-1b"/>
      </symbol>
      <symbol id="sm-8c1">
         <name>__TI_decompress_rle24</name>
         <value>0x205511</value>
         <object_component_ref idref="oc-21"/>
      </symbol>
      <symbol id="sm-8d3">
         <name>__TI_zero_init</name>
         <value>0x2054a1</value>
         <object_component_ref idref="oc-27"/>
      </symbol>
      <symbol id="sm-8f2">
         <name>C$$EXIT</name>
         <value>0x204e59</value>
         <object_component_ref idref="oc-134"/>
      </symbol>
      <symbol id="sm-8f3">
         <name>abort</name>
         <value>0x204e5d</value>
         <object_component_ref idref="oc-134"/>
      </symbol>
      <symbol id="sm-8f4">
         <name>exit</name>
         <value>0x204e65</value>
         <object_component_ref idref="oc-134"/>
      </symbol>
      <symbol id="sm-8f5">
         <name>__TI_dtors_ptr</name>
         <value>0x20005498</value>
         <object_component_ref idref="oc-225"/>
      </symbol>
      <symbol id="sm-8f6">
         <name>__TI_cleanup_ptr</name>
         <value>0x20005494</value>
         <object_component_ref idref="oc-225"/>
      </symbol>
      <symbol id="sm-911">
         <name>memcpy</name>
         <value>0x204545</value>
         <object_component_ref idref="oc-52"/>
      </symbol>
      <symbol id="sm-912">
         <name>__aeabi_memcpy</name>
         <value>0x204545</value>
         <object_component_ref idref="oc-52"/>
      </symbol>
      <symbol id="sm-913">
         <name>__aeabi_memcpy8</name>
         <value>0x204545</value>
         <object_component_ref idref="oc-52"/>
      </symbol>
      <symbol id="sm-914">
         <name>__aeabi_memcpy4</name>
         <value>0x204545</value>
         <object_component_ref idref="oc-52"/>
      </symbol>
      <symbol id="sm-924">
         <name>memmove</name>
         <value>0x205239</value>
         <object_component_ref idref="oc-2d6"/>
      </symbol>
      <symbol id="sm-933">
         <name>__aeabi_memset</name>
         <value>0x204787</value>
         <object_component_ref idref="oc-6b"/>
      </symbol>
      <symbol id="sm-934">
         <name>memset</name>
         <value>0x20478d</value>
         <object_component_ref idref="oc-6b"/>
      </symbol>
      <symbol id="sm-935">
         <name>__aeabi_memset8</name>
         <value>0x204787</value>
         <object_component_ref idref="oc-6b"/>
      </symbol>
      <symbol id="sm-936">
         <name>__aeabi_memset4</name>
         <value>0x204787</value>
         <object_component_ref idref="oc-6b"/>
      </symbol>
      <symbol id="sm-937">
         <name>__aeabi_memclr8</name>
         <value>0x204785</value>
         <object_component_ref idref="oc-6b"/>
      </symbol>
      <symbol id="sm-938">
         <name>__aeabi_memclr4</name>
         <value>0x204785</value>
         <object_component_ref idref="oc-6b"/>
      </symbol>
      <symbol id="sm-939">
         <name>__aeabi_memclr</name>
         <value>0x204785</value>
         <object_component_ref idref="oc-6b"/>
      </symbol>
      <symbol id="sm-943">
         <name>_system_pre_init</name>
         <value>0x205523</value>
         <object_component_ref idref="oc-122"/>
      </symbol>
      <symbol id="sm-95d">
         <name>rand</name>
         <value>0x204ddb</value>
         <object_component_ref idref="oc-d7"/>
      </symbol>
      <symbol id="sm-95e">
         <name>srand</name>
         <value>0x204dc5</value>
         <object_component_ref idref="oc-d7"/>
      </symbol>
      <symbol id="sm-966">
         <name>main_func_sp</name>
         <value>0x200054a8</value>
         <object_component_ref idref="oc-13a"/>
      </symbol>
      <symbol id="sm-979">
         <name>time</name>
         <value>0x205455</value>
         <object_component_ref idref="oc-d1"/>
      </symbol>
      <symbol id="sm-9a4">
         <name>HOSTgetenv</name>
         <value>0x2034bf</value>
         <object_component_ref idref="oc-1c2"/>
      </symbol>
      <symbol id="sm-9a5">
         <name>HOSTrename</name>
         <value>0x203367</value>
         <object_component_ref idref="oc-1c2"/>
      </symbol>
      <symbol id="sm-9a6">
         <name>HOSTclose</name>
         <value>0x2034fd</value>
         <object_component_ref idref="oc-1c2"/>
      </symbol>
      <symbol id="sm-9a7">
         <name>HOSTunlink</name>
         <value>0x2032f5</value>
         <object_component_ref idref="oc-1c2"/>
      </symbol>
      <symbol id="sm-9a8">
         <name>HOSTlseek</name>
         <value>0x203463</value>
         <object_component_ref idref="oc-1c2"/>
      </symbol>
      <symbol id="sm-9a9">
         <name>HOSTopen</name>
         <value>0x203411</value>
         <object_component_ref idref="oc-1c2"/>
      </symbol>
      <symbol id="sm-9aa">
         <name>HOSTclock</name>
         <value>0x203535</value>
         <object_component_ref idref="oc-1c2"/>
      </symbol>
      <symbol id="sm-9ab">
         <name>HOSTwrite</name>
         <value>0x2032a9</value>
         <object_component_ref idref="oc-1c2"/>
      </symbol>
      <symbol id="sm-9ac">
         <name>HOSTread</name>
         <value>0x2033c5</value>
         <object_component_ref idref="oc-1c2"/>
      </symbol>
      <symbol id="sm-9ad">
         <name>HOSTtime</name>
         <value>0x20332d</value>
         <object_component_ref idref="oc-1c2"/>
      </symbol>
      <symbol id="sm-9c8">
         <name>__TI_readmsg</name>
         <value>0x204b2f</value>
         <object_component_ref idref="oc-26a"/>
      </symbol>
      <symbol id="sm-9c9">
         <name>C$$IO$$</name>
         <value>0x204b2b</value>
         <object_component_ref idref="oc-26a"/>
      </symbol>
      <symbol id="sm-9ca">
         <name>__CIOBUF_</name>
         <value>0x20004eb8</value>
         <object_component_ref idref="oc-2ef"/>
      </symbol>
      <symbol id="sm-9cb">
         <name>__TI_writemsg</name>
         <value>0x204afd</value>
         <object_component_ref idref="oc-26a"/>
      </symbol>
      <symbol id="sm-9dd">
         <name>__aeabi_uidivmod</name>
         <value>0x204edd</value>
         <object_component_ref idref="oc-169"/>
      </symbol>
      <symbol id="sm-9de">
         <name>__aeabi_uidiv</name>
         <value>0x204edd</value>
         <object_component_ref idref="oc-169"/>
      </symbol>
      <symbol id="sm-9f7">
         <name>_nop</name>
         <value>0x20538f</value>
         <object_component_ref idref="oc-28c"/>
      </symbol>
      <symbol id="sm-9f8">
         <name>_lock</name>
         <value>0x2000548c</value>
         <object_component_ref idref="oc-1cf"/>
      </symbol>
      <symbol id="sm-9f9">
         <name>_unlock</name>
         <value>0x20005490</value>
         <object_component_ref idref="oc-1cf"/>
      </symbol>
      <symbol id="sm-9fa">
         <name>_register_lock</name>
         <value>0x205387</value>
         <object_component_ref idref="oc-28c"/>
      </symbol>
      <symbol id="sm-9fb">
         <name>_register_unlock</name>
         <value>0x205381</value>
         <object_component_ref idref="oc-28c"/>
      </symbol>
      <symbol id="sm-a10">
         <name>_args_main</name>
         <value>0x205329</value>
         <object_component_ref idref="oc-12e"/>
      </symbol>
      <symbol id="sm-a36">
         <name>__TI_auto_init</name>
         <value>0x204955</value>
         <object_component_ref idref="oc-128"/>
      </symbol>
      <symbol id="sm-a50">
         <name>copy_in</name>
         <value>0x204d79</value>
         <object_component_ref idref="oc-21b"/>
      </symbol>
      <symbol id="sm-a5a">
         <name>__aeabi_idiv0</name>
         <value>0x203907</value>
         <object_component_ref idref="oc-232"/>
      </symbol>
      <symbol id="sm-a68">
         <name>strcpy</name>
         <value>0x205341</value>
         <object_component_ref idref="oc-276"/>
      </symbol>
      <symbol id="sm-a76">
         <name>strlen</name>
         <value>0x205395</value>
         <object_component_ref idref="oc-270"/>
      </symbol>
      <symbol id="sm-a77">
         <name>__TI_static_base__</name>
         <value>0x2057d8</value>
      </symbol>
      <symbol id="sm-a7a">
         <name>SHT$$INIT_ARRAY$$Limit</name>
         <value>0x0</value>
      </symbol>
      <symbol id="sm-a7b">
         <name>SHT$$INIT_ARRAY$$Base</name>
         <value>0x0</value>
      </symbol>
      <symbol id="sm-a7c">
         <name>SysCtrlSleep</name>
         <value>0x205517</value>
      </symbol>
      <symbol id="sm-a7d">
         <name>IntMasterEnable</name>
         <value>0x20546f</value>
      </symbol>
      <symbol id="sm-a7e">
         <name>IntMasterDisable</name>
         <value>0x205463</value>
      </symbol>
   </symbol_table>
   <title>Link successful</title>
</link_info>
