******************************************************************************
                  TI ARM Linker PC v5.2.5                      
******************************************************************************
>> Linked Thu Dec 01 17:51:56 2016

OUTPUT FILE NAME:   <802_15_4_test.out>
ENTRY POINT SYMBOL: "ResetISR"  address: 002048e9


MEMORY CONFIGURATION

         name            origin    length      used     unused   attr    fill
----------------------  --------  ---------  --------  --------  ----  --------
  FLASH                 00200000   0007ffd4  00005864  0007a770  R  X
  FLASH_CCA             0027ffd4   0000000c  0000000c  00000000  R  X
  SRAM_NON_RETENTION    20000000   00004000  00000000  00004000  RW X
  SRAM_RETENTION        20004000   00004000  000015aa  00002a56  RW X


SEGMENT ALLOCATION MAP

run origin  load origin   length   init length attrs members
----------  ----------- ---------- ----------- ----- -------
00200000    00200000    00005868   00005868    r-x
  00200000    00200000    00000100   00000100    r-- .intvecs
  00200100    00200100    00005426   00005426    r-x .text
  00205528    00205528    000002ae   000002ae    r-- .const
  002057d8    002057d8    00000090   00000090    r-- .cinit
0027ffd4    0027ffd4    0000000c   0000000c    r--
  0027ffd4    0027ffd4    0000000c   0000000c    r-- .flashcca
20004000    20004000    000014ac   00000000    rw-
  20004000    20004000    00000100   00000000    rw- .vtable
  20004100    20004100    000012ba   00000000    rw- .bss
  200053bc    200053bc    000000f0   00000000    rw- .data
20007f00    20007f00    00000100   00000000    rw-
  20007f00    20007f00    00000100   00000000    rw- .stack


SECTION ALLOCATION MAP

 output                                  attributes/
section   page    origin      length       input sections
--------  ----  ----------  ----------   ----------------
.intvecs   0    00200000    00000100     
                  00200000    00000100     cx2538_startup_ccs.obj (.intvecs)

.text      0    00200100    00005426     
                  00200100    000009bc     mac_gen.obj (.text)
                  00200abc    00000644     hal_rf.obj (.text)
                  00201100    000005d8     basic_rf.obj (.text)
                  002016d8    00000578     mac_scan.obj (.text)
                  00201c50    00000550     mac_assoc.obj (.text)
                  002021a0    00000520     mac_parse.obj (.text)
                  002026c0    000004e8     uartstdio.obj (.text)
                  00202ba8    00000408     mac.obj (.text)
                  00202fb0    000002f8     CSMA-CA.obj (.text)
                  002032a8    000002d4     rtsv7M3_T_le_eabi.lib : trgdrv.obj (.text)
                  0020357c    000001d0     main.obj (.text)
                  0020374c    000001ba     list.obj (.text)
                  00203906    00000002     rtsv7M3_T_le_eabi.lib : i_div0.obj (.text)
                  00203908    00000174     buf.obj (.text)
                  00203a7c    00000154     bsp.lib : io_pin_int.obj (.text:ioPinIntRegister)
                  00203bd0    00000114     mac_poll.obj (.text)
                  00203ce4    000000fc     bsp.lib : bsp_uart.obj (.text:bspUartOpen)
                  00203de0    000000f4             : bsp_key.obj (.text:bspKeyPushed)
                  00203ed4    000000e4     driverlib.lib : ioc.obj (.text:IOCPinConfigPeriphInput)
                  00203fb8    000000e0     sleep.obj (.text)
                  00204098    000000c8     bsp.lib : io_pin_int.obj (.text:ioPortAIsr)
                  00204160    000000c8             : io_pin_int.obj (.text:ioPortBIsr)
                  00204228    000000c8             : io_pin_int.obj (.text:ioPortCIsr)
                  002042f0    000000c8             : io_pin_int.obj (.text:ioPortDIsr)
                  002043b8    000000c8     mmem.obj (.text)
                  00204480    000000c4     mem_heap.obj (.text)
                  00204544    0000009c     rtsv7M3_T_le_eabi.lib : memcpy_t2.obj (.text)
                  002045e0    00000094     bsp.lib : bsp_key.obj (.text:bspKeyDirPushedISR)
                  00204674    00000090             : bsp_key.obj (.text:bspKeyInit)
                  00204704    00000080     hal_mcu.obj (.text)
                  00204784    0000007a     rtsv7M3_T_le_eabi.lib : memset_t2.obj (.text)
                  002047fe    00000002     --HOLE-- [fill = 0]
                  00204800    00000074     driverlib.lib : ioc.obj (.text:IOCPadConfigSet)
                  00204874    00000074                   : ioc.obj (.text:IOCPinConfigPeriphOutput)
                  002048e8    0000006c     cx2538_startup_ccs.obj (.text)
                  00204954    0000006c     rtsv7M3_T_le_eabi.lib : autoinit.obj (.text)
                  002049c0    0000006a                           : copy_decompress_rle.obj (.text)
                  00204a2a    00000002     --HOLE-- [fill = 0]
                  00204a2c    00000068     driverlib.lib : sys_ctrl.obj (.text:SysCtrlDeepSleep)
                  00204a94    00000068     bsp.lib : bsp_key.obj (.text:bspKeySelPushedISR)
                  00204afc    00000068     rtsv7M3_T_le_eabi.lib : trgmsg.obj (.text)
                  00204b64    00000060     driverlib.lib : interrupt.obj (.text:IntDisable)
                  00204bc4    00000060                   : interrupt.obj (.text:IntEnable)
                  00204c24    0000005c                   : gptimer.obj (.text:TimerIntRegister)
                  00204c80    00000058                   : sys_ctrl.obj (.text:SysCtrlClockSet)
                  00204cd8    00000050                   : sys_ctrl.obj (.text:SysCtrlClockGet)
                  00204d28    00000050     bsp.lib : bsp_key.obj (.text:bspKeyTimerISR)
                  00204d78    0000004c     rtsv7M3_T_le_eabi.lib : cpy_tbl.obj (.text)
                  00204dc4    0000004c                           : rand.obj (.text)
                  00204e10    00000048     bsp.lib : bsp_key.obj (.text:bspKeyIntRegister)
                  00204e58    00000044     rtsv7M3_T_le_eabi.lib : exit.obj (.text)
                  00204e9c    00000040     driverlib.lib : interrupt.obj (.text:IntPendClear)
                  00204edc    00000040     rtsv7M3_T_le_eabi.lib : u_divt2.obj (.text)
                  00204f1c    0000003e     driverlib.lib : gpio.obj (.text:GPIOIntTypeSet)
                  00204f5a    0000003e     hal_int.obj (.text)
                  00204f98    0000003c     driverlib.lib : uart.obj (.text:UARTConfigSetExpClk)
                  00204fd4    0000003c     bsp.lib : bsp_uart.obj (.text:bspUartBufInit)
                  00205010    0000003c     rtsv7M3_T_le_eabi.lib : boot.obj (.text)
                  0020504c    00000038     driverlib.lib : sys_ctrl.obj (.text:SysCtrlPeripheralPresent)
                  00205084    00000034                   : interrupt.obj (.text:IntRegister)
                  002050b8    00000030                   : gpio.obj (.text:GPIOGetIntNumber)
                  002050e8    00000030                   : sleepmode.obj (.text:SleepModeTimerCompareSet)
                  00205118    00000030     bsp.lib : bsp.obj (.text:bspAssert)
                  00205148    00000030             : bsp_key.obj (.text:bspKeyIntEnable)
                  00205178    0000002a     driverlib.lib : gpio.obj (.text:GPIODirModeSet)
                  002051a2    00000002     --HOLE-- [fill = 0]
                  002051a4    00000028                   : gptimer.obj (.text:TimerConfigure)
                  002051cc    00000024                   : interrupt.obj (.text:IntPrioritySet)
                  002051f0    00000024     bsp.lib : bsp_key.obj (.text:bspKeyTimerEnable)
                  00205214    00000024             : bsp_led.obj (.text:bspLedToggle)
                  00205238    00000022     rtsv7M3_T_le_eabi.lib : memmov.obj (.text)
                  0020525a    00000002     --HOLE-- [fill = 0]
                  0020525c    00000020     driverlib.lib : sys_ctrl.obj (.text:SysCtrlPeripheralDeepSleepDisable)
                  0020527c    00000020                   : sys_ctrl.obj (.text:SysCtrlPeripheralEnable)
                  0020529c    00000020                   : uart.obj (.text:UARTIntRegister)
                  002052bc    0000001c                   : sleepmode.obj (.text:SleepModeTimerCountGet)
                  002052d8    0000001c                   : uart.obj (.text:UARTDisable)
                  002052f4    0000001c     bsp.lib : bsp_uart.obj (.text:buBufFlush)
                  00205310    00000018     driverlib.lib : gpio.obj (.text:GPIOPortIntRegister)
                  00205328    00000018     rtsv7M3_T_le_eabi.lib : args_main.obj (.text)
                  00205340    00000016                           : strcpy.obj (.text)
                  00205356    00000002     --HOLE-- [fill = 0]
                  00205358    00000014     driverlib.lib : sys_ctrl.obj (.text:SysCtrlIOClockSet)
                  0020536c    00000014                   : uart.obj (.text:UARTEnable)
                  00205380    00000014     rtsv7M3_T_le_eabi.lib : _lock.obj (.text)
                  00205394    00000014                           : strlen.obj (.text)
                  002053a8    00000012     driverlib.lib : gptimer.obj (.text:TimerLoadSet)
                  002053ba    00000012     bsp.lib : bsp_key.obj (.text:bspKeyTimerIntRegister)
                  002053cc    00000010     driverlib.lib : gpio.obj (.text:GPIOIntWakeupEnable)
                  002053dc    00000010                   : gpio.obj (.text:GPIOPinTypeGPIOInput)
                  002053ec    00000010                   : gpio.obj (.text:GPIOPinTypeUARTInput)
                  002053fc    00000010                   : gpio.obj (.text:GPIOPinTypeUARTOutput)
                  0020540c    00000010     bsp.lib : bsp_key.obj (.text:bspKeyTimerDisable)
                  0020541c    0000000e     driverlib.lib : gpio.obj (.text:GPIOPinIntDisable)
                  0020542a    0000000e                   : gpio.obj (.text:GPIOPinIntStatus)
                  00205438    0000000e                   : gptimer.obj (.text:TimerEnable)
                  00205446    0000000e     rtsv7M3_T_le_eabi.lib : copy_decompress_none.obj (.text:decompress:none)
                  00205454    0000000e                           : time.obj (.text)
                  00205462    0000000c     driverlib.lib : cpu.obj (.text:CPUcpsid)
                  0020546e    0000000c                   : cpu.obj (.text:CPUcpsie)
                  0020547a    0000000c                   : gpio.obj (.text:GPIOPinIntEnable)
                  00205486    00000002     --HOLE-- [fill = 0]
                  00205488    0000000c                   : sys_ctrl.obj (.text:SysCtrlPowerModeSet)
                  00205494    0000000c                   : uart.obj (.text:UARTTxIntModeSet)
                  002054a0    0000000c     rtsv7M3_T_le_eabi.lib : copy_zero_init.obj (.text:decompress:ZI)
                  002054ac    0000000a     driverlib.lib : uart.obj (.text:UARTCharGet)
                  002054b6    0000000a                   : uart.obj (.text:UARTCharPut)
                  002054c0    0000000a                   : uart.obj (.text:UARTIntDisable)
                  002054ca    0000000a                   : uart.obj (.text:UARTIntStatus)
                  002054d4    00000008                   : gptimer.obj (.text:TimerIntEnable)
                  002054dc    00000008                   : uart.obj (.text:UARTBusy)
                  002054e4    00000008                   : uart.obj (.text:UARTIntEnable)
                  002054ec    00000006                   : gpio.obj (.text:GPIOPinIntClear)
                  002054f2    00000006                   : gpio.obj (.text:GPIOPinRead)
                  002054f8    00000006                   : gpio.obj (.text:GPIOPinWrite)
                  002054fe    00000006                   : sys_ctrl.obj (.text:SysCtrlDelay)
                  00205504    00000006                   : uart.obj (.text:UARTClockSourceSet)
                  0020550a    00000006                   : uart.obj (.text:UARTFIFOLevelSet)
                  00205510    00000006     rtsv7M3_T_le_eabi.lib : copy_decompress_rle.obj (.text:decompress:rle24)
                  00205516    00000004     driverlib.lib : cpu.obj (.text:CPUwfi)
                  0020551a    00000004                   : gptimer.obj (.text:TimerIntClear)
                  0020551e    00000004                   : uart.obj (.text:UARTIntClear)
                  00205522    00000004     rtsv7M3_T_le_eabi.lib : pre_init.obj (.text)

.const     0    00205528    000002ae     
                  00205528    00000100     driverlib.lib : ioc.obj (.const)
                  00205628    000000a4                   : interrupt.obj (.const:g_pui32Regs)
                  002056cc    00000074                   : sys_ctrl.obj (.const)
                  00205740    00000070                   : interrupt.obj (.const)
                  002057b0    00000014     uartstdio.obj (.const)
                  002057c4    00000012     uartstdio.obj (.const:.string)

.cinit     0    002057d8    00000090     
                  002057d8    00000057     (.cinit..data.load) [load image, compression = rle]
                  0020582f    00000001     --HOLE-- [fill = 0]
                  00205830    0000000c     (__TI_handler_table)
                  0020583c    00000004     --HOLE-- [fill = 0]
                  00205840    00000008     (.cinit..bss.load) [load image, compression = zero_init]
                  00205848    00000008     (.cinit..vtable.load) [load image, compression = zero_init]
                  00205850    00000018     (__TI_cinit_table)

.init_array 
*          0    00200000    00000000     UNINITIALIZED

.flashcca 
*          0    0027ffd4    0000000c     
                  0027ffd4    0000000c     cx2538_setup.obj (.flashcca:retain)

.vtable    0    20004000    00000100     UNINITIALIZED
                  20004000    00000100     driverlib.lib : interrupt.obj (.vtable)

.bss       0    20004100    000012ba     UNINITIALIZED
                  20004100    00000800     mmem.obj (.bss:memory)
                  20004900    00000360     buf.obj (.bss:buf_pool)
                  20004c60    00000258     mem_heap.obj (.bss:mem_ptr_pool)
                  20004eb8    00000120     rtsv7M3_T_le_eabi.lib : trgmsg.obj (.bss:__CIOBUF_)
                  20004fd8    00000090     bsp.lib : io_pin_int.obj (.bss)
                  20005068    00000080     basic_rf.obj (.bss:rxMpdu)
                  200050e8    00000080     mac_assoc.obj (.bss:rxMpdu)
                  20005168    00000074     basic_rf.obj (.bss:txMpdu)
                  200051dc    00000004     (.common:Associ_resp)
                  200051e0    00000058     mac.obj (.bss:pcb)
                  20005238    00000038     mac_assoc.obj (.bss:get_hders)
                  20005270    00000038     basic_rf.obj (.bss:get_hdr)
                  200052a8    00000038     mac.obj (.bss:pib)
                  200052e0    00000030     mac.obj (.bss:desc)
                  20005310    0000002c     bsp.lib : bsp_uart.obj (.bss)
                  2000533c    00000020             : bsp_key.obj (.bss)
                  2000535c    00000004     (.common:avail_memory)
                  20005360    00000020     (.common:Associ_req)
                  20005380    00000010     (.common:pui8RxBuf)
                  20005390    00000010     (.common:pui8TxBuf)
                  200053a0    00000008     (.common:parmbuf)
                  200053a8    00000004     (.common:get_buf)
                  200053ac    00000004     (.common:get_bufs)
                  200053b0    00000004     (.common:pConfig)
                  200053b4    00000004     (.common:pfISR)
                  200053b8    00000001     (.common:channel)
                  200053b9    00000001     (.common:loop)

.data      0    200053bc    000000f0     UNINITIALIZED
                  200053bc    00000040     main.obj (.data)
                  200053fc    00000028     mac_parse.obj (.data:DATA)
                  20005424    00000019     basic_rf.obj (.data)
                  2000543d    00000003     hal_rf.obj (.data)
                  20005440    00000014     mac_parse.obj (.data)
                  20005454    00000010     CSMA-CA.obj (.data)
                  20005464    0000000c     mac_scan.obj (.data)
                  20005470    0000000a     mac.obj (.data)
                  2000547a    00000008     mac_assoc.obj (.data)
                  20005482    00000002     --HOLE--
                  20005484    00000008     mmem.obj (.data)
                  2000548c    00000008     rtsv7M3_T_le_eabi.lib : _lock.obj (.data)
                  20005494    00000008                           : exit.obj (.data)
                  2000549c    00000005     uartstdio.obj (.data)
                  200054a1    00000003     --HOLE--
                  200054a4    00000004     rtsv7M3_T_le_eabi.lib : rand.obj (.data)
                  200054a8    00000004                           : stkdepth_vars.obj (.data)

.TI.noinit 
*          0    20004100    00000000     UNINITIALIZED

.TI.persistent 
*          0    200053bc    00000000     UNINITIALIZED

.stack     0    20007f00    00000100     UNINITIALIZED
                  20007f00    00000100     --HOLE--


LINKER GENERATED COPY TABLES

__TI_cinit_table @ 00205850 records: 3, size/record: 8, table size: 24
	.data: load addr=002057d8, load size=00000057 bytes, run addr=200053bc, run size=000000f0 bytes, compression=rle
	.bss: load addr=00205840, load size=00000008 bytes, run addr=20004100, run size=000012ba bytes, compression=zero_init
	.vtable: load addr=00205848, load size=00000008 bytes, run addr=20004000, run size=00000100 bytes, compression=zero_init


LINKER GENERATED HANDLER TABLE

__TI_handler_table @ 00205830 records: 3, size/record: 4, table size: 12
	index: 0, handler: __TI_zero_init
	index: 1, handler: __TI_decompress_rle24
	index: 2, handler: __TI_decompress_none


GLOBAL SYMBOLS: SORTED ALPHABETICALLY BY Name 

address   name                             
-------   ----                             
2000547b  A_resp                           
20005442  Allocated_addr                   
20005360  Associ_req                       
200051dc  Associ_resp                      
00201fc5  Association                      
20005455  BE                               
2000547a  B_flag                           
00204e59  C$$EXIT                          
00204b2b  C$$IO$$                          
002031b9  CCA                              
200053db  CH                               
200053f9  CH_over                          
200053e8  CNT_Receive                      
200053e6  CNT_transmit                     
00205463  CPUcpsid                         
0020546f  CPUcpsie                         
00205517  CPUwfi                           
00203685  ClockSet                         
200053fc  DATA                             
00205179  GPIODirModeSet                   
002050b9  GPIOGetIntNumber                 
00204f1d  GPIOIntTypeSet                   
002053cd  GPIOIntWakeupEnable              
002054ed  GPIOPinIntClear                  
0020541d  GPIOPinIntDisable                
0020547b  GPIOPinIntEnable                 
0020542b  GPIOPinIntStatus                 
002054f3  GPIOPinRead                      
002053dd  GPIOPinTypeGPIOInput             
002053ed  GPIOPinTypeUARTInput             
002053fd  GPIOPinTypeUARTOutput            
002054f9  GPIOPinWrite                     
00205311  GPIOPortIntRegister              
00203535  HOSTclock                        
002034fd  HOSTclose                        
002034bf  HOSTgetenv                       
00203463  HOSTlseek                        
00203411  HOSTopen                         
002033c5  HOSTread                         
00203367  HOSTrename                       
0020332d  HOSTtime                         
002032f5  HOSTunlink                       
002032a9  HOSTwrite                        
00204801  IOCPadConfigSet                  
00203ed5  IOCPinConfigPeriphInput          
00204875  IOCPinConfigPeriphOutput         
00203fbb  InitConsole                      
00204b65  IntDisable                       
00204bc5  IntEnable                        
00205463  IntMasterDisable                 
0020546f  IntMasterEnable                  
00204e9d  IntPendClear                     
002051cd  IntPrioritySet                   
00205085  IntRegister                      
20005454  NB                               
200053de  NofP                             
00202c3f  PAN_SET                          
0020162d  RF_Init                          
00201de3  RX_Association                   
00201687  RX_on                            
20005440  Received_Beacon_REQ              
200053f8  Recevied_Beacon                  
002048e9  ResetISR                         
00201e59  RfInit                           
0020367d  SCAN                             
UNDEFED   SHT$$INIT_ARRAY$$Base            
UNDEFED   SHT$$INIT_ARRAY$$Limit           
00202c6f  Send_Beacon                      
00202f0d  Send_DATA                        
00201585  Send_Frame                       
00203fb9  SleepModeIntHandler              
002050e9  SleepModeTimerCompareSet         
002052bd  SleepModeTimerCountGet           
200053ec  Sleep_Tick                       
200053ee  Sleep_Tick2                      
00204cd9  SysCtrlClockGet                  
00204c81  SysCtrlClockSet                  
00204a2d  SysCtrlDeepSleep                 
002054ff  SysCtrlDelay                     
00205359  SysCtrlIOClockSet                
0020525d  SysCtrlPeripheralDeepSleepDisable
0020527d  SysCtrlPeripheralEnable          
0020504d  SysCtrlPeripheralPresent         
00205489  SysCtrlPowerModeSet              
00205517  SysCtrlSleep                     
200053f4  TIMA_tick                        
00201f0d  Timer1AIntHandler                
00203041  Timer2AIntHandler                
002036f9  Timer3AIntHandler                
002051a5  TimerConfigure                   
00205439  TimerEnable                      
0020551b  TimerIntClear                    
002054d5  TimerIntEnable                   
00204c25  TimerIntRegister                 
002053a9  TimerLoadSet                     
00202e8d  Transmimit_set                   
00202e25  Transmmit                        
0020365b  UART0IntHandler                  
002054dd  UARTBusy                         
002054ad  UARTCharGet                      
002054b7  UARTCharPut                      
00205505  UARTClockSourceSet               
00204f99  UARTConfigSetExpClk              
002052d9  UARTDisable                      
0020536d  UARTEnable                       
0020550b  UARTFIFOLevelSet                 
0020551f  UARTIntClear                     
002054c1  UARTIntDisable                   
002054e5  UARTIntEnable                    
0020529d  UARTIntRegister                  
002054cb  UARTIntStatus                    
002026c1  UARTStdioConfig                  
00202725  UARTStdioInit                    
0020273b  UARTStdioInitExpClk              
00205495  UARTTxIntModeSet                 
0020284d  UARTgetc                         
00202793  UARTgets                         
00202b73  UARTprintf                       
00202879  UARTvprintf                      
00202751  UARTwrite                        
20004eb8  __CIOBUF_                        
20008000  __STACK_END                      
00000100  __STACK_SIZE                     
20008000  __STACK_TOP                      
00205850  __TI_CINIT_Base                  
00205868  __TI_CINIT_Limit                 
00205830  __TI_Handler_Table_Base          
0020583c  __TI_Handler_Table_Limit         
00204955  __TI_auto_init                   
20005494  __TI_cleanup_ptr                 
00205447  __TI_decompress_none             
00205511  __TI_decompress_rle24            
20005498  __TI_dtors_ptr                   
00204b2f  __TI_readmsg                     
002057d8  __TI_static_base__               
00204afd  __TI_writemsg                    
002054a1  __TI_zero_init                   
00203907  __aeabi_idiv0                    
00204785  __aeabi_memclr                   
00204785  __aeabi_memclr4                  
00204785  __aeabi_memclr8                  
00204545  __aeabi_memcpy                   
00204545  __aeabi_memcpy4                  
00204545  __aeabi_memcpy8                  
00204787  __aeabi_memset                   
00204787  __aeabi_memset4                  
00204787  __aeabi_memset8                  
00204edd  __aeabi_uidiv                    
00204edd  __aeabi_uidivmod                 
ffffffff  __binit__                        
ffffffff  __c_args__                       
0027ffd4  __cca                            
20007f00  __stack                          
00205329  _args_main                       
00205011  _c_int00                         
2000548c  _lock                            
0020538f  _nop                             
00205387  _register_lock                   
00205381  _register_unlock                 
00205523  _system_pre_init                 
20005490  _unlock                          
20005460  a                                
00204e5d  abort                            
2000547e  address                          
2000535c  avail_memory                     
0020153b  basicRfGetRssi                   
00201397  basicRfInit                      
0020149f  basicRfPacketIsReady             
002014b5  basicRfReceive                   
0020155b  basicRfReceiveOff                
0020154d  basicRfReceiveOn                 
002013ed  basicRfSendPacket                
ffffffff  binit                            
00205119  bspAssert                        
00204675  bspKeyInit                       
00205149  bspKeyIntEnable                  
00204e11  bspKeyIntRegister                
00203de1  bspKeyPushed                     
00205215  bspLedToggle                     
00204fd5  bspUartBufInit                   
00203ce5  bspUartOpen                      
00203a4d  buf_free                         
0020398f  buf_get                          
00203943  buf_get_cnt                      
00203909  buf_init                         
00203053  cca_handler                      
002030af  cca_setup                        
20005457  cca_timeout                      
200053b8  channel                          
20005450  cnt                              
200053fb  cntt                             
00204d79  copy_in                          
002030f1  csma_send                        
0020306d  csma_setup                       
00202fb1  csma_time                        
20005458  data_send                        
2000545c  delay                            
00202db3  drvr_get_rand                    
00204e65  exit                             
200053ea  flag                             
20005464  flag1                            
20005479  flag_Device_Addr                 
20005478  flagss                           
2000543c  frame_pend                       
20004000  g_pfnRAMVectors                  
00200000  g_pfnVectors                     
00201da7  gen_association_req_frame        
200053cc  get                              
200053ac  get_bufs                         
20005238  get_hders                        
20005270  get_hdr                          
00204f6b  halIntLock                       
00204f63  halIntOff                        
00204f5b  halIntOn                         
00204f87  halIntUnlock                     
00204705  halMcuInit                       
00204749  halMcuSetLowPowerMode            
00204719  halMcuWaitUs                     
00200ea1  halRfAppendTxBuf                 
00200fdb  halRfDisableRxInterrupt          
00200fef  halRfEnableRxInterrupt           
00200b23  halRfGetChipId                   
00200b29  halRfGetChipVer                  
00200b33  halRfGetRandomByte               
00200b37  halRfGetRssiOffset               
00200abd  halRfInit                        
00200f71  halRfReadMemory                  
00200eed  halRfReadRxBuf                   
00200fcd  halRfReceiveOff                  
00200fbf  halRfReceiveOn                   
00201003  halRfRxInterruptConfig           
00200b3d  halRfSetChannel                  
00200b7b  halRfSetExtAddr                  
00200dcd  halRfSetGain                     
00200d8b  halRfSetModule                   
00200c6f  halRfSetPanId                    
00200b57  halRfSetShortAddr                
00200c93  halRfSetTxPower                  
00200fa1  halRfTransmit                    
0020102d  halRfWaitTransceiverReady        
00200f8d  halRfWriteMemory                 
00200e49  halRfWriteTxBuf                  
200053f0  i                                
200053f1  index                            
2000547d  invalid_pan                      
00203a7d  ioPinIntRegister                 
2000544c  led_data                         
002037ab  list_add                         
002037ed  list_chop                        
0020376b  list_copy                        
0020375d  list_head                        
0020374d  list_init                        
002038e1  list_insert                      
002038b5  list_length                      
0020383f  list_pop                         
002037d3  list_push                        
0020385d  list_remove                      
0020377f  list_tail                        
200053b9  loop                             
00201c51  mac_association_req              
00201d1d  mac_association_resp             
00202d5b  mac_cmd_handler                  
00202cf5  mac_data_req                     
00202cf1  mac_desc_get                     
00200387  mac_gen_ack                      
00200579  mac_gen_beacon_frm               
002003ed  mac_gen_cmd                      
00200317  mac_gen_cmd_header               
002006c5  mac_gen_data_frm                 
00200631  mac_gen_data_hdr                 
00200101  mac_gen_frm_ctrl                 
0020018f  mac_gen_header                   
002005e5  mac_gen_superfrm_spec            
00202ba9  mac_init                         
002025ab  mac_parse_beacon                 
002024c3  mac_parse_cmd                    
002021a1  mac_parse_hdr                    
00202ce9  mac_pcb_get                      
00202ced  mac_pib_get                      
00203c81  mac_poll_conf                    
00203bd1  mac_poll_req                     
00203c8d  mac_poll_timeout                 
00201875  mac_scan                         
002016e5  mac_scan_alloc                   
002016ff  mac_scan_descr_add               
0020175b  mac_scan_descr_clear             
00201783  mac_scan_descr_find_addr         
002017ef  mac_scan_descr_find_pan          
00201745  mac_scan_descr_free              
002017e3  mac_scan_descr_get_head          
00201861  mac_scan_descr_insert            
00201a41  mac_scan_energy                  
00201853  mac_scan_get_energy_list         
00201821  mac_scan_get_entry_cnt           
002016d9  mac_scan_init                    
00203fe9  mac_sleep                        
00202dcb  mac_tx                           
0020357d  main                             
200054a8  main_func_sp                     
00204491  mem_heap_alloc                   
0020451d  mem_heap_free                    
00204481  mem_heap_init                    
00204545  memcpy                           
00205239  memmove                          
0020478d  memset                           
002043b9  mmem_alloc                       
002043f7  mmem_free                        
0020445f  mmem_init                        
20005480  pan_id                           
00201f29  passiveScan                      
200053bc  perConfig                        
200053fa  poll_flag                        
00204ddb  rand                             
20005444  rem                              
20005448  rem2                             
200050e8  rxMpdu                           
00201b7f  scan_timer_enable                
00201b43  scan_timer_set                   
00204dc5  srand                            
00205341  strcpy                           
00205395  strlen                           
2000543f  throw                            
00205455  time                             
2000547c  time_out                         
20005466  time_outs                        
20005456  timeout                          
00201efb  timer_enable                     
00201ebf  timer_set                        


GLOBAL SYMBOLS: SORTED BY Symbol Address 

address   name                             
-------   ----                             
00000100  __STACK_SIZE                     
00200000  g_pfnVectors                     
00200101  mac_gen_frm_ctrl                 
0020018f  mac_gen_header                   
00200317  mac_gen_cmd_header               
00200387  mac_gen_ack                      
002003ed  mac_gen_cmd                      
00200579  mac_gen_beacon_frm               
002005e5  mac_gen_superfrm_spec            
00200631  mac_gen_data_hdr                 
002006c5  mac_gen_data_frm                 
00200abd  halRfInit                        
00200b23  halRfGetChipId                   
00200b29  halRfGetChipVer                  
00200b33  halRfGetRandomByte               
00200b37  halRfGetRssiOffset               
00200b3d  halRfSetChannel                  
00200b57  halRfSetShortAddr                
00200b7b  halRfSetExtAddr                  
00200c6f  halRfSetPanId                    
00200c93  halRfSetTxPower                  
00200d8b  halRfSetModule                   
00200dcd  halRfSetGain                     
00200e49  halRfWriteTxBuf                  
00200ea1  halRfAppendTxBuf                 
00200eed  halRfReadRxBuf                   
00200f71  halRfReadMemory                  
00200f8d  halRfWriteMemory                 
00200fa1  halRfTransmit                    
00200fbf  halRfReceiveOn                   
00200fcd  halRfReceiveOff                  
00200fdb  halRfDisableRxInterrupt          
00200fef  halRfEnableRxInterrupt           
00201003  halRfRxInterruptConfig           
0020102d  halRfWaitTransceiverReady        
00201397  basicRfInit                      
002013ed  basicRfSendPacket                
0020149f  basicRfPacketIsReady             
002014b5  basicRfReceive                   
0020153b  basicRfGetRssi                   
0020154d  basicRfReceiveOn                 
0020155b  basicRfReceiveOff                
00201585  Send_Frame                       
0020162d  RF_Init                          
00201687  RX_on                            
002016d9  mac_scan_init                    
002016e5  mac_scan_alloc                   
002016ff  mac_scan_descr_add               
00201745  mac_scan_descr_free              
0020175b  mac_scan_descr_clear             
00201783  mac_scan_descr_find_addr         
002017e3  mac_scan_descr_get_head          
002017ef  mac_scan_descr_find_pan          
00201821  mac_scan_get_entry_cnt           
00201853  mac_scan_get_energy_list         
00201861  mac_scan_descr_insert            
00201875  mac_scan                         
00201a41  mac_scan_energy                  
00201b43  scan_timer_set                   
00201b7f  scan_timer_enable                
00201c51  mac_association_req              
00201d1d  mac_association_resp             
00201da7  gen_association_req_frame        
00201de3  RX_Association                   
00201e59  RfInit                           
00201ebf  timer_set                        
00201efb  timer_enable                     
00201f0d  Timer1AIntHandler                
00201f29  passiveScan                      
00201fc5  Association                      
002021a1  mac_parse_hdr                    
002024c3  mac_parse_cmd                    
002025ab  mac_parse_beacon                 
002026c1  UARTStdioConfig                  
00202725  UARTStdioInit                    
0020273b  UARTStdioInitExpClk              
00202751  UARTwrite                        
00202793  UARTgets                         
0020284d  UARTgetc                         
00202879  UARTvprintf                      
00202b73  UARTprintf                       
00202ba9  mac_init                         
00202c3f  PAN_SET                          
00202c6f  Send_Beacon                      
00202ce9  mac_pcb_get                      
00202ced  mac_pib_get                      
00202cf1  mac_desc_get                     
00202cf5  mac_data_req                     
00202d5b  mac_cmd_handler                  
00202db3  drvr_get_rand                    
00202dcb  mac_tx                           
00202e25  Transmmit                        
00202e8d  Transmimit_set                   
00202f0d  Send_DATA                        
00202fb1  csma_time                        
00203041  Timer2AIntHandler                
00203053  cca_handler                      
0020306d  csma_setup                       
002030af  cca_setup                        
002030f1  csma_send                        
002031b9  CCA                              
002032a9  HOSTwrite                        
002032f5  HOSTunlink                       
0020332d  HOSTtime                         
00203367  HOSTrename                       
002033c5  HOSTread                         
00203411  HOSTopen                         
00203463  HOSTlseek                        
002034bf  HOSTgetenv                       
002034fd  HOSTclose                        
00203535  HOSTclock                        
0020357d  main                             
0020365b  UART0IntHandler                  
0020367d  SCAN                             
00203685  ClockSet                         
002036f9  Timer3AIntHandler                
0020374d  list_init                        
0020375d  list_head                        
0020376b  list_copy                        
0020377f  list_tail                        
002037ab  list_add                         
002037d3  list_push                        
002037ed  list_chop                        
0020383f  list_pop                         
0020385d  list_remove                      
002038b5  list_length                      
002038e1  list_insert                      
00203907  __aeabi_idiv0                    
00203909  buf_init                         
00203943  buf_get_cnt                      
0020398f  buf_get                          
00203a4d  buf_free                         
00203a7d  ioPinIntRegister                 
00203bd1  mac_poll_req                     
00203c81  mac_poll_conf                    
00203c8d  mac_poll_timeout                 
00203ce5  bspUartOpen                      
00203de1  bspKeyPushed                     
00203ed5  IOCPinConfigPeriphInput          
00203fb9  SleepModeIntHandler              
00203fbb  InitConsole                      
00203fe9  mac_sleep                        
002043b9  mmem_alloc                       
002043f7  mmem_free                        
0020445f  mmem_init                        
00204481  mem_heap_init                    
00204491  mem_heap_alloc                   
0020451d  mem_heap_free                    
00204545  __aeabi_memcpy                   
00204545  __aeabi_memcpy4                  
00204545  __aeabi_memcpy8                  
00204545  memcpy                           
00204675  bspKeyInit                       
00204705  halMcuInit                       
00204719  halMcuWaitUs                     
00204749  halMcuSetLowPowerMode            
00204785  __aeabi_memclr                   
00204785  __aeabi_memclr4                  
00204785  __aeabi_memclr8                  
00204787  __aeabi_memset                   
00204787  __aeabi_memset4                  
00204787  __aeabi_memset8                  
0020478d  memset                           
00204801  IOCPadConfigSet                  
00204875  IOCPinConfigPeriphOutput         
002048e9  ResetISR                         
00204955  __TI_auto_init                   
00204a2d  SysCtrlDeepSleep                 
00204afd  __TI_writemsg                    
00204b2b  C$$IO$$                          
00204b2f  __TI_readmsg                     
00204b65  IntDisable                       
00204bc5  IntEnable                        
00204c25  TimerIntRegister                 
00204c81  SysCtrlClockSet                  
00204cd9  SysCtrlClockGet                  
00204d79  copy_in                          
00204dc5  srand                            
00204ddb  rand                             
00204e11  bspKeyIntRegister                
00204e59  C$$EXIT                          
00204e5d  abort                            
00204e65  exit                             
00204e9d  IntPendClear                     
00204edd  __aeabi_uidiv                    
00204edd  __aeabi_uidivmod                 
00204f1d  GPIOIntTypeSet                   
00204f5b  halIntOn                         
00204f63  halIntOff                        
00204f6b  halIntLock                       
00204f87  halIntUnlock                     
00204f99  UARTConfigSetExpClk              
00204fd5  bspUartBufInit                   
00205011  _c_int00                         
0020504d  SysCtrlPeripheralPresent         
00205085  IntRegister                      
002050b9  GPIOGetIntNumber                 
002050e9  SleepModeTimerCompareSet         
00205119  bspAssert                        
00205149  bspKeyIntEnable                  
00205179  GPIODirModeSet                   
002051a5  TimerConfigure                   
002051cd  IntPrioritySet                   
00205215  bspLedToggle                     
00205239  memmove                          
0020525d  SysCtrlPeripheralDeepSleepDisable
0020527d  SysCtrlPeripheralEnable          
0020529d  UARTIntRegister                  
002052bd  SleepModeTimerCountGet           
002052d9  UARTDisable                      
00205311  GPIOPortIntRegister              
00205329  _args_main                       
00205341  strcpy                           
00205359  SysCtrlIOClockSet                
0020536d  UARTEnable                       
00205381  _register_unlock                 
00205387  _register_lock                   
0020538f  _nop                             
00205395  strlen                           
002053a9  TimerLoadSet                     
002053cd  GPIOIntWakeupEnable              
002053dd  GPIOPinTypeGPIOInput             
002053ed  GPIOPinTypeUARTInput             
002053fd  GPIOPinTypeUARTOutput            
0020541d  GPIOPinIntDisable                
0020542b  GPIOPinIntStatus                 
00205439  TimerEnable                      
00205447  __TI_decompress_none             
00205455  time                             
00205463  CPUcpsid                         
00205463  IntMasterDisable                 
0020546f  CPUcpsie                         
0020546f  IntMasterEnable                  
0020547b  GPIOPinIntEnable                 
00205489  SysCtrlPowerModeSet              
00205495  UARTTxIntModeSet                 
002054a1  __TI_zero_init                   
002054ad  UARTCharGet                      
002054b7  UARTCharPut                      
002054c1  UARTIntDisable                   
002054cb  UARTIntStatus                    
002054d5  TimerIntEnable                   
002054dd  UARTBusy                         
002054e5  UARTIntEnable                    
002054ed  GPIOPinIntClear                  
002054f3  GPIOPinRead                      
002054f9  GPIOPinWrite                     
002054ff  SysCtrlDelay                     
00205505  UARTClockSourceSet               
0020550b  UARTFIFOLevelSet                 
00205511  __TI_decompress_rle24            
00205517  CPUwfi                           
00205517  SysCtrlSleep                     
0020551b  TimerIntClear                    
0020551f  UARTIntClear                     
00205523  _system_pre_init                 
002057d8  __TI_static_base__               
00205830  __TI_Handler_Table_Base          
0020583c  __TI_Handler_Table_Limit         
00205850  __TI_CINIT_Base                  
00205868  __TI_CINIT_Limit                 
0027ffd4  __cca                            
20004000  g_pfnRAMVectors                  
20004eb8  __CIOBUF_                        
200050e8  rxMpdu                           
200051dc  Associ_resp                      
20005238  get_hders                        
20005270  get_hdr                          
2000535c  avail_memory                     
20005360  Associ_req                       
200053ac  get_bufs                         
200053b8  channel                          
200053b9  loop                             
200053bc  perConfig                        
200053cc  get                              
200053db  CH                               
200053de  NofP                             
200053e6  CNT_transmit                     
200053e8  CNT_Receive                      
200053ea  flag                             
200053ec  Sleep_Tick                       
200053ee  Sleep_Tick2                      
200053f0  i                                
200053f1  index                            
200053f4  TIMA_tick                        
200053f8  Recevied_Beacon                  
200053f9  CH_over                          
200053fa  poll_flag                        
200053fb  cntt                             
200053fc  DATA                             
2000543c  frame_pend                       
2000543f  throw                            
20005440  Received_Beacon_REQ              
20005442  Allocated_addr                   
20005444  rem                              
20005448  rem2                             
2000544c  led_data                         
20005450  cnt                              
20005454  NB                               
20005455  BE                               
20005456  timeout                          
20005457  cca_timeout                      
20005458  data_send                        
2000545c  delay                            
20005460  a                                
20005464  flag1                            
20005466  time_outs                        
20005478  flagss                           
20005479  flag_Device_Addr                 
2000547a  B_flag                           
2000547b  A_resp                           
2000547c  time_out                         
2000547d  invalid_pan                      
2000547e  address                          
20005480  pan_id                           
2000548c  _lock                            
20005490  _unlock                          
20005494  __TI_cleanup_ptr                 
20005498  __TI_dtors_ptr                   
200054a8  main_func_sp                     
20007f00  __stack                          
20008000  __STACK_END                      
20008000  __STACK_TOP                      
ffffffff  __binit__                        
ffffffff  __c_args__                       
ffffffff  binit                            
UNDEFED   SHT$$INIT_ARRAY$$Base            
UNDEFED   SHT$$INIT_ARRAY$$Limit           

[328 symbols]
