******************************************************************************
                  TI ARM Linker PC v5.2.5                      
******************************************************************************
>> Linked Wed Jul 20 21:04:30 2016

OUTPUT FILE NAME:   <RF_2.out>
ENTRY POINT SYMBOL: "ResetISR"  address: 002030e1


MEMORY CONFIGURATION

         name            origin    length      used     unused   attr    fill
----------------------  --------  ---------  --------  --------  ----  --------
  FLASH                 00200000   0007ffd4  00003dc8  0007c20c  R  X
  FLASH_CCA             0027ffd4   0000000c  0000000c  00000000  R  X
  SRAM_NON_RETENTION    20000000   00004000  00000000  00004000  RW X
  SRAM_RETENTION        20004000   00004000  00001318  00002ce8  RW X


SEGMENT ALLOCATION MAP

run origin  load origin   length   init length attrs members
----------  ----------- ---------- ----------- ----- -------
00200000    00200000    00003dd0   00003dd0    r-x
  00200000    00200000    00000100   00000100    r-- .intvecs
  00200100    00200100    000039aa   000039aa    r-x .text
  00203aac    00203aac    000002ae   000002ae    r-- .const
  00203d60    00203d60    00000070   00000070    r-- .cinit
0027ffd4    0027ffd4    0000000c   0000000c    r--
  0027ffd4    0027ffd4    0000000c   0000000c    r-- .flashcca
20004000    20004000    00001218   00000000    rw-
  20004000    20004000    00000100   00000000    rw- .vtable
  20004100    20004100    00001080   00000000    rw- .bss
  20005180    20005180    00000098   00000000    rw- .data
20007f00    20007f00    00000100   00000000    rw-
  20007f00    20007f00    00000100   00000000    rw- .stack


SECTION ALLOCATION MAP

 output                                  attributes/
section   page    origin      length       input sections
--------  ----  ----------  ----------   ----------------
.intvecs   0    00200000    00000100     
                  00200000    00000100     cx2538_startup_ccs.obj (.intvecs)

.text      0    00200100    000039aa     
                  00200100    00000548     basic_rf.obj (.text)
                  00200648    00000512     mac_gen.obj (.text)
                  00200b5a    00000002     rtsv7M3_T_le_eabi.lib : i_div0.obj (.text)
                  00200b5c    000004ec     hal_rf.obj (.text)
                  00201048    000004e8     uartstdio.obj (.text)
                  00201530    000003a4     main.obj (.text)
                  002018d4    0000039c     mac_scan.obj (.text)
                  00201c70    000002e2     mac_parse.obj (.text)
                  00201f52    00000002     --HOLE-- [fill = 0]
                  00201f54    000002d4     mac.obj (.text)
                  00202228    000001ba     list.obj (.text)
                  002023e2    00000002     --HOLE-- [fill = 0]
                  002023e4    00000174     buf.obj (.text)
                  00202558    00000154     bsp.lib : io_pin_int.obj (.text:ioPinIntRegister)
                  002026ac    000000fc             : bsp_uart.obj (.text:bspUartOpen)
                  002027a8    000000e4     driverlib.lib : ioc.obj (.text:IOCPinConfigPeriphInput)
                  0020288c    000000cc     mmem.obj (.text)
                  00202958    000000c8     bsp.lib : io_pin_int.obj (.text:ioPortAIsr)
                  00202a20    000000c8             : io_pin_int.obj (.text:ioPortBIsr)
                  00202ae8    000000c8             : io_pin_int.obj (.text:ioPortCIsr)
                  00202bb0    000000c8             : io_pin_int.obj (.text:ioPortDIsr)
                  00202c78    000000c4     mem_heap.obj (.text)
                  00202d3c    0000009c     rtsv7M3_T_le_eabi.lib : memcpy_t2.obj (.text)
                  00202dd8    00000094     bsp.lib : bsp_key.obj (.text:bspKeyDirPushedISR)
                  00202e6c    00000090             : bsp_key.obj (.text:bspKeyInit)
                  00202efc    00000080     hal_mcu.obj (.text)
                  00202f7c    0000007a     rtsv7M3_T_le_eabi.lib : memset_t2.obj (.text)
                  00202ff6    00000002     --HOLE-- [fill = 0]
                  00202ff8    00000074     driverlib.lib : ioc.obj (.text:IOCPadConfigSet)
                  0020306c    00000074                   : ioc.obj (.text:IOCPinConfigPeriphOutput)
                  002030e0    0000006c     cx2538_startup_ccs.obj (.text)
                  0020314c    0000006c     rtsv7M3_T_le_eabi.lib : autoinit.obj (.text)
                  002031b8    0000006a                           : copy_decompress_rle.obj (.text)
                  00203222    00000002     --HOLE-- [fill = 0]
                  00203224    00000068     bsp.lib : bsp_key.obj (.text:bspKeySelPushedISR)
                  0020328c    00000060     driverlib.lib : interrupt.obj (.text:IntDisable)
                  002032ec    00000060                   : interrupt.obj (.text:IntEnable)
                  0020334c    0000005c                   : gptimer.obj (.text:TimerIntRegister)
                  002033a8    00000058                   : sys_ctrl.obj (.text:SysCtrlClockSet)
                  00203400    00000050                   : sys_ctrl.obj (.text:SysCtrlClockGet)
                  00203450    00000050     bsp.lib : bsp_key.obj (.text:bspKeyTimerISR)
                  002034a0    0000004c     rtsv7M3_T_le_eabi.lib : cpy_tbl.obj (.text)
                  002034ec    0000004c                           : rand.obj (.text)
                  00203538    00000044                           : exit.obj (.text)
                  0020357c    00000040     driverlib.lib : interrupt.obj (.text:IntPendClear)
                  002035bc    00000040     rtsv7M3_T_le_eabi.lib : u_divt2.obj (.text)
                  002035fc    0000003e     driverlib.lib : gpio.obj (.text:GPIOIntTypeSet)
                  0020363a    0000003c                   : uart.obj (.text:UARTConfigSetExpClk)
                  00203676    00000002     --HOLE-- [fill = 0]
                  00203678    0000003c     bsp.lib : bsp_uart.obj (.text:bspUartBufInit)
                  002036b4    0000003c     rtsv7M3_T_le_eabi.lib : boot.obj (.text)
                  002036f0    00000038     driverlib.lib : sys_ctrl.obj (.text:SysCtrlPeripheralPresent)
                  00203728    00000034                   : interrupt.obj (.text:IntRegister)
                  0020375c    00000030                   : gpio.obj (.text:GPIOGetIntNumber)
                  0020378c    00000030     bsp.lib : bsp.obj (.text:bspAssert)
                  002037bc    0000002a     driverlib.lib : gpio.obj (.text:GPIODirModeSet)
                  002037e6    00000002     --HOLE-- [fill = 0]
                  002037e8    00000028                   : gptimer.obj (.text:TimerConfigure)
                  00203810    00000024                   : interrupt.obj (.text:IntPrioritySet)
                  00203834    00000024     bsp.lib : bsp_key.obj (.text:bspKeyTimerEnable)
                  00203858    00000022     rtsv7M3_T_le_eabi.lib : memmov.obj (.text)
                  0020387a    00000002     --HOLE-- [fill = 0]
                  0020387c    00000020     driverlib.lib : sys_ctrl.obj (.text:SysCtrlPeripheralEnable)
                  0020389c    00000020                   : uart.obj (.text:UARTIntRegister)
                  002038bc    0000001c                   : uart.obj (.text:UARTDisable)
                  002038d8    0000001c     bsp.lib : bsp_uart.obj (.text:buBufFlush)
                  002038f4    00000018     driverlib.lib : gpio.obj (.text:GPIOPortIntRegister)
                  0020390c    00000018     rtsv7M3_T_le_eabi.lib : args_main.obj (.text)
                  00203924    00000014     driverlib.lib : sys_ctrl.obj (.text:SysCtrlIOClockSet)
                  00203938    00000014                   : uart.obj (.text:UARTEnable)
                  0020394c    00000014     rtsv7M3_T_le_eabi.lib : _lock.obj (.text)
                  00203960    00000012     driverlib.lib : gptimer.obj (.text:TimerLoadSet)
                  00203972    00000012     bsp.lib : bsp_key.obj (.text:bspKeyTimerIntRegister)
                  00203984    00000010     driverlib.lib : gpio.obj (.text:GPIOPinTypeGPIOInput)
                  00203994    00000010                   : gpio.obj (.text:GPIOPinTypeUARTInput)
                  002039a4    00000010                   : gpio.obj (.text:GPIOPinTypeUARTOutput)
                  002039b4    00000010     bsp.lib : bsp_key.obj (.text:bspKeyTimerDisable)
                  002039c4    0000000e     driverlib.lib : gpio.obj (.text:GPIOPinIntDisable)
                  002039d2    0000000e                   : gpio.obj (.text:GPIOPinIntStatus)
                  002039e0    0000000e                   : gptimer.obj (.text:TimerEnable)
                  002039ee    0000000e     rtsv7M3_T_le_eabi.lib : copy_decompress_none.obj (.text:decompress:none)
                  002039fc    0000000c     driverlib.lib : cpu.obj (.text:CPUcpsid)
                  00203a08    0000000c                   : cpu.obj (.text:CPUcpsie)
                  00203a14    0000000c                   : gpio.obj (.text:GPIOPinIntEnable)
                  00203a20    0000000c                   : uart.obj (.text:UARTTxIntModeSet)
                  00203a2c    0000000c     rtsv7M3_T_le_eabi.lib : copy_zero_init.obj (.text:decompress:ZI)
                  00203a38    0000000a     driverlib.lib : uart.obj (.text:UARTCharGet)
                  00203a42    0000000a                   : uart.obj (.text:UARTCharPut)
                  00203a4c    0000000a                   : uart.obj (.text:UARTCharsAvail)
                  00203a56    0000000a                   : uart.obj (.text:UARTIntDisable)
                  00203a60    0000000a                   : uart.obj (.text:UARTIntStatus)
                  00203a6a    00000008                   : gptimer.obj (.text:TimerIntEnable)
                  00203a72    00000008                   : uart.obj (.text:UARTIntEnable)
                  00203a7a    00000006                   : gpio.obj (.text:GPIOPinIntClear)
                  00203a80    00000006                   : gpio.obj (.text:GPIOPinWrite)
                  00203a86    00000006                   : sys_ctrl.obj (.text:SysCtrlDelay)
                  00203a8c    00000006                   : uart.obj (.text:UARTClockSourceSet)
                  00203a92    00000006                   : uart.obj (.text:UARTFIFOLevelSet)
                  00203a98    00000006     rtsv7M3_T_le_eabi.lib : copy_decompress_rle.obj (.text:decompress:rle24)
                  00203a9e    00000004     driverlib.lib : gptimer.obj (.text:TimerIntClear)
                  00203aa2    00000004                   : uart.obj (.text:UARTIntClear)
                  00203aa6    00000004     rtsv7M3_T_le_eabi.lib : pre_init.obj (.text)

.const     0    00203aac    000002ae     
                  00203aac    00000100     driverlib.lib : ioc.obj (.const)
                  00203bac    000000a4                   : interrupt.obj (.const:g_pui32Regs)
                  00203c50    00000074                   : sys_ctrl.obj (.const)
                  00203cc4    00000070                   : interrupt.obj (.const)
                  00203d34    00000014     uartstdio.obj (.const)
                  00203d48    00000012     uartstdio.obj (.const:.string)

.cinit     0    00203d60    00000070     
                  00203d60    00000039     (.cinit..data.load) [load image, compression = rle]
                  00203d99    00000003     --HOLE-- [fill = 0]
                  00203d9c    0000000c     (__TI_handler_table)
                  00203da8    00000008     (.cinit..bss.load) [load image, compression = zero_init]
                  00203db0    00000008     (.cinit..vtable.load) [load image, compression = zero_init]
                  00203db8    00000018     (__TI_cinit_table)

.init_array 
*          0    00200000    00000000     UNINITIALIZED

.flashcca 
*          0    0027ffd4    0000000c     
                  0027ffd4    0000000c     cx2538_setup.obj (.flashcca:retain)

.vtable    0    20004000    00000100     UNINITIALIZED
                  20004000    00000100     driverlib.lib : interrupt.obj (.vtable)

.bss       0    20004100    00001080     UNINITIALIZED
                  20004100    00000800     mmem.obj (.bss:memory)
                  20004900    00000360     buf.obj (.bss:buf_pool)
                  20004c60    00000258     mem_heap.obj (.bss:mem_ptr_pool)
                  20004eb8    00000090     bsp.lib : io_pin_int.obj (.bss)
                  20004f48    00000080     basic_rf.obj (.bss:rxMpdu)
                  20004fc8    00000074     basic_rf.obj (.bss:txMpdu)
                  2000503c    00000004     (.common:avail_memory)
                  20005040    00000058     mac.obj (.bss:pcb)
                  20005098    00000038     basic_rf.obj (.bss:get_hdr)
                  200050d0    00000038     mac.obj (.bss:pib)
                  20005108    0000002c     bsp.lib : bsp_uart.obj (.bss)
                  20005134    00000020             : bsp_key.obj (.bss)
                  20005154    00000010     (.common:pui8RxBuf)
                  20005164    00000010     (.common:pui8TxBuf)
                  20005174    00000004     (.common:get_buf)
                  20005178    00000004     (.common:pConfig)
                  2000517c    00000004     (.common:pfISR)

.data      0    20005180    00000098     UNINITIALIZED
                  20005180    0000003d     main.obj (.data)
                  200051bd    00000002     hal_rf.obj (.data)
                  200051bf    00000001     --HOLE--
                  200051c0    00000018     basic_rf.obj (.data)
                  200051d8    0000000c     mac_scan.obj (.data)
                  200051e4    00000009     mac.obj (.data)
                  200051ed    00000003     --HOLE--
                  200051f0    00000008     mmem.obj (.data)
                  200051f8    00000008     rtsv7M3_T_le_eabi.lib : _lock.obj (.data)
                  20005200    00000008                           : exit.obj (.data)
                  20005208    00000005     uartstdio.obj (.data)
                  2000520d    00000003     --HOLE--
                  20005210    00000004     rtsv7M3_T_le_eabi.lib : rand.obj (.data)
                  20005214    00000004                           : stkdepth_vars.obj (.data)

.TI.noinit 
*          0    20004100    00000000     UNINITIALIZED

.TI.persistent 
*          0    20005180    00000000     UNINITIALIZED

.stack     0    20007f00    00000100     UNINITIALIZED
                  20007f00    00000100     --HOLE--


LINKER GENERATED COPY TABLES

__TI_cinit_table @ 00203db8 records: 3, size/record: 8, table size: 24
	.data: load addr=00203d60, load size=00000039 bytes, run addr=20005180, run size=00000098 bytes, compression=rle
	.bss: load addr=00203da8, load size=00000008 bytes, run addr=20004100, run size=00001080 bytes, compression=zero_init
	.vtable: load addr=00203db0, load size=00000008 bytes, run addr=20004000, run size=00000100 bytes, compression=zero_init


LINKER GENERATED HANDLER TABLE

__TI_handler_table @ 00203d9c records: 3, size/record: 4, table size: 12
	index: 0, handler: __TI_zero_init
	index: 1, handler: __TI_decompress_rle24
	index: 2, handler: __TI_decompress_none


GLOBAL SYMBOLS: SORTED ALPHABETICALLY BY Name 

address   name                     
-------   ----                     
00203539  C$$EXIT                  
2000519f  CH                       
200051ac  CNT_Receive              
200051aa  CNT_transmit             
002039fd  CPUcpsid                 
00203a09  CPUcpsie                 
0020170f  ClockSet                 
002037bd  GPIODirModeSet           
0020375d  GPIOGetIntNumber         
002035fd  GPIOIntTypeSet           
00203a7b  GPIOPinIntClear          
002039c5  GPIOPinIntDisable        
00203a15  GPIOPinIntEnable         
002039d3  GPIOPinIntStatus         
00203985  GPIOPinTypeGPIOInput     
00203995  GPIOPinTypeUARTInput     
002039a5  GPIOPinTypeUARTOutput    
00203a81  GPIOPinWrite             
002038f5  GPIOPortIntRegister      
00202ff9  IOCPadConfigSet          
002027a9  IOCPinConfigPeriphInput  
0020306d  IOCPinConfigPeriphOutput 
0020328d  IntDisable               
002032ed  IntEnable                
002039fd  IntMasterDisable         
00203a09  IntMasterEnable          
0020357d  IntPendClear             
00203811  IntPrioritySet           
00203729  IntRegister              
200051a2  NofP                     
00201fcb  PAN_SET                  
002005c9  RF_Init                  
0020061b  RX_on                    
200051bc  Recevied_Beacon          
002030e1  ResetISR                 
002016f7  SCAN                     
UNDEFED   SHT$$INIT_ARRAY$$Base    
UNDEFED   SHT$$INIT_ARRAY$$Limit   
00201fd1  Send_Beacon              
00200529  Send_Frame               
200051b0  Sleep_Tick               
200051b2  Sleep_Tick2              
00203401  SysCtrlClockGet          
002033a9  SysCtrlClockSet          
00203a87  SysCtrlDelay             
00203925  SysCtrlIOClockSet        
0020387d  SysCtrlPeripheralEnable  
002036f1  SysCtrlPeripheralPresent 
200051b8  TIMA_tick                
00201781  Timer0AIntHandler        
002037e9  TimerConfigure           
002039e1  TimerEnable              
00203a9f  TimerIntClear            
00203a6b  TimerIntEnable           
0020334d  TimerIntRegister         
00203961  TimerLoadSet             
00202179  Transmimit_set           
0020212d  Transmmit                
002015a9  UART0IntHandler          
00203a39  UARTCharGet              
00203a43  UARTCharPut              
00203a4d  UARTCharsAvail           
00203a8d  UARTClockSourceSet       
0020363b  UARTConfigSetExpClk      
002038bd  UARTDisable              
00203939  UARTEnable               
00203a93  UARTFIFOLevelSet         
00203aa3  UARTIntClear             
00203a57  UARTIntDisable           
00203a73  UARTIntEnable            
0020389d  UARTIntRegister          
00203a61  UARTIntStatus            
00201049  UARTStdioConfig          
002010ad  UARTStdioInit            
002010c3  UARTStdioInitExpClk      
00203a21  UARTTxIntModeSet         
002011d5  UARTgetc                 
0020111b  UARTgets                 
002014fb  UARTprintf               
00201201  UARTvprintf              
002010d9  UARTwrite                
20008000  __STACK_END              
00000100  __STACK_SIZE             
20008000  __STACK_TOP              
00203db8  __TI_CINIT_Base          
00203dd0  __TI_CINIT_Limit         
00203d9c  __TI_Handler_Table_Base  
00203da8  __TI_Handler_Table_Limit 
0020314d  __TI_auto_init           
20005200  __TI_cleanup_ptr         
002039ef  __TI_decompress_none     
00203a99  __TI_decompress_rle24    
20005204  __TI_dtors_ptr           
00203d60  __TI_static_base__       
00203a2d  __TI_zero_init           
00200b5b  __aeabi_idiv0            
00202f7d  __aeabi_memclr           
00202f7d  __aeabi_memclr4          
00202f7d  __aeabi_memclr8          
00202d3d  __aeabi_memcpy           
00202d3d  __aeabi_memcpy4          
00202d3d  __aeabi_memcpy8          
00202f7f  __aeabi_memset           
00202f7f  __aeabi_memset4          
00202f7f  __aeabi_memset8          
002035bd  __aeabi_uidiv            
002035bd  __aeabi_uidivmod         
ffffffff  __binit__                
ffffffff  __c_args__               
0027ffd4  __cca                    
20007f00  __stack                  
0020390d  _args_main               
002036b5  _c_int00                 
200051f8  _lock                    
0020395b  _nop                     
00203953  _register_lock           
0020394d  _register_unlock         
00203aa7  _system_pre_init         
200051fc  _unlock                  
0020353d  abort                    
2000503c  avail_memory             
002004d5  basicRfGetRssi           
00200329  basicRfInit              
00200435  basicRfPacketIsReady     
00200449  basicRfReceive           
002004fb  basicRfReceiveOff        
002004ed  basicRfReceiveOn         
00200385  basicRfSendPacket        
ffffffff  binit                    
0020378d  bspAssert                
00202e6d  bspKeyInit               
00203679  bspUartBufInit           
002026ad  bspUartOpen              
00202529  buf_free                 
0020246b  buf_get                  
0020241f  buf_get_cnt              
002023e5  buf_init                 
002034a1  copy_in                  
002020cf  drvr_get_rand            
00203545  exit                     
200051ae  flag                     
200051d8  flag1                    
200051ec  flagss                   
20004000  g_pfnRAMVectors          
00200000  g_pfnVectors             
20005190  get                      
20005098  get_hdr                  
00202efd  halMcuInit               
00202f41  halMcuSetLowPowerMode    
00202f11  halMcuWaitUs             
00200e05  halRfAppendTxBuf         
00200f19  halRfDisableRxInterrupt  
00200f35  halRfEnableRxInterrupt   
00200bc3  halRfGetChipId           
00200bc9  halRfGetChipVer          
00200bd3  halRfGetRandomByte       
00200bd7  halRfGetRssiOffset       
00200b5d  halRfInit                
00200e7d  halRfReadMemory          
00200e3d  halRfReadRxBuf           
00200f05  halRfReceiveOff          
00200eed  halRfReceiveOn           
00200f4d  halRfRxInterruptConfig   
00200bdd  halRfSetChannel          
00200d61  halRfSetGain             
00200d37  halRfSetModule           
00200c1b  halRfSetPanId            
00200bf7  halRfSetShortAddr        
00200c3f  halRfSetTxPower          
00200ec9  halRfTransmit            
00200f77  halRfWaitTransceiverReady
00200eb1  halRfWriteMemory         
00200dbd  halRfWriteTxBuf          
200051b4  i                        
200051b5  index                    
00202559  ioPinIntRegister         
00202287  list_add                 
002022c9  list_chop                
00202247  list_copy                
00202239  list_head                
00202229  list_init                
002023bd  list_insert              
00202391  list_length              
0020231b  list_pop                 
002022af  list_push                
00202339  list_remove              
0020225b  list_tail                
002020c3  mac_cmd_handler          
0020205d  mac_data_req             
002008bd  mac_gen_ack              
00200aa3  mac_gen_beacon_frm       
00200923  mac_gen_cmd              
0020084d  mac_gen_cmd_header       
00200649  mac_gen_frm_ctrl         
002006d7  mac_gen_header           
00200b0f  mac_gen_superfrm_spec    
00201f55  mac_init                 
00201e51  mac_parse_beacon         
00201da3  mac_parse_cmd            
00201c71  mac_parse_hdr            
00202055  mac_pcb_get              
00202059  mac_pib_get              
00201a61  mac_scan                 
002018fb  mac_scan_descr_add       
00201957  mac_scan_descr_clear     
0020197f  mac_scan_descr_find_addr 
002019eb  mac_scan_descr_find_pan  
00201941  mac_scan_descr_free      
002019df  mac_scan_descr_get_head  
00201a4f  mac_scan_get_energy_list 
00201a1d  mac_scan_get_entry_cnt   
002018d5  mac_scan_init            
002020e7  mac_tx                   
00201531  main                     
20005214  main_func_sp             
00202c89  mem_heap_alloc           
00202d15  mem_heap_free            
00202c79  mem_heap_init            
00202d3d  memcpy                   
00203859  memmove                  
00202f85  memset                   
0020288d  mmem_alloc               
002028cf  mmem_free                
00202937  mmem_init                
20005180  perConfig                
00203503  rand                     
002034ed  srand                    


GLOBAL SYMBOLS: SORTED BY Symbol Address 

address   name                     
-------   ----                     
00000100  __STACK_SIZE             
00200000  g_pfnVectors             
00200329  basicRfInit              
00200385  basicRfSendPacket        
00200435  basicRfPacketIsReady     
00200449  basicRfReceive           
002004d5  basicRfGetRssi           
002004ed  basicRfReceiveOn         
002004fb  basicRfReceiveOff        
00200529  Send_Frame               
002005c9  RF_Init                  
0020061b  RX_on                    
00200649  mac_gen_frm_ctrl         
002006d7  mac_gen_header           
0020084d  mac_gen_cmd_header       
002008bd  mac_gen_ack              
00200923  mac_gen_cmd              
00200aa3  mac_gen_beacon_frm       
00200b0f  mac_gen_superfrm_spec    
00200b5b  __aeabi_idiv0            
00200b5d  halRfInit                
00200bc3  halRfGetChipId           
00200bc9  halRfGetChipVer          
00200bd3  halRfGetRandomByte       
00200bd7  halRfGetRssiOffset       
00200bdd  halRfSetChannel          
00200bf7  halRfSetShortAddr        
00200c1b  halRfSetPanId            
00200c3f  halRfSetTxPower          
00200d37  halRfSetModule           
00200d61  halRfSetGain             
00200dbd  halRfWriteTxBuf          
00200e05  halRfAppendTxBuf         
00200e3d  halRfReadRxBuf           
00200e7d  halRfReadMemory          
00200eb1  halRfWriteMemory         
00200ec9  halRfTransmit            
00200eed  halRfReceiveOn           
00200f05  halRfReceiveOff          
00200f19  halRfDisableRxInterrupt  
00200f35  halRfEnableRxInterrupt   
00200f4d  halRfRxInterruptConfig   
00200f77  halRfWaitTransceiverReady
00201049  UARTStdioConfig          
002010ad  UARTStdioInit            
002010c3  UARTStdioInitExpClk      
002010d9  UARTwrite                
0020111b  UARTgets                 
002011d5  UARTgetc                 
00201201  UARTvprintf              
002014fb  UARTprintf               
00201531  main                     
002015a9  UART0IntHandler          
002016f7  SCAN                     
0020170f  ClockSet                 
00201781  Timer0AIntHandler        
002018d5  mac_scan_init            
002018fb  mac_scan_descr_add       
00201941  mac_scan_descr_free      
00201957  mac_scan_descr_clear     
0020197f  mac_scan_descr_find_addr 
002019df  mac_scan_descr_get_head  
002019eb  mac_scan_descr_find_pan  
00201a1d  mac_scan_get_entry_cnt   
00201a4f  mac_scan_get_energy_list 
00201a61  mac_scan                 
00201c71  mac_parse_hdr            
00201da3  mac_parse_cmd            
00201e51  mac_parse_beacon         
00201f55  mac_init                 
00201fcb  PAN_SET                  
00201fd1  Send_Beacon              
00202055  mac_pcb_get              
00202059  mac_pib_get              
0020205d  mac_data_req             
002020c3  mac_cmd_handler          
002020cf  drvr_get_rand            
002020e7  mac_tx                   
0020212d  Transmmit                
00202179  Transmimit_set           
00202229  list_init                
00202239  list_head                
00202247  list_copy                
0020225b  list_tail                
00202287  list_add                 
002022af  list_push                
002022c9  list_chop                
0020231b  list_pop                 
00202339  list_remove              
00202391  list_length              
002023bd  list_insert              
002023e5  buf_init                 
0020241f  buf_get_cnt              
0020246b  buf_get                  
00202529  buf_free                 
00202559  ioPinIntRegister         
002026ad  bspUartOpen              
002027a9  IOCPinConfigPeriphInput  
0020288d  mmem_alloc               
002028cf  mmem_free                
00202937  mmem_init                
00202c79  mem_heap_init            
00202c89  mem_heap_alloc           
00202d15  mem_heap_free            
00202d3d  __aeabi_memcpy           
00202d3d  __aeabi_memcpy4          
00202d3d  __aeabi_memcpy8          
00202d3d  memcpy                   
00202e6d  bspKeyInit               
00202efd  halMcuInit               
00202f11  halMcuWaitUs             
00202f41  halMcuSetLowPowerMode    
00202f7d  __aeabi_memclr           
00202f7d  __aeabi_memclr4          
00202f7d  __aeabi_memclr8          
00202f7f  __aeabi_memset           
00202f7f  __aeabi_memset4          
00202f7f  __aeabi_memset8          
00202f85  memset                   
00202ff9  IOCPadConfigSet          
0020306d  IOCPinConfigPeriphOutput 
002030e1  ResetISR                 
0020314d  __TI_auto_init           
0020328d  IntDisable               
002032ed  IntEnable                
0020334d  TimerIntRegister         
002033a9  SysCtrlClockSet          
00203401  SysCtrlClockGet          
002034a1  copy_in                  
002034ed  srand                    
00203503  rand                     
00203539  C$$EXIT                  
0020353d  abort                    
00203545  exit                     
0020357d  IntPendClear             
002035bd  __aeabi_uidiv            
002035bd  __aeabi_uidivmod         
002035fd  GPIOIntTypeSet           
0020363b  UARTConfigSetExpClk      
00203679  bspUartBufInit           
002036b5  _c_int00                 
002036f1  SysCtrlPeripheralPresent 
00203729  IntRegister              
0020375d  GPIOGetIntNumber         
0020378d  bspAssert                
002037bd  GPIODirModeSet           
002037e9  TimerConfigure           
00203811  IntPrioritySet           
00203859  memmove                  
0020387d  SysCtrlPeripheralEnable  
0020389d  UARTIntRegister          
002038bd  UARTDisable              
002038f5  GPIOPortIntRegister      
0020390d  _args_main               
00203925  SysCtrlIOClockSet        
00203939  UARTEnable               
0020394d  _register_unlock         
00203953  _register_lock           
0020395b  _nop                     
00203961  TimerLoadSet             
00203985  GPIOPinTypeGPIOInput     
00203995  GPIOPinTypeUARTInput     
002039a5  GPIOPinTypeUARTOutput    
002039c5  GPIOPinIntDisable        
002039d3  GPIOPinIntStatus         
002039e1  TimerEnable              
002039ef  __TI_decompress_none     
002039fd  CPUcpsid                 
002039fd  IntMasterDisable         
00203a09  CPUcpsie                 
00203a09  IntMasterEnable          
00203a15  GPIOPinIntEnable         
00203a21  UARTTxIntModeSet         
00203a2d  __TI_zero_init           
00203a39  UARTCharGet              
00203a43  UARTCharPut              
00203a4d  UARTCharsAvail           
00203a57  UARTIntDisable           
00203a61  UARTIntStatus            
00203a6b  TimerIntEnable           
00203a73  UARTIntEnable            
00203a7b  GPIOPinIntClear          
00203a81  GPIOPinWrite             
00203a87  SysCtrlDelay             
00203a8d  UARTClockSourceSet       
00203a93  UARTFIFOLevelSet         
00203a99  __TI_decompress_rle24    
00203a9f  TimerIntClear            
00203aa3  UARTIntClear             
00203aa7  _system_pre_init         
00203d60  __TI_static_base__       
00203d9c  __TI_Handler_Table_Base  
00203da8  __TI_Handler_Table_Limit 
00203db8  __TI_CINIT_Base          
00203dd0  __TI_CINIT_Limit         
0027ffd4  __cca                    
20004000  g_pfnRAMVectors          
2000503c  avail_memory             
20005098  get_hdr                  
20005180  perConfig                
20005190  get                      
2000519f  CH                       
200051a2  NofP                     
200051aa  CNT_transmit             
200051ac  CNT_Receive              
200051ae  flag                     
200051b0  Sleep_Tick               
200051b2  Sleep_Tick2              
200051b4  i                        
200051b5  index                    
200051b8  TIMA_tick                
200051bc  Recevied_Beacon          
200051d8  flag1                    
200051ec  flagss                   
200051f8  _lock                    
200051fc  _unlock                  
20005200  __TI_cleanup_ptr         
20005204  __TI_dtors_ptr           
20005214  main_func_sp             
20007f00  __stack                  
20008000  __STACK_END              
20008000  __STACK_TOP              
ffffffff  __binit__                
ffffffff  __c_args__               
ffffffff  binit                    
UNDEFED   SHT$$INIT_ARRAY$$Base    
UNDEFED   SHT$$INIT_ARRAY$$Limit   

[227 symbols]
