<?xml version="1.0"?>
<link_info>
   <banner>TI ARM Linker PC v5.2.5</banner>
   <copyright>Copyright (c) 1996-2015 Texas Instruments Incorporated</copyright>
   <link_time>0x578f68ce</link_time>
   <link_errors>0x0</link_errors>
   <output_file>RF_2.out</output_file>
   <entry_point>
      <name>ResetISR</name>
      <address>0x2030e1</address>
   </entry_point>
   <input_file_list>
      <input_file id="fl-2">
         <path>.\</path>
         <kind>object</kind>
         <file>cx2538_setup.obj</file>
         <name>cx2538_setup.obj</name>
      </input_file>
      <input_file id="fl-3">
         <path>.\</path>
         <kind>object</kind>
         <file>cx2538_startup_ccs.obj</file>
         <name>cx2538_startup_ccs.obj</name>
      </input_file>
      <input_file id="fl-4">
         <path>.\</path>
         <kind>object</kind>
         <file>main.obj</file>
         <name>main.obj</name>
      </input_file>
      <input_file id="fl-5">
         <path>.\</path>
         <kind>object</kind>
         <file>uartstdio.obj</file>
         <name>uartstdio.obj</name>
      </input_file>
      <input_file id="fl-6">
         <path>.\SourceFiels\</path>
         <kind>object</kind>
         <file>basic_rf.obj</file>
         <name>basic_rf.obj</name>
      </input_file>
      <input_file id="fl-7">
         <path>.\SourceFiels\</path>
         <kind>object</kind>
         <file>hal_int.obj</file>
         <name>hal_int.obj</name>
      </input_file>
      <input_file id="fl-8">
         <path>.\SourceFiels\</path>
         <kind>object</kind>
         <file>hal_mcu.obj</file>
         <name>hal_mcu.obj</name>
      </input_file>
      <input_file id="fl-9">
         <path>.\SourceFiels\</path>
         <kind>object</kind>
         <file>hal_rf.obj</file>
         <name>hal_rf.obj</name>
      </input_file>
      <input_file id="fl-a">
         <path>.\SourceFiels\</path>
         <kind>object</kind>
         <file>hal_timer_32k.obj</file>
         <name>hal_timer_32k.obj</name>
      </input_file>
      <input_file id="fl-b">
         <path>.\SourceFiels\</path>
         <kind>object</kind>
         <file>lcd_dogm128_6_ti_logo.obj</file>
         <name>lcd_dogm128_6_ti_logo.obj</name>
      </input_file>
      <input_file id="fl-c">
         <path>.\SourceFiels\</path>
         <kind>object</kind>
         <file>per_test_menu.obj</file>
         <name>per_test_menu.obj</name>
      </input_file>
      <input_file id="fl-d">
         <path>.\SourceFiels\</path>
         <kind>object</kind>
         <file>util_menu_system.obj</file>
         <name>util_menu_system.obj</name>
      </input_file>
      <input_file id="fl-e">
         <path>.\MAC_Layer\</path>
         <kind>object</kind>
         <file>mac.obj</file>
         <name>mac.obj</name>
      </input_file>
      <input_file id="fl-f">
         <path>.\MAC_Layer\</path>
         <kind>object</kind>
         <file>mac_assoc.obj</file>
         <name>mac_assoc.obj</name>
      </input_file>
      <input_file id="fl-10">
         <path>.\MAC_Layer\</path>
         <kind>object</kind>
         <file>mac_gen.obj</file>
         <name>mac_gen.obj</name>
      </input_file>
      <input_file id="fl-11">
         <path>.\MAC_Layer\</path>
         <kind>object</kind>
         <file>mac_parse.obj</file>
         <name>mac_parse.obj</name>
      </input_file>
      <input_file id="fl-12">
         <path>.\MAC_Layer\</path>
         <kind>object</kind>
         <file>mac_reset.obj</file>
         <name>mac_reset.obj</name>
      </input_file>
      <input_file id="fl-13">
         <path>.\MAC_Layer\</path>
         <kind>object</kind>
         <file>mac_scan.obj</file>
         <name>mac_scan.obj</name>
      </input_file>
      <input_file id="fl-14">
         <path>.\MAC_Dirver\</path>
         <kind>object</kind>
         <file>buf.obj</file>
         <name>buf.obj</name>
      </input_file>
      <input_file id="fl-15">
         <path>.\MAC_Dirver\</path>
         <kind>object</kind>
         <file>list.obj</file>
         <name>list.obj</name>
      </input_file>
      <input_file id="fl-16">
         <path>.\MAC_Dirver\</path>
         <kind>object</kind>
         <file>mem_heap.obj</file>
         <name>mem_heap.obj</name>
      </input_file>
      <input_file id="fl-17">
         <path>.\MAC_Dirver\</path>
         <kind>object</kind>
         <file>mmem.obj</file>
         <name>mmem.obj</name>
      </input_file>
      <input_file id="fl-1f">
         <path>..\</path>
         <kind>archive</kind>
         <file>bsp.lib</file>
         <name>bsp_uart.obj</name>
      </input_file>
      <input_file id="fl-20">
         <path>..\</path>
         <kind>archive</kind>
         <file>bsp.lib</file>
         <name>bsp_key.obj</name>
      </input_file>
      <input_file id="fl-21">
         <path>..\</path>
         <kind>archive</kind>
         <file>bsp.lib</file>
         <name>bsp.obj</name>
      </input_file>
      <input_file id="fl-22">
         <path>..\</path>
         <kind>archive</kind>
         <file>bsp.lib</file>
         <name>io_pin_int.obj</name>
      </input_file>
      <input_file id="fl-23">
         <path>..\</path>
         <kind>archive</kind>
         <file>driverlib.lib</file>
         <name>uart.obj</name>
      </input_file>
      <input_file id="fl-24">
         <path>..\</path>
         <kind>archive</kind>
         <file>driverlib.lib</file>
         <name>sys_ctrl.obj</name>
      </input_file>
      <input_file id="fl-25">
         <path>..\</path>
         <kind>archive</kind>
         <file>driverlib.lib</file>
         <name>ssi.obj</name>
      </input_file>
      <input_file id="fl-26">
         <path>..\</path>
         <kind>archive</kind>
         <file>driverlib.lib</file>
         <name>sleepmode.obj</name>
      </input_file>
      <input_file id="fl-27">
         <path>..\</path>
         <kind>archive</kind>
         <file>driverlib.lib</file>
         <name>ioc.obj</name>
      </input_file>
      <input_file id="fl-28">
         <path>..\</path>
         <kind>archive</kind>
         <file>driverlib.lib</file>
         <name>interrupt.obj</name>
      </input_file>
      <input_file id="fl-29">
         <path>..\</path>
         <kind>archive</kind>
         <file>driverlib.lib</file>
         <name>gptimer.obj</name>
      </input_file>
      <input_file id="fl-2a">
         <path>..\</path>
         <kind>archive</kind>
         <file>driverlib.lib</file>
         <name>gpio.obj</name>
      </input_file>
      <input_file id="fl-2b">
         <path>..\</path>
         <kind>archive</kind>
         <file>driverlib.lib</file>
         <name>cpu.obj</name>
      </input_file>
      <input_file id="fl-14d">
         <path>C:\ti\ccsv6\tools\compiler\ti-cgt-arm_5.2.5\lib\</path>
         <kind>archive</kind>
         <file>rtsv7M3_T_le_eabi.lib</file>
         <name>boot.obj</name>
      </input_file>
      <input_file id="fl-14e">
         <path>C:\ti\ccsv6\tools\compiler\ti-cgt-arm_5.2.5\lib\</path>
         <kind>archive</kind>
         <file>rtsv7M3_T_le_eabi.lib</file>
         <name>copy_decompress_none.obj</name>
      </input_file>
      <input_file id="fl-14f">
         <path>C:\ti\ccsv6\tools\compiler\ti-cgt-arm_5.2.5\lib\</path>
         <kind>archive</kind>
         <file>rtsv7M3_T_le_eabi.lib</file>
         <name>copy_decompress_rle.obj</name>
      </input_file>
      <input_file id="fl-150">
         <path>C:\ti\ccsv6\tools\compiler\ti-cgt-arm_5.2.5\lib\</path>
         <kind>archive</kind>
         <file>rtsv7M3_T_le_eabi.lib</file>
         <name>copy_zero_init.obj</name>
      </input_file>
      <input_file id="fl-151">
         <path>C:\ti\ccsv6\tools\compiler\ti-cgt-arm_5.2.5\lib\</path>
         <kind>archive</kind>
         <file>rtsv7M3_T_le_eabi.lib</file>
         <name>exit.obj</name>
      </input_file>
      <input_file id="fl-152">
         <path>C:\ti\ccsv6\tools\compiler\ti-cgt-arm_5.2.5\lib\</path>
         <kind>archive</kind>
         <file>rtsv7M3_T_le_eabi.lib</file>
         <name>memcpy_t2.obj</name>
      </input_file>
      <input_file id="fl-153">
         <path>C:\ti\ccsv6\tools\compiler\ti-cgt-arm_5.2.5\lib\</path>
         <kind>archive</kind>
         <file>rtsv7M3_T_le_eabi.lib</file>
         <name>memmov.obj</name>
      </input_file>
      <input_file id="fl-154">
         <path>C:\ti\ccsv6\tools\compiler\ti-cgt-arm_5.2.5\lib\</path>
         <kind>archive</kind>
         <file>rtsv7M3_T_le_eabi.lib</file>
         <name>memset_t2.obj</name>
      </input_file>
      <input_file id="fl-155">
         <path>C:\ti\ccsv6\tools\compiler\ti-cgt-arm_5.2.5\lib\</path>
         <kind>archive</kind>
         <file>rtsv7M3_T_le_eabi.lib</file>
         <name>pre_init.obj</name>
      </input_file>
      <input_file id="fl-156">
         <path>C:\ti\ccsv6\tools\compiler\ti-cgt-arm_5.2.5\lib\</path>
         <kind>archive</kind>
         <file>rtsv7M3_T_le_eabi.lib</file>
         <name>rand.obj</name>
      </input_file>
      <input_file id="fl-157">
         <path>C:\ti\ccsv6\tools\compiler\ti-cgt-arm_5.2.5\lib\</path>
         <kind>archive</kind>
         <file>rtsv7M3_T_le_eabi.lib</file>
         <name>stkdepth_vars.obj</name>
      </input_file>
      <input_file id="fl-158">
         <path>C:\ti\ccsv6\tools\compiler\ti-cgt-arm_5.2.5\lib\</path>
         <kind>archive</kind>
         <file>rtsv7M3_T_le_eabi.lib</file>
         <name>u_divt2.obj</name>
      </input_file>
      <input_file id="fl-159">
         <path>C:\ti\ccsv6\tools\compiler\ti-cgt-arm_5.2.5\lib\</path>
         <kind>archive</kind>
         <file>rtsv7M3_T_le_eabi.lib</file>
         <name>_lock.obj</name>
      </input_file>
      <input_file id="fl-15a">
         <path>C:\ti\ccsv6\tools\compiler\ti-cgt-arm_5.2.5\lib\</path>
         <kind>archive</kind>
         <file>rtsv7M3_T_le_eabi.lib</file>
         <name>args_main.obj</name>
      </input_file>
      <input_file id="fl-15b">
         <path>C:\ti\ccsv6\tools\compiler\ti-cgt-arm_5.2.5\lib\</path>
         <kind>archive</kind>
         <file>rtsv7M3_T_le_eabi.lib</file>
         <name>autoinit.obj</name>
      </input_file>
      <input_file id="fl-15c">
         <path>C:\ti\ccsv6\tools\compiler\ti-cgt-arm_5.2.5\lib\</path>
         <kind>archive</kind>
         <file>rtsv7M3_T_le_eabi.lib</file>
         <name>cpy_tbl.obj</name>
      </input_file>
      <input_file id="fl-15d">
         <path>C:\ti\ccsv6\tools\compiler\ti-cgt-arm_5.2.5\lib\</path>
         <kind>archive</kind>
         <file>rtsv7M3_T_le_eabi.lib</file>
         <name>i_div0.obj</name>
      </input_file>
   </input_file_list>
   <object_component_list>
      <object_component id="oc-12">
         <name>.intvecs</name>
         <load_address>0x200000</load_address>
         <run_address>0x200000</run_address>
         <size>0x100</size>
         <input_file_ref idref="fl-3"/>
      </object_component>
      <object_component id="oc-7b">
         <name>.text</name>
         <load_address>0x200100</load_address>
         <run_address>0x200100</run_address>
         <size>0x548</size>
         <input_file_ref idref="fl-6"/>
      </object_component>
      <object_component id="oc-106">
         <name>.text</name>
         <load_address>0x200648</load_address>
         <run_address>0x200648</run_address>
         <size>0x512</size>
         <input_file_ref idref="fl-10"/>
      </object_component>
      <object_component id="oc-1c5">
         <name>.text</name>
         <load_address>0x200b5a</load_address>
         <run_address>0x200b5a</run_address>
         <size>0x2</size>
         <input_file_ref idref="fl-15d"/>
      </object_component>
      <object_component id="oc-fa">
         <name>.text</name>
         <load_address>0x200b5c</load_address>
         <run_address>0x200b5c</run_address>
         <size>0x4ec</size>
         <input_file_ref idref="fl-9"/>
      </object_component>
      <object_component id="oc-75">
         <name>.text</name>
         <load_address>0x201048</load_address>
         <run_address>0x201048</run_address>
         <size>0x4e8</size>
         <input_file_ref idref="fl-5"/>
      </object_component>
      <object_component id="oc-31">
         <name>.text</name>
         <load_address>0x201530</load_address>
         <run_address>0x201530</run_address>
         <size>0x3a4</size>
         <input_file_ref idref="fl-4"/>
      </object_component>
      <object_component id="oc-86">
         <name>.text</name>
         <load_address>0x2018d4</load_address>
         <run_address>0x2018d4</run_address>
         <size>0x39c</size>
         <input_file_ref idref="fl-13"/>
      </object_component>
      <object_component id="oc-13f">
         <name>.text</name>
         <load_address>0x201c70</load_address>
         <run_address>0x201c70</run_address>
         <size>0x2e2</size>
         <input_file_ref idref="fl-11"/>
      </object_component>
      <object_component id="oc-6f">
         <name>.text</name>
         <load_address>0x201f54</load_address>
         <run_address>0x201f54</run_address>
         <size>0x2d4</size>
         <input_file_ref idref="fl-e"/>
      </object_component>
      <object_component id="oc-15d">
         <name>.text</name>
         <load_address>0x202228</load_address>
         <run_address>0x202228</run_address>
         <size>0x1ba</size>
         <input_file_ref idref="fl-15"/>
      </object_component>
      <object_component id="oc-100">
         <name>.text</name>
         <load_address>0x2023e4</load_address>
         <run_address>0x2023e4</run_address>
         <size>0x174</size>
         <input_file_ref idref="fl-14"/>
      </object_component>
      <object_component id="oc-e4">
         <name>.text:ioPinIntRegister</name>
         <load_address>0x202558</load_address>
         <run_address>0x202558</run_address>
         <size>0x154</size>
         <input_file_ref idref="fl-22"/>
      </object_component>
      <object_component id="oc-6c">
         <name>.text:bspUartOpen</name>
         <load_address>0x2026ac</load_address>
         <run_address>0x2026ac</run_address>
         <size>0xfc</size>
         <input_file_ref idref="fl-1f"/>
      </object_component>
      <object_component id="oc-f1">
         <name>.text:IOCPinConfigPeriphInput</name>
         <load_address>0x2027a8</load_address>
         <run_address>0x2027a8</run_address>
         <size>0xe4</size>
         <input_file_ref idref="fl-27"/>
      </object_component>
      <object_component id="oc-1e2">
         <name>.text</name>
         <load_address>0x20288c</load_address>
         <run_address>0x20288c</run_address>
         <size>0xcc</size>
         <input_file_ref idref="fl-17"/>
      </object_component>
      <object_component id="oc-196">
         <name>.text:ioPortAIsr</name>
         <load_address>0x202958</load_address>
         <run_address>0x202958</run_address>
         <size>0xc8</size>
         <input_file_ref idref="fl-22"/>
      </object_component>
      <object_component id="oc-195">
         <name>.text:ioPortBIsr</name>
         <load_address>0x202a20</load_address>
         <run_address>0x202a20</run_address>
         <size>0xc8</size>
         <input_file_ref idref="fl-22"/>
      </object_component>
      <object_component id="oc-194">
         <name>.text:ioPortCIsr</name>
         <load_address>0x202ae8</load_address>
         <run_address>0x202ae8</run_address>
         <size>0xc8</size>
         <input_file_ref idref="fl-22"/>
      </object_component>
      <object_component id="oc-193">
         <name>.text:ioPortDIsr</name>
         <load_address>0x202bb0</load_address>
         <run_address>0x202bb0</run_address>
         <size>0xc8</size>
         <input_file_ref idref="fl-22"/>
      </object_component>
      <object_component id="oc-163">
         <name>.text</name>
         <load_address>0x202c78</load_address>
         <run_address>0x202c78</run_address>
         <size>0xc4</size>
         <input_file_ref idref="fl-16"/>
      </object_component>
      <object_component id="oc-40">
         <name>.text</name>
         <load_address>0x202d3c</load_address>
         <run_address>0x202d3c</run_address>
         <size>0x9c</size>
         <input_file_ref idref="fl-152"/>
      </object_component>
      <object_component id="oc-e6">
         <name>.text:bspKeyDirPushedISR</name>
         <load_address>0x202dd8</load_address>
         <run_address>0x202dd8</run_address>
         <size>0x94</size>
         <input_file_ref idref="fl-20"/>
      </object_component>
      <object_component id="oc-69">
         <name>.text:bspKeyInit</name>
         <load_address>0x202e6c</load_address>
         <run_address>0x202e6c</run_address>
         <size>0x90</size>
         <input_file_ref idref="fl-20"/>
      </object_component>
      <object_component id="oc-149">
         <name>.text</name>
         <load_address>0x202efc</load_address>
         <run_address>0x202efc</run_address>
         <size>0x80</size>
         <input_file_ref idref="fl-8"/>
      </object_component>
      <object_component id="oc-59">
         <name>.text</name>
         <load_address>0x202f7c</load_address>
         <run_address>0x202f7c</run_address>
         <size>0x7a</size>
         <input_file_ref idref="fl-154"/>
      </object_component>
      <object_component id="oc-e2">
         <name>.text:IOCPadConfigSet</name>
         <load_address>0x202ff8</load_address>
         <run_address>0x202ff8</run_address>
         <size>0x74</size>
         <input_file_ref idref="fl-27"/>
      </object_component>
      <object_component id="oc-ef">
         <name>.text:IOCPinConfigPeriphOutput</name>
         <load_address>0x20306c</load_address>
         <run_address>0x20306c</run_address>
         <size>0x74</size>
         <input_file_ref idref="fl-27"/>
      </object_component>
      <object_component id="oc-15">
         <name>.text</name>
         <load_address>0x2030e0</load_address>
         <run_address>0x2030e0</run_address>
         <size>0x6c</size>
         <input_file_ref idref="fl-3"/>
      </object_component>
      <object_component id="oc-b0">
         <name>.text</name>
         <load_address>0x20314c</load_address>
         <run_address>0x20314c</run_address>
         <size>0x6c</size>
         <input_file_ref idref="fl-15b"/>
      </object_component>
      <object_component id="oc-4c">
         <name>.text</name>
         <load_address>0x2031b8</load_address>
         <run_address>0x2031b8</run_address>
         <size>0x6a</size>
         <input_file_ref idref="fl-14f"/>
      </object_component>
      <object_component id="oc-e7">
         <name>.text:bspKeySelPushedISR</name>
         <load_address>0x203224</load_address>
         <run_address>0x203224</run_address>
         <size>0x68</size>
         <input_file_ref idref="fl-20"/>
      </object_component>
      <object_component id="oc-1a1">
         <name>.text:IntDisable</name>
         <load_address>0x20328c</load_address>
         <run_address>0x20328c</run_address>
         <size>0x60</size>
         <input_file_ref idref="fl-28"/>
      </object_component>
      <object_component id="oc-93">
         <name>.text:IntEnable</name>
         <load_address>0x2032ec</load_address>
         <run_address>0x2032ec</run_address>
         <size>0x60</size>
         <input_file_ref idref="fl-28"/>
      </object_component>
      <object_component id="oc-91">
         <name>.text:TimerIntRegister</name>
         <load_address>0x20334c</load_address>
         <run_address>0x20334c</run_address>
         <size>0x5c</size>
         <input_file_ref idref="fl-29"/>
      </object_component>
      <object_component id="oc-8c">
         <name>.text:SysCtrlClockSet</name>
         <load_address>0x2033a8</load_address>
         <run_address>0x2033a8</run_address>
         <size>0x58</size>
         <input_file_ref idref="fl-24"/>
      </object_component>
      <object_component id="oc-8f">
         <name>.text:SysCtrlClockGet</name>
         <load_address>0x203400</load_address>
         <run_address>0x203400</run_address>
         <size>0x50</size>
         <input_file_ref idref="fl-24"/>
      </object_component>
      <object_component id="oc-19b">
         <name>.text:bspKeyTimerISR</name>
         <load_address>0x203450</load_address>
         <run_address>0x203450</run_address>
         <size>0x50</size>
         <input_file_ref idref="fl-20"/>
      </object_component>
      <object_component id="oc-179">
         <name>.text</name>
         <load_address>0x2034a0</load_address>
         <run_address>0x2034a0</run_address>
         <size>0x4c</size>
         <input_file_ref idref="fl-15c"/>
      </object_component>
      <object_component id="oc-10c">
         <name>.text</name>
         <load_address>0x2034ec</load_address>
         <run_address>0x2034ec</run_address>
         <size>0x4c</size>
         <input_file_ref idref="fl-156"/>
      </object_component>
      <object_component id="oc-bc">
         <name>.text</name>
         <load_address>0x203538</load_address>
         <run_address>0x203538</run_address>
         <size>0x44</size>
         <input_file_ref idref="fl-151"/>
      </object_component>
      <object_component id="oc-1a2">
         <name>.text:IntPendClear</name>
         <load_address>0x20357c</load_address>
         <run_address>0x20357c</run_address>
         <size>0x40</size>
         <input_file_ref idref="fl-28"/>
      </object_component>
      <object_component id="oc-12e">
         <name>.text</name>
         <load_address>0x2035bc</load_address>
         <run_address>0x2035bc</run_address>
         <size>0x40</size>
         <input_file_ref idref="fl-158"/>
      </object_component>
      <object_component id="oc-e5">
         <name>.text:GPIOIntTypeSet</name>
         <load_address>0x2035fc</load_address>
         <run_address>0x2035fc</run_address>
         <size>0x3e</size>
         <input_file_ref idref="fl-2a"/>
      </object_component>
      <object_component id="oc-f3">
         <name>.text:UARTConfigSetExpClk</name>
         <load_address>0x20363a</load_address>
         <run_address>0x20363a</run_address>
         <size>0x3c</size>
         <input_file_ref idref="fl-23"/>
      </object_component>
      <object_component id="oc-6a">
         <name>.text:bspUartBufInit</name>
         <load_address>0x203678</load_address>
         <run_address>0x203678</run_address>
         <size>0x3c</size>
         <input_file_ref idref="fl-1f"/>
      </object_component>
      <object_component id="oc-3a">
         <name>.text</name>
         <load_address>0x2036b4</load_address>
         <run_address>0x2036b4</run_address>
         <size>0x3c</size>
         <input_file_ref idref="fl-14d"/>
      </object_component>
      <object_component id="oc-127">
         <name>.text:SysCtrlPeripheralPresent</name>
         <load_address>0x2036f0</load_address>
         <run_address>0x2036f0</run_address>
         <size>0x38</size>
         <input_file_ref idref="fl-24"/>
      </object_component>
      <object_component id="oc-eb">
         <name>.text:IntRegister</name>
         <load_address>0x203728</load_address>
         <run_address>0x203728</run_address>
         <size>0x34</size>
         <input_file_ref idref="fl-28"/>
      </object_component>
      <object_component id="oc-21e">
         <name>.text:GPIOGetIntNumber</name>
         <load_address>0x20375c</load_address>
         <run_address>0x20375c</run_address>
         <size>0x30</size>
         <input_file_ref idref="fl-2a"/>
      </object_component>
      <object_component id="oc-6d">
         <name>.text:bspAssert</name>
         <load_address>0x20378c</load_address>
         <run_address>0x20378c</run_address>
         <size>0x30</size>
         <input_file_ref idref="fl-21"/>
      </object_component>
      <object_component id="oc-18e">
         <name>.text:GPIODirModeSet</name>
         <load_address>0x2037bc</load_address>
         <run_address>0x2037bc</run_address>
         <size>0x2a</size>
         <input_file_ref idref="fl-2a"/>
      </object_component>
      <object_component id="oc-8e">
         <name>.text:TimerConfigure</name>
         <load_address>0x2037e8</load_address>
         <run_address>0x2037e8</run_address>
         <size>0x28</size>
         <input_file_ref idref="fl-29"/>
      </object_component>
      <object_component id="oc-19d">
         <name>.text:IntPrioritySet</name>
         <load_address>0x203810</load_address>
         <run_address>0x203810</run_address>
         <size>0x24</size>
         <input_file_ref idref="fl-28"/>
      </object_component>
      <object_component id="oc-19a">
         <name>.text:bspKeyTimerEnable</name>
         <load_address>0x203834</load_address>
         <run_address>0x203834</run_address>
         <size>0x24</size>
         <input_file_ref idref="fl-20"/>
      </object_component>
      <object_component id="oc-239">
         <name>.text</name>
         <load_address>0x203858</load_address>
         <run_address>0x203858</run_address>
         <size>0x22</size>
         <input_file_ref idref="fl-153"/>
      </object_component>
      <object_component id="oc-68">
         <name>.text:SysCtrlPeripheralEnable</name>
         <load_address>0x20387c</load_address>
         <run_address>0x20387c</run_address>
         <size>0x20</size>
         <input_file_ref idref="fl-24"/>
      </object_component>
      <object_component id="oc-6b">
         <name>.text:UARTIntRegister</name>
         <load_address>0x20389c</load_address>
         <run_address>0x20389c</run_address>
         <size>0x20</size>
         <input_file_ref idref="fl-23"/>
      </object_component>
      <object_component id="oc-ec">
         <name>.text:UARTDisable</name>
         <load_address>0x2038bc</load_address>
         <run_address>0x2038bc</run_address>
         <size>0x1c</size>
         <input_file_ref idref="fl-23"/>
      </object_component>
      <object_component id="oc-e9">
         <name>.text:buBufFlush</name>
         <load_address>0x2038d8</load_address>
         <run_address>0x2038d8</run_address>
         <size>0x1c</size>
         <input_file_ref idref="fl-1f"/>
      </object_component>
      <object_component id="oc-190">
         <name>.text:GPIOPortIntRegister</name>
         <load_address>0x2038f4</load_address>
         <run_address>0x2038f4</run_address>
         <size>0x18</size>
         <input_file_ref idref="fl-2a"/>
      </object_component>
      <object_component id="oc-b6">
         <name>.text</name>
         <load_address>0x20390c</load_address>
         <run_address>0x20390c</run_address>
         <size>0x18</size>
         <input_file_ref idref="fl-15a"/>
      </object_component>
      <object_component id="oc-8d">
         <name>.text:SysCtrlIOClockSet</name>
         <load_address>0x203924</load_address>
         <run_address>0x203924</run_address>
         <size>0x14</size>
         <input_file_ref idref="fl-24"/>
      </object_component>
      <object_component id="oc-f7">
         <name>.text:UARTEnable</name>
         <load_address>0x203938</load_address>
         <run_address>0x203938</run_address>
         <size>0x14</size>
         <input_file_ref idref="fl-23"/>
      </object_component>
      <object_component id="oc-210">
         <name>.text</name>
         <load_address>0x20394c</load_address>
         <run_address>0x20394c</run_address>
         <size>0x14</size>
         <input_file_ref idref="fl-159"/>
      </object_component>
      <object_component id="oc-90">
         <name>.text:TimerLoadSet</name>
         <load_address>0x203960</load_address>
         <run_address>0x203960</run_address>
         <size>0x12</size>
         <input_file_ref idref="fl-29"/>
      </object_component>
      <object_component id="oc-199">
         <name>.text:bspKeyTimerIntRegister</name>
         <load_address>0x203972</load_address>
         <run_address>0x203972</run_address>
         <size>0x12</size>
         <input_file_ref idref="fl-20"/>
      </object_component>
      <object_component id="oc-e1">
         <name>.text:GPIOPinTypeGPIOInput</name>
         <load_address>0x203984</load_address>
         <run_address>0x203984</run_address>
         <size>0x10</size>
         <input_file_ref idref="fl-2a"/>
      </object_component>
      <object_component id="oc-f2">
         <name>.text:GPIOPinTypeUARTInput</name>
         <load_address>0x203994</load_address>
         <run_address>0x203994</run_address>
         <size>0x10</size>
         <input_file_ref idref="fl-2a"/>
      </object_component>
      <object_component id="oc-f0">
         <name>.text:GPIOPinTypeUARTOutput</name>
         <load_address>0x2039a4</load_address>
         <run_address>0x2039a4</run_address>
         <size>0x10</size>
         <input_file_ref idref="fl-2a"/>
      </object_component>
      <object_component id="oc-197">
         <name>.text:bspKeyTimerDisable</name>
         <load_address>0x2039b4</load_address>
         <run_address>0x2039b4</run_address>
         <size>0x10</size>
         <input_file_ref idref="fl-20"/>
      </object_component>
      <object_component id="oc-e3">
         <name>.text:GPIOPinIntDisable</name>
         <load_address>0x2039c4</load_address>
         <run_address>0x2039c4</run_address>
         <size>0xe</size>
         <input_file_ref idref="fl-2a"/>
      </object_component>
      <object_component id="oc-198">
         <name>.text:GPIOPinIntStatus</name>
         <load_address>0x2039d2</load_address>
         <run_address>0x2039d2</run_address>
         <size>0xe</size>
         <input_file_ref idref="fl-2a"/>
      </object_component>
      <object_component id="oc-94">
         <name>.text:TimerEnable</name>
         <load_address>0x2039e0</load_address>
         <run_address>0x2039e0</run_address>
         <size>0xe</size>
         <input_file_ref idref="fl-29"/>
      </object_component>
      <object_component id="oc-1b">
         <name>.text:decompress:none</name>
         <load_address>0x2039ee</load_address>
         <run_address>0x2039ee</run_address>
         <size>0xe</size>
         <input_file_ref idref="fl-14e"/>
      </object_component>
      <object_component id="oc-145">
         <name>.text:CPUcpsid</name>
         <load_address>0x2039fc</load_address>
         <run_address>0x2039fc</run_address>
         <size>0xc</size>
         <input_file_ref idref="fl-2b"/>
      </object_component>
      <object_component id="oc-6e">
         <name>.text:CPUcpsie</name>
         <load_address>0x203a08</load_address>
         <run_address>0x203a08</run_address>
         <size>0xc</size>
         <input_file_ref idref="fl-2b"/>
      </object_component>
      <object_component id="oc-21f">
         <name>.text:GPIOPinIntEnable</name>
         <load_address>0x203a14</load_address>
         <run_address>0x203a14</run_address>
         <size>0xc</size>
         <input_file_ref idref="fl-2a"/>
      </object_component>
      <object_component id="oc-f4">
         <name>.text:UARTTxIntModeSet</name>
         <load_address>0x203a20</load_address>
         <run_address>0x203a20</run_address>
         <size>0xc</size>
         <input_file_ref idref="fl-23"/>
      </object_component>
      <object_component id="oc-27">
         <name>.text:decompress:ZI</name>
         <load_address>0x203a2c</load_address>
         <run_address>0x203a2c</run_address>
         <size>0xc</size>
         <input_file_ref idref="fl-150"/>
      </object_component>
      <object_component id="oc-83">
         <name>.text:UARTCharGet</name>
         <load_address>0x203a38</load_address>
         <run_address>0x203a38</run_address>
         <size>0xa</size>
         <input_file_ref idref="fl-23"/>
      </object_component>
      <object_component id="oc-84">
         <name>.text:UARTCharPut</name>
         <load_address>0x203a42</load_address>
         <run_address>0x203a42</run_address>
         <size>0xa</size>
         <input_file_ref idref="fl-23"/>
      </object_component>
      <object_component id="oc-85">
         <name>.text:UARTCharsAvail</name>
         <load_address>0x203a4c</load_address>
         <run_address>0x203a4c</run_address>
         <size>0xa</size>
         <input_file_ref idref="fl-23"/>
      </object_component>
      <object_component id="oc-ed">
         <name>.text:UARTIntDisable</name>
         <load_address>0x203a56</load_address>
         <run_address>0x203a56</run_address>
         <size>0xa</size>
         <input_file_ref idref="fl-23"/>
      </object_component>
      <object_component id="oc-81">
         <name>.text:UARTIntStatus</name>
         <load_address>0x203a60</load_address>
         <run_address>0x203a60</run_address>
         <size>0xa</size>
         <input_file_ref idref="fl-23"/>
      </object_component>
      <object_component id="oc-92">
         <name>.text:TimerIntEnable</name>
         <load_address>0x203a6a</load_address>
         <run_address>0x203a6a</run_address>
         <size>0x8</size>
         <input_file_ref idref="fl-29"/>
      </object_component>
      <object_component id="oc-f6">
         <name>.text:UARTIntEnable</name>
         <load_address>0x203a72</load_address>
         <run_address>0x203a72</run_address>
         <size>0x8</size>
         <input_file_ref idref="fl-23"/>
      </object_component>
      <object_component id="oc-191">
         <name>.text:GPIOPinIntClear</name>
         <load_address>0x203a7a</load_address>
         <run_address>0x203a7a</run_address>
         <size>0x6</size>
         <input_file_ref idref="fl-2a"/>
      </object_component>
      <object_component id="oc-f8">
         <name>.text:GPIOPinWrite</name>
         <load_address>0x203a80</load_address>
         <run_address>0x203a80</run_address>
         <size>0x6</size>
         <input_file_ref idref="fl-2a"/>
      </object_component>
      <object_component id="oc-f9">
         <name>.text:SysCtrlDelay</name>
         <load_address>0x203a86</load_address>
         <run_address>0x203a86</run_address>
         <size>0x6</size>
         <input_file_ref idref="fl-24"/>
      </object_component>
      <object_component id="oc-ee">
         <name>.text:UARTClockSourceSet</name>
         <load_address>0x203a8c</load_address>
         <run_address>0x203a8c</run_address>
         <size>0x6</size>
         <input_file_ref idref="fl-23"/>
      </object_component>
      <object_component id="oc-f5">
         <name>.text:UARTFIFOLevelSet</name>
         <load_address>0x203a92</load_address>
         <run_address>0x203a92</run_address>
         <size>0x6</size>
         <input_file_ref idref="fl-23"/>
      </object_component>
      <object_component id="oc-21">
         <name>.text:decompress:rle24</name>
         <load_address>0x203a98</load_address>
         <run_address>0x203a98</run_address>
         <size>0x6</size>
         <input_file_ref idref="fl-14f"/>
      </object_component>
      <object_component id="oc-99">
         <name>.text:TimerIntClear</name>
         <load_address>0x203a9e</load_address>
         <run_address>0x203a9e</run_address>
         <size>0x4</size>
         <input_file_ref idref="fl-29"/>
      </object_component>
      <object_component id="oc-82">
         <name>.text:UARTIntClear</name>
         <load_address>0x203aa2</load_address>
         <run_address>0x203aa2</run_address>
         <size>0x4</size>
         <input_file_ref idref="fl-23"/>
      </object_component>
      <object_component id="oc-aa">
         <name>.text</name>
         <load_address>0x203aa6</load_address>
         <run_address>0x203aa6</run_address>
         <size>0x4</size>
         <input_file_ref idref="fl-155"/>
      </object_component>
      <object_component id="oc-18f">
         <name>.const</name>
         <load_address>0x203aac</load_address>
         <run_address>0x203aac</run_address>
         <size>0x100</size>
         <input_file_ref idref="fl-27"/>
      </object_component>
      <object_component id="oc-220">
         <name>.const:g_pui32Regs</name>
         <load_address>0x203bac</load_address>
         <run_address>0x203bac</run_address>
         <size>0xa4</size>
         <input_file_ref idref="fl-28"/>
      </object_component>
      <object_component id="oc-e0">
         <name>.const</name>
         <load_address>0x203c50</load_address>
         <run_address>0x203c50</run_address>
         <size>0x74</size>
         <input_file_ref idref="fl-24"/>
      </object_component>
      <object_component id="oc-16e">
         <name>.const</name>
         <load_address>0x203cc4</load_address>
         <run_address>0x203cc4</run_address>
         <size>0x70</size>
         <input_file_ref idref="fl-28"/>
      </object_component>
      <object_component id="oc-128">
         <name>.const</name>
         <load_address>0x203d34</load_address>
         <run_address>0x203d34</run_address>
         <size>0x14</size>
         <input_file_ref idref="fl-5"/>
      </object_component>
      <object_component id="oc-1c0">
         <name>.const:.string</name>
         <load_address>0x203d48</load_address>
         <run_address>0x203d48</run_address>
         <size>0x12</size>
         <input_file_ref idref="fl-5"/>
      </object_component>
      <object_component id="oc-28d">
         <name>.cinit..data.load</name>
         <load_address>0x203d60</load_address>
         <run_address>0x203d60</run_address>
         <size>0x39</size>
      </object_component>
      <object_component id="oc-28a">
         <name>__TI_handler_table</name>
         <load_address>0x203d9c</load_address>
         <run_address>0x203d9c</run_address>
         <size>0xc</size>
      </object_component>
      <object_component id="oc-28e">
         <name>.cinit..bss.load</name>
         <load_address>0x203da8</load_address>
         <run_address>0x203da8</run_address>
         <size>0x8</size>
      </object_component>
      <object_component id="oc-28c">
         <name>.cinit..vtable.load</name>
         <load_address>0x203db0</load_address>
         <run_address>0x203db0</run_address>
         <size>0x8</size>
      </object_component>
      <object_component id="oc-28b">
         <name>__TI_cinit_table</name>
         <load_address>0x203db8</load_address>
         <run_address>0x203db8</run_address>
         <size>0x18</size>
      </object_component>
      <object_component id="oc-2d">
         <name>.flashcca:retain</name>
         <load_address>0x27ffd4</load_address>
         <run_address>0x27ffd4</run_address>
         <size>0xc</size>
         <input_file_ref idref="fl-2"/>
      </object_component>
      <object_component id="oc-19c">
         <name>.vtable</name>
         <uninitialized>true</uninitialized>
         <run_address>0x20004000</run_address>
         <size>0x100</size>
         <input_file_ref idref="fl-28"/>
      </object_component>
      <object_component id="oc-30">
         <name>.stack</name>
         <uninitialized>true</uninitialized>
         <run_address>0x20007f00</run_address>
         <size>0x0</size>
         <input_file_ref idref="fl-14d"/>
      </object_component>
      <object_component id="oc-28f">
         <name>.stack</name>
         <uninitialized>true</uninitialized>
         <run_address>0x20007f00</run_address>
         <size>0x0</size>
      </object_component>
      <object_component id="oc-152">
         <name>.bss:txMpdu</name>
         <uninitialized>true</uninitialized>
         <run_address>0x20004fc8</run_address>
         <size>0x74</size>
         <input_file_ref idref="fl-6"/>
      </object_component>
      <object_component id="oc-159">
         <name>.bss:rxMpdu</name>
         <uninitialized>true</uninitialized>
         <run_address>0x20004f48</run_address>
         <size>0x80</size>
         <input_file_ref idref="fl-6"/>
      </object_component>
      <object_component id="oc-155">
         <name>.bss:get_hdr</name>
         <uninitialized>true</uninitialized>
         <run_address>0x20005098</run_address>
         <size>0x38</size>
         <input_file_ref idref="fl-6"/>
      </object_component>
      <object_component id="oc-112">
         <name>.bss:pcb</name>
         <uninitialized>true</uninitialized>
         <run_address>0x20005040</run_address>
         <size>0x58</size>
         <input_file_ref idref="fl-e"/>
      </object_component>
      <object_component id="oc-115">
         <name>.bss:pib</name>
         <uninitialized>true</uninitialized>
         <run_address>0x200050d0</run_address>
         <size>0x38</size>
         <input_file_ref idref="fl-e"/>
      </object_component>
      <object_component id="oc-1a7">
         <name>.bss:buf_pool</name>
         <uninitialized>true</uninitialized>
         <run_address>0x20004900</run_address>
         <size>0x360</size>
         <input_file_ref idref="fl-14"/>
      </object_component>
      <object_component id="oc-1e8">
         <name>.bss:mem_ptr_pool</name>
         <uninitialized>true</uninitialized>
         <run_address>0x20004c60</run_address>
         <size>0x258</size>
         <input_file_ref idref="fl-16"/>
      </object_component>
      <object_component id="oc-245">
         <name>.bss:memory</name>
         <uninitialized>true</uninitialized>
         <run_address>0x20004100</run_address>
         <size>0x800</size>
         <input_file_ref idref="fl-17"/>
      </object_component>
      <object_component id="oc-ea">
         <name>.bss</name>
         <uninitialized>true</uninitialized>
         <run_address>0x20005108</run_address>
         <size>0x2c</size>
         <input_file_ref idref="fl-1f"/>
      </object_component>
      <object_component id="oc-e8">
         <name>.bss</name>
         <uninitialized>true</uninitialized>
         <run_address>0x20005134</run_address>
         <size>0x20</size>
         <input_file_ref idref="fl-20"/>
      </object_component>
      <object_component id="oc-192">
         <name>.bss</name>
         <uninitialized>true</uninitialized>
         <run_address>0x20004eb8</run_address>
         <size>0x90</size>
         <input_file_ref idref="fl-22"/>
      </object_component>
      <object_component id="oc-95">
         <name>.common:pui8TxBuf</name>
         <uninitialized>true</uninitialized>
         <run_address>0x20005164</run_address>
         <size>0x10</size>
      </object_component>
      <object_component id="oc-98">
         <name>.common:pui8RxBuf</name>
         <uninitialized>true</uninitialized>
         <run_address>0x20005154</run_address>
         <size>0x10</size>
      </object_component>
      <object_component id="oc-14f">
         <name>.common:pConfig</name>
         <uninitialized>true</uninitialized>
         <run_address>0x20005178</run_address>
         <size>0x4</size>
      </object_component>
      <object_component id="oc-158">
         <name>.common:get_buf</name>
         <uninitialized>true</uninitialized>
         <run_address>0x20005174</run_address>
         <size>0x4</size>
      </object_component>
      <object_component id="oc-1a3">
         <name>.common:pfISR</name>
         <uninitialized>true</uninitialized>
         <run_address>0x2000517c</run_address>
         <size>0x4</size>
      </object_component>
      <object_component id="oc-23f">
         <name>.common:avail_memory</name>
         <uninitialized>true</uninitialized>
         <run_address>0x2000503c</run_address>
         <size>0x4</size>
      </object_component>
      <object_component id="oc-9a">
         <name>.data</name>
         <load_address>0x20005180</load_address>
         <run_address>0x20005180</run_address>
         <size>0x3d</size>
         <input_file_ref idref="fl-4"/>
      </object_component>
      <object_component id="oc-12b">
         <name>.data</name>
         <load_address>0x20005208</load_address>
         <run_address>0x20005208</run_address>
         <size>0x5</size>
         <input_file_ref idref="fl-5"/>
      </object_component>
      <object_component id="oc-146">
         <name>.data</name>
         <load_address>0x200051c0</load_address>
         <run_address>0x200051c0</run_address>
         <size>0x18</size>
         <input_file_ref idref="fl-6"/>
      </object_component>
      <object_component id="oc-19e">
         <name>.data</name>
         <load_address>0x200051bd</load_address>
         <run_address>0x200051bd</run_address>
         <size>0x2</size>
         <input_file_ref idref="fl-9"/>
      </object_component>
      <object_component id="oc-118">
         <name>.data</name>
         <load_address>0x200051e4</load_address>
         <run_address>0x200051e4</run_address>
         <size>0x9</size>
         <input_file_ref idref="fl-e"/>
      </object_component>
      <object_component id="oc-169">
         <name>.data</name>
         <load_address>0x200051d8</load_address>
         <run_address>0x200051d8</run_address>
         <size>0xc</size>
         <input_file_ref idref="fl-13"/>
      </object_component>
      <object_component id="oc-242">
         <name>.data</name>
         <load_address>0x200051f0</load_address>
         <run_address>0x200051f0</run_address>
         <size>0x8</size>
         <input_file_ref idref="fl-17"/>
      </object_component>
      <object_component id="oc-186">
         <name>.data</name>
         <load_address>0x20005200</load_address>
         <run_address>0x20005200</run_address>
         <size>0x8</size>
         <input_file_ref idref="fl-151"/>
      </object_component>
      <object_component id="oc-1ae">
         <name>.data</name>
         <load_address>0x20005210</load_address>
         <run_address>0x20005210</run_address>
         <size>0x4</size>
         <input_file_ref idref="fl-156"/>
      </object_component>
      <object_component id="oc-c2">
         <name>.data</name>
         <load_address>0x20005214</load_address>
         <run_address>0x20005214</run_address>
         <size>0x4</size>
         <input_file_ref idref="fl-157"/>
      </object_component>
      <object_component id="oc-183">
         <name>.data</name>
         <load_address>0x200051f8</load_address>
         <run_address>0x200051f8</run_address>
         <size>0x8</size>
         <input_file_ref idref="fl-159"/>
      </object_component>
      <object_component id="oc-67">
         <name>.debug_info</name>
         <load_address>0x0</load_address>
         <run_address>0x0</run_address>
         <size>0x9a</size>
         <input_file_ref idref="fl-2"/>
      </object_component>
      <object_component id="oc-2e">
         <name>.debug_info</name>
         <load_address>0x9a</load_address>
         <run_address>0x9a</run_address>
         <size>0xaa</size>
         <input_file_ref idref="fl-2"/>
      </object_component>
      <object_component id="oc-db">
         <name>.debug_info</name>
         <load_address>0x144</load_address>
         <run_address>0x144</run_address>
         <size>0x7f</size>
         <input_file_ref idref="fl-2"/>
      </object_component>
      <object_component id="oc-a5">
         <name>.debug_info</name>
         <load_address>0x1c3</load_address>
         <run_address>0x1c3</run_address>
         <size>0x84</size>
         <input_file_ref idref="fl-2"/>
      </object_component>
      <object_component id="oc-9e">
         <name>.debug_info</name>
         <load_address>0x247</load_address>
         <run_address>0x247</run_address>
         <size>0x18b</size>
         <input_file_ref idref="fl-2"/>
      </object_component>
      <object_component id="oc-39">
         <name>.debug_info</name>
         <load_address>0x3d2</load_address>
         <run_address>0x3d2</run_address>
         <size>0x10a</size>
         <input_file_ref idref="fl-3"/>
      </object_component>
      <object_component id="oc-13">
         <name>.debug_info</name>
         <load_address>0x4dc</load_address>
         <run_address>0x4dc</run_address>
         <size>0xbe</size>
         <input_file_ref idref="fl-3"/>
      </object_component>
      <object_component id="oc-16">
         <name>.debug_info</name>
         <load_address>0x59a</load_address>
         <run_address>0x59a</run_address>
         <size>0x279</size>
         <input_file_ref idref="fl-3"/>
      </object_component>
      <object_component id="oc-96">
         <name>.debug_info</name>
         <load_address>0x813</load_address>
         <run_address>0x813</run_address>
         <size>0x778</size>
         <input_file_ref idref="fl-4"/>
      </object_component>
      <object_component id="oc-9b">
         <name>.debug_info</name>
         <load_address>0xf8b</load_address>
         <run_address>0xf8b</run_address>
         <size>0x224</size>
         <input_file_ref idref="fl-4"/>
      </object_component>
      <object_component id="oc-32">
         <name>.debug_info</name>
         <load_address>0x11af</load_address>
         <run_address>0x11af</run_address>
         <size>0x520</size>
         <input_file_ref idref="fl-4"/>
      </object_component>
      <object_component id="oc-121">
         <name>.debug_info</name>
         <load_address>0x16cf</load_address>
         <run_address>0x16cf</run_address>
         <size>0xf33</size>
         <input_file_ref idref="fl-4"/>
      </object_component>
      <object_component id="oc-173">
         <name>.debug_info</name>
         <load_address>0x2602</load_address>
         <run_address>0x2602</run_address>
         <size>0x1f4</size>
         <input_file_ref idref="fl-4"/>
      </object_component>
      <object_component id="oc-11c">
         <name>.debug_info</name>
         <load_address>0x27f6</load_address>
         <run_address>0x27f6</run_address>
         <size>0x1b9</size>
         <input_file_ref idref="fl-4"/>
      </object_component>
      <object_component id="oc-1b9">
         <name>.debug_info</name>
         <load_address>0x29af</load_address>
         <run_address>0x29af</run_address>
         <size>0x25b</size>
         <input_file_ref idref="fl-4"/>
      </object_component>
      <object_component id="oc-134">
         <name>.debug_info</name>
         <load_address>0x2c0a</load_address>
         <run_address>0x2c0a</run_address>
         <size>0x8b</size>
         <input_file_ref idref="fl-4"/>
      </object_component>
      <object_component id="oc-13a">
         <name>.debug_info</name>
         <load_address>0x2c95</load_address>
         <run_address>0x2c95</run_address>
         <size>0x4e</size>
         <input_file_ref idref="fl-4"/>
      </object_component>
      <object_component id="oc-139">
         <name>.debug_info</name>
         <load_address>0x2ce3</load_address>
         <run_address>0x2ce3</run_address>
         <size>0x3de</size>
         <input_file_ref idref="fl-5"/>
      </object_component>
      <object_component id="oc-12c">
         <name>.debug_info</name>
         <load_address>0x30c1</load_address>
         <run_address>0x30c1</run_address>
         <size>0xb0</size>
         <input_file_ref idref="fl-5"/>
      </object_component>
      <object_component id="oc-129">
         <name>.debug_info</name>
         <load_address>0x3171</load_address>
         <run_address>0x3171</run_address>
         <size>0x106</size>
         <input_file_ref idref="fl-5"/>
      </object_component>
      <object_component id="oc-76">
         <name>.debug_info</name>
         <load_address>0x3277</load_address>
         <run_address>0x3277</run_address>
         <size>0x964</size>
         <input_file_ref idref="fl-5"/>
      </object_component>
      <object_component id="oc-150">
         <name>.debug_info</name>
         <load_address>0x3bdb</load_address>
         <run_address>0x3bdb</run_address>
         <size>0x556</size>
         <input_file_ref idref="fl-6"/>
      </object_component>
      <object_component id="oc-147">
         <name>.debug_info</name>
         <load_address>0x4131</load_address>
         <run_address>0x4131</run_address>
         <size>0xcb</size>
         <input_file_ref idref="fl-6"/>
      </object_component>
      <object_component id="oc-153">
         <name>.debug_info</name>
         <load_address>0x41fc</load_address>
         <run_address>0x41fc</run_address>
         <size>0xb3</size>
         <input_file_ref idref="fl-6"/>
      </object_component>
      <object_component id="oc-15a">
         <name>.debug_info</name>
         <load_address>0x42af</load_address>
         <run_address>0x42af</run_address>
         <size>0xb3</size>
         <input_file_ref idref="fl-6"/>
      </object_component>
      <object_component id="oc-156">
         <name>.debug_info</name>
         <load_address>0x4362</load_address>
         <run_address>0x4362</run_address>
         <size>0xb6</size>
         <input_file_ref idref="fl-6"/>
      </object_component>
      <object_component id="oc-7c">
         <name>.debug_info</name>
         <load_address>0x4418</load_address>
         <run_address>0x4418</run_address>
         <size>0x1013</size>
         <input_file_ref idref="fl-6"/>
      </object_component>
      <object_component id="oc-d1">
         <name>.debug_info</name>
         <load_address>0x542b</load_address>
         <run_address>0x542b</run_address>
         <size>0x2c</size>
         <input_file_ref idref="fl-6"/>
      </object_component>
      <object_component id="oc-14a">
         <name>.debug_info</name>
         <load_address>0x5457</load_address>
         <run_address>0x5457</run_address>
         <size>0x25b</size>
         <input_file_ref idref="fl-8"/>
      </object_component>
      <object_component id="oc-1a4">
         <name>.debug_info</name>
         <load_address>0x56b2</load_address>
         <run_address>0x56b2</run_address>
         <size>0x24a</size>
         <input_file_ref idref="fl-9"/>
      </object_component>
      <object_component id="oc-19f">
         <name>.debug_info</name>
         <load_address>0x58fc</load_address>
         <run_address>0x58fc</run_address>
         <size>0xe3</size>
         <input_file_ref idref="fl-9"/>
      </object_component>
      <object_component id="oc-fb">
         <name>.debug_info</name>
         <load_address>0x59df</load_address>
         <run_address>0x59df</run_address>
         <size>0x1027</size>
         <input_file_ref idref="fl-9"/>
      </object_component>
      <object_component id="oc-126">
         <name>.debug_info</name>
         <load_address>0x6a06</load_address>
         <run_address>0x6a06</run_address>
         <size>0x446</size>
         <input_file_ref idref="fl-e"/>
      </object_component>
      <object_component id="oc-113">
         <name>.debug_info</name>
         <load_address>0x6e4c</load_address>
         <run_address>0x6e4c</run_address>
         <size>0xa6</size>
         <input_file_ref idref="fl-e"/>
      </object_component>
      <object_component id="oc-116">
         <name>.debug_info</name>
         <load_address>0x6ef2</load_address>
         <run_address>0x6ef2</run_address>
         <size>0xa6</size>
         <input_file_ref idref="fl-e"/>
      </object_component>
      <object_component id="oc-119">
         <name>.debug_info</name>
         <load_address>0x6f98</load_address>
         <run_address>0x6f98</run_address>
         <size>0xcd</size>
         <input_file_ref idref="fl-e"/>
      </object_component>
      <object_component id="oc-70">
         <name>.debug_info</name>
         <load_address>0x7065</load_address>
         <run_address>0x7065</run_address>
         <size>0x8d3</size>
         <input_file_ref idref="fl-e"/>
      </object_component>
      <object_component id="oc-1ad">
         <name>.debug_info</name>
         <load_address>0x7938</load_address>
         <run_address>0x7938</run_address>
         <size>0x1a8</size>
         <input_file_ref idref="fl-10"/>
      </object_component>
      <object_component id="oc-107">
         <name>.debug_info</name>
         <load_address>0x7ae0</load_address>
         <run_address>0x7ae0</run_address>
         <size>0x7c8</size>
         <input_file_ref idref="fl-10"/>
      </object_component>
      <object_component id="oc-1cf">
         <name>.debug_info</name>
         <load_address>0x82a8</load_address>
         <run_address>0x82a8</run_address>
         <size>0x267</size>
         <input_file_ref idref="fl-11"/>
      </object_component>
      <object_component id="oc-140">
         <name>.debug_info</name>
         <load_address>0x850f</load_address>
         <run_address>0x850f</run_address>
         <size>0x43b</size>
         <input_file_ref idref="fl-11"/>
      </object_component>
      <object_component id="oc-16d">
         <name>.debug_info</name>
         <load_address>0x894a</load_address>
         <run_address>0x894a</run_address>
         <size>0x3fe</size>
         <input_file_ref idref="fl-13"/>
      </object_component>
      <object_component id="oc-16a">
         <name>.debug_info</name>
         <load_address>0x8d48</load_address>
         <run_address>0x8d48</run_address>
         <size>0xfe</size>
         <input_file_ref idref="fl-13"/>
      </object_component>
      <object_component id="oc-87">
         <name>.debug_info</name>
         <load_address>0x8e46</load_address>
         <run_address>0x8e46</run_address>
         <size>0xa2d</size>
         <input_file_ref idref="fl-13"/>
      </object_component>
      <object_component id="oc-1dc">
         <name>.debug_info</name>
         <load_address>0x9873</load_address>
         <run_address>0x9873</run_address>
         <size>0x2c</size>
         <input_file_ref idref="fl-13"/>
      </object_component>
      <object_component id="oc-1f1">
         <name>.debug_info</name>
         <load_address>0x989f</load_address>
         <run_address>0x989f</run_address>
         <size>0x76</size>
         <input_file_ref idref="fl-13"/>
      </object_component>
      <object_component id="oc-1f6">
         <name>.debug_info</name>
         <load_address>0x9915</load_address>
         <run_address>0x9915</run_address>
         <size>0x69</size>
         <input_file_ref idref="fl-13"/>
      </object_component>
      <object_component id="oc-1ab">
         <name>.debug_info</name>
         <load_address>0x997e</load_address>
         <run_address>0x997e</run_address>
         <size>0x132</size>
         <input_file_ref idref="fl-14"/>
      </object_component>
      <object_component id="oc-1a8">
         <name>.debug_info</name>
         <load_address>0x9ab0</load_address>
         <run_address>0x9ab0</run_address>
         <size>0xb1</size>
         <input_file_ref idref="fl-14"/>
      </object_component>
      <object_component id="oc-101">
         <name>.debug_info</name>
         <load_address>0x9b61</load_address>
         <run_address>0x9b61</run_address>
         <size>0x290</size>
         <input_file_ref idref="fl-14"/>
      </object_component>
      <object_component id="oc-1e1">
         <name>.debug_info</name>
         <load_address>0x9df1</load_address>
         <run_address>0x9df1</run_address>
         <size>0xaa</size>
         <input_file_ref idref="fl-15"/>
      </object_component>
      <object_component id="oc-15e">
         <name>.debug_info</name>
         <load_address>0x9e9b</load_address>
         <run_address>0x9e9b</run_address>
         <size>0x791</size>
         <input_file_ref idref="fl-15"/>
      </object_component>
      <object_component id="oc-234">
         <name>.debug_info</name>
         <load_address>0xa62c</load_address>
         <run_address>0xa62c</run_address>
         <size>0x4f</size>
         <input_file_ref idref="fl-15"/>
      </object_component>
      <object_component id="oc-1ec">
         <name>.debug_info</name>
         <load_address>0xa67b</load_address>
         <run_address>0xa67b</run_address>
         <size>0x1a2</size>
         <input_file_ref idref="fl-16"/>
      </object_component>
      <object_component id="oc-1e9">
         <name>.debug_info</name>
         <load_address>0xa81d</load_address>
         <run_address>0xa81d</run_address>
         <size>0xbe</size>
         <input_file_ref idref="fl-16"/>
      </object_component>
      <object_component id="oc-164">
         <name>.debug_info</name>
         <load_address>0xa8db</load_address>
         <run_address>0xa8db</run_address>
         <size>0x27e</size>
         <input_file_ref idref="fl-16"/>
      </object_component>
      <object_component id="oc-24d">
         <name>.debug_info</name>
         <load_address>0xab59</load_address>
         <run_address>0xab59</run_address>
         <size>0xc8</size>
         <input_file_ref idref="fl-16"/>
      </object_component>
      <object_component id="oc-240">
         <name>.debug_info</name>
         <load_address>0xac21</load_address>
         <run_address>0xac21</run_address>
         <size>0x194</size>
         <input_file_ref idref="fl-17"/>
      </object_component>
      <object_component id="oc-243">
         <name>.debug_info</name>
         <load_address>0xadb5</load_address>
         <run_address>0xadb5</run_address>
         <size>0xdc</size>
         <input_file_ref idref="fl-17"/>
      </object_component>
      <object_component id="oc-246">
         <name>.debug_info</name>
         <load_address>0xae91</load_address>
         <run_address>0xae91</run_address>
         <size>0xae</size>
         <input_file_ref idref="fl-17"/>
      </object_component>
      <object_component id="oc-1e3">
         <name>.debug_info</name>
         <load_address>0xaf3f</load_address>
         <run_address>0xaf3f</run_address>
         <size>0x24d</size>
         <input_file_ref idref="fl-17"/>
      </object_component>
      <object_component id="oc-3d">
         <name>.debug_info</name>
         <load_address>0xb18c</load_address>
         <run_address>0xb18c</run_address>
         <size>0x134</size>
         <input_file_ref idref="fl-14d"/>
      </object_component>
      <object_component id="oc-4b">
         <name>.debug_info</name>
         <load_address>0xb2c0</load_address>
         <run_address>0xb2c0</run_address>
         <size>0x121</size>
         <input_file_ref idref="fl-14e"/>
      </object_component>
      <object_component id="oc-1d">
         <name>.debug_info</name>
         <load_address>0xb3e1</load_address>
         <run_address>0xb3e1</run_address>
         <size>0x1c0</size>
         <input_file_ref idref="fl-14e"/>
      </object_component>
      <object_component id="oc-46">
         <name>.debug_info</name>
         <load_address>0xb5a1</load_address>
         <run_address>0xb5a1</run_address>
         <size>0x46</size>
         <input_file_ref idref="fl-14e"/>
      </object_component>
      <object_component id="oc-c7">
         <name>.debug_info</name>
         <load_address>0xb5e7</load_address>
         <run_address>0xb5e7</run_address>
         <size>0x2c</size>
         <input_file_ref idref="fl-14e"/>
      </object_component>
      <object_component id="oc-53">
         <name>.debug_info</name>
         <load_address>0xb613</load_address>
         <run_address>0xb613</run_address>
         <size>0x115</size>
         <input_file_ref idref="fl-14f"/>
      </object_component>
      <object_component id="oc-50">
         <name>.debug_info</name>
         <load_address>0xb728</load_address>
         <run_address>0xb728</run_address>
         <size>0x228</size>
         <input_file_ref idref="fl-14f"/>
      </object_component>
      <object_component id="oc-24">
         <name>.debug_info</name>
         <load_address>0xb950</load_address>
         <run_address>0xb950</run_address>
         <size>0x192</size>
         <input_file_ref idref="fl-14f"/>
      </object_component>
      <object_component id="oc-54">
         <name>.debug_info</name>
         <load_address>0xbae2</load_address>
         <run_address>0xbae2</run_address>
         <size>0x39</size>
         <input_file_ref idref="fl-14f"/>
      </object_component>
      <object_component id="oc-64">
         <name>.debug_info</name>
         <load_address>0xbb1b</load_address>
         <run_address>0xbb1b</run_address>
         <size>0x110</size>
         <input_file_ref idref="fl-150"/>
      </object_component>
      <object_component id="oc-28">
         <name>.debug_info</name>
         <load_address>0xbc2b</load_address>
         <run_address>0xbc2b</run_address>
         <size>0x18b</size>
         <input_file_ref idref="fl-150"/>
      </object_component>
      <object_component id="oc-5f">
         <name>.debug_info</name>
         <load_address>0xbdb6</load_address>
         <run_address>0xbdb6</run_address>
         <size>0x46</size>
         <input_file_ref idref="fl-150"/>
      </object_component>
      <object_component id="oc-18a">
         <name>.debug_info</name>
         <load_address>0xbdfc</load_address>
         <run_address>0xbdfc</run_address>
         <size>0x172</size>
         <input_file_ref idref="fl-151"/>
      </object_component>
      <object_component id="oc-187">
         <name>.debug_info</name>
         <load_address>0xbf6e</load_address>
         <run_address>0xbf6e</run_address>
         <size>0x117</size>
         <input_file_ref idref="fl-151"/>
      </object_component>
      <object_component id="oc-c0">
         <name>.debug_info</name>
         <load_address>0xc085</load_address>
         <run_address>0xc085</run_address>
         <size>0x1ee</size>
         <input_file_ref idref="fl-151"/>
      </object_component>
      <object_component id="oc-42">
         <name>.debug_info</name>
         <load_address>0xc273</load_address>
         <run_address>0xc273</run_address>
         <size>0xf6</size>
         <input_file_ref idref="fl-152"/>
      </object_component>
      <object_component id="oc-25d">
         <name>.debug_info</name>
         <load_address>0xc369</load_address>
         <run_address>0xc369</run_address>
         <size>0x10d</size>
         <input_file_ref idref="fl-153"/>
      </object_component>
      <object_component id="oc-23a">
         <name>.debug_info</name>
         <load_address>0xc476</load_address>
         <run_address>0xc476</run_address>
         <size>0x18c</size>
         <input_file_ref idref="fl-153"/>
      </object_component>
      <object_component id="oc-5a">
         <name>.debug_info</name>
         <load_address>0xc602</load_address>
         <run_address>0xc602</run_address>
         <size>0x124</size>
         <input_file_ref idref="fl-154"/>
      </object_component>
      <object_component id="oc-ae">
         <name>.debug_info</name>
         <load_address>0xc726</load_address>
         <run_address>0xc726</run_address>
         <size>0x129</size>
         <input_file_ref idref="fl-155"/>
      </object_component>
      <object_component id="oc-1b2">
         <name>.debug_info</name>
         <load_address>0xc84f</load_address>
         <run_address>0xc84f</run_address>
         <size>0xf6</size>
         <input_file_ref idref="fl-156"/>
      </object_component>
      <object_component id="oc-1af">
         <name>.debug_info</name>
         <load_address>0xc945</load_address>
         <run_address>0xc945</run_address>
         <size>0xd1</size>
         <input_file_ref idref="fl-156"/>
      </object_component>
      <object_component id="oc-10f">
         <name>.debug_info</name>
         <load_address>0xca16</load_address>
         <run_address>0xca16</run_address>
         <size>0x185</size>
         <input_file_ref idref="fl-156"/>
      </object_component>
      <object_component id="oc-c3">
         <name>.debug_info</name>
         <load_address>0xcb9b</load_address>
         <run_address>0xcb9b</run_address>
         <size>0xea</size>
         <input_file_ref idref="fl-157"/>
      </object_component>
      <object_component id="oc-12f">
         <name>.debug_info</name>
         <load_address>0xcc85</load_address>
         <run_address>0xcc85</run_address>
         <size>0x11f</size>
         <input_file_ref idref="fl-158"/>
      </object_component>
      <object_component id="oc-218">
         <name>.debug_info</name>
         <load_address>0xcda4</load_address>
         <run_address>0xcda4</run_address>
         <size>0x105</size>
         <input_file_ref idref="fl-159"/>
      </object_component>
      <object_component id="oc-184">
         <name>.debug_info</name>
         <load_address>0xcea9</load_address>
         <run_address>0xcea9</run_address>
         <size>0xf4</size>
         <input_file_ref idref="fl-159"/>
      </object_component>
      <object_component id="oc-214">
         <name>.debug_info</name>
         <load_address>0xcf9d</load_address>
         <run_address>0xcf9d</run_address>
         <size>0x200</size>
         <input_file_ref idref="fl-159"/>
      </object_component>
      <object_component id="oc-182">
         <name>.debug_info</name>
         <load_address>0xd19d</load_address>
         <run_address>0xd19d</run_address>
         <size>0x147</size>
         <input_file_ref idref="fl-15a"/>
      </object_component>
      <object_component id="oc-ba">
         <name>.debug_info</name>
         <load_address>0xd2e4</load_address>
         <run_address>0xd2e4</run_address>
         <size>0x148</size>
         <input_file_ref idref="fl-15a"/>
      </object_component>
      <object_component id="oc-20b">
         <name>.debug_info</name>
         <load_address>0xd42c</load_address>
         <run_address>0xd42c</run_address>
         <size>0x5e</size>
         <input_file_ref idref="fl-15a"/>
      </object_component>
      <object_component id="oc-180">
         <name>.debug_info</name>
         <load_address>0xd48a</load_address>
         <run_address>0xd48a</run_address>
         <size>0x29e</size>
         <input_file_ref idref="fl-15b"/>
      </object_component>
      <object_component id="oc-b1">
         <name>.debug_info</name>
         <load_address>0xd728</load_address>
         <run_address>0xd728</run_address>
         <size>0x192</size>
         <input_file_ref idref="fl-15b"/>
      </object_component>
      <object_component id="oc-1ff">
         <name>.debug_info</name>
         <load_address>0xd8ba</load_address>
         <run_address>0xd8ba</run_address>
         <size>0x39</size>
         <input_file_ref idref="fl-15b"/>
      </object_component>
      <object_component id="oc-204">
         <name>.debug_info</name>
         <load_address>0xd8f3</load_address>
         <run_address>0xd8f3</run_address>
         <size>0xcd</size>
         <input_file_ref idref="fl-15b"/>
      </object_component>
      <object_component id="oc-1fc">
         <name>.debug_info</name>
         <load_address>0xd9c0</load_address>
         <run_address>0xd9c0</run_address>
         <size>0x1c1</size>
         <input_file_ref idref="fl-15c"/>
      </object_component>
      <object_component id="oc-17a">
         <name>.debug_info</name>
         <load_address>0xdb81</load_address>
         <run_address>0xdb81</run_address>
         <size>0x164</size>
         <input_file_ref idref="fl-15c"/>
      </object_component>
      <object_component id="oc-254">
         <name>.debug_info</name>
         <load_address>0xdce5</load_address>
         <run_address>0xdce5</run_address>
         <size>0x2c</size>
         <input_file_ref idref="fl-15c"/>
      </object_component>
      <object_component id="oc-1c7">
         <name>.debug_info</name>
         <load_address>0xdd11</load_address>
         <run_address>0xdd11</run_address>
         <size>0x128</size>
         <input_file_ref idref="fl-15d"/>
      </object_component>
      <object_component id="oc-290">
         <name>.debug_info</name>
         <load_address>0xde39</load_address>
         <run_address>0xde39</run_address>
         <size>0x7e</size>
      </object_component>
      <object_component id="oc-da">
         <name>.debug_line</name>
         <load_address>0x0</load_address>
         <run_address>0x0</run_address>
         <size>0x20</size>
         <input_file_ref idref="fl-2"/>
      </object_component>
      <object_component id="oc-66">
         <name>.debug_line</name>
         <load_address>0x20</load_address>
         <run_address>0x20</run_address>
         <size>0x35</size>
         <input_file_ref idref="fl-2"/>
      </object_component>
      <object_component id="oc-de">
         <name>.debug_line</name>
         <load_address>0x55</load_address>
         <run_address>0x55</run_address>
         <size>0x35</size>
         <input_file_ref idref="fl-2"/>
      </object_component>
      <object_component id="oc-a8">
         <name>.debug_line</name>
         <load_address>0x8a</load_address>
         <run_address>0x8a</run_address>
         <size>0x20</size>
         <input_file_ref idref="fl-2"/>
      </object_component>
      <object_component id="oc-a1">
         <name>.debug_line</name>
         <load_address>0xaa</load_address>
         <run_address>0xaa</run_address>
         <size>0x60</size>
         <input_file_ref idref="fl-2"/>
      </object_component>
      <object_component id="oc-a4">
         <name>.debug_line</name>
         <load_address>0x10a</load_address>
         <run_address>0x10a</run_address>
         <size>0x3b</size>
         <input_file_ref idref="fl-3"/>
      </object_component>
      <object_component id="oc-38">
         <name>.debug_line</name>
         <load_address>0x145</load_address>
         <run_address>0x145</run_address>
         <size>0x3b</size>
         <input_file_ref idref="fl-3"/>
      </object_component>
      <object_component id="oc-19">
         <name>.debug_line</name>
         <load_address>0x180</load_address>
         <run_address>0x180</run_address>
         <size>0xb4</size>
         <input_file_ref idref="fl-3"/>
      </object_component>
      <object_component id="oc-170">
         <name>.debug_line</name>
         <load_address>0x234</load_address>
         <run_address>0x234</run_address>
         <size>0x352</size>
         <input_file_ref idref="fl-4"/>
      </object_component>
      <object_component id="oc-172">
         <name>.debug_line</name>
         <load_address>0x586</load_address>
         <run_address>0x586</run_address>
         <size>0x2d</size>
         <input_file_ref idref="fl-4"/>
      </object_component>
      <object_component id="oc-35">
         <name>.debug_line</name>
         <load_address>0x5b3</load_address>
         <run_address>0x5b3</run_address>
         <size>0x17c</size>
         <input_file_ref idref="fl-4"/>
      </object_component>
      <object_component id="oc-124">
         <name>.debug_line</name>
         <load_address>0x72f</load_address>
         <run_address>0x72f</run_address>
         <size>0x3e</size>
         <input_file_ref idref="fl-4"/>
      </object_component>
      <object_component id="oc-176">
         <name>.debug_line</name>
         <load_address>0x76d</load_address>
         <run_address>0x76d</run_address>
         <size>0x55</size>
         <input_file_ref idref="fl-4"/>
      </object_component>
      <object_component id="oc-11f">
         <name>.debug_line</name>
         <load_address>0x7c2</load_address>
         <run_address>0x7c2</run_address>
         <size>0x5a</size>
         <input_file_ref idref="fl-4"/>
      </object_component>
      <object_component id="oc-1bc">
         <name>.debug_line</name>
         <load_address>0x81c</load_address>
         <run_address>0x81c</run_address>
         <size>0x5b</size>
         <input_file_ref idref="fl-4"/>
      </object_component>
      <object_component id="oc-137">
         <name>.debug_line</name>
         <load_address>0x877</load_address>
         <run_address>0x877</run_address>
         <size>0x20</size>
         <input_file_ref idref="fl-4"/>
      </object_component>
      <object_component id="oc-13d">
         <name>.debug_line</name>
         <load_address>0x897</load_address>
         <run_address>0x897</run_address>
         <size>0x60</size>
         <input_file_ref idref="fl-4"/>
      </object_component>
      <object_component id="oc-1cd">
         <name>.debug_line</name>
         <load_address>0x8f7</load_address>
         <run_address>0x8f7</run_address>
         <size>0xc3</size>
         <input_file_ref idref="fl-5"/>
      </object_component>
      <object_component id="oc-1c4">
         <name>.debug_line</name>
         <load_address>0x9ba</load_address>
         <run_address>0x9ba</run_address>
         <size>0x32</size>
         <input_file_ref idref="fl-5"/>
      </object_component>
      <object_component id="oc-1c2">
         <name>.debug_line</name>
         <load_address>0x9ec</load_address>
         <run_address>0x9ec</run_address>
         <size>0x32</size>
         <input_file_ref idref="fl-5"/>
      </object_component>
      <object_component id="oc-79">
         <name>.debug_line</name>
         <load_address>0xa1e</load_address>
         <run_address>0xa1e</run_address>
         <size>0x2ca</size>
         <input_file_ref idref="fl-5"/>
      </object_component>
      <object_component id="oc-1d4">
         <name>.debug_line</name>
         <load_address>0xce8</load_address>
         <run_address>0xce8</run_address>
         <size>0x14d</size>
         <input_file_ref idref="fl-6"/>
      </object_component>
      <object_component id="oc-1d1">
         <name>.debug_line</name>
         <load_address>0xe35</load_address>
         <run_address>0xe35</run_address>
         <size>0x3d</size>
         <input_file_ref idref="fl-6"/>
      </object_component>
      <object_component id="oc-1d6">
         <name>.debug_line</name>
         <load_address>0xe72</load_address>
         <run_address>0xe72</run_address>
         <size>0x3d</size>
         <input_file_ref idref="fl-6"/>
      </object_component>
      <object_component id="oc-1da">
         <name>.debug_line</name>
         <load_address>0xeaf</load_address>
         <run_address>0xeaf</run_address>
         <size>0x3d</size>
         <input_file_ref idref="fl-6"/>
      </object_component>
      <object_component id="oc-1d8">
         <name>.debug_line</name>
         <load_address>0xeec</load_address>
         <run_address>0xeec</run_address>
         <size>0x3d</size>
         <input_file_ref idref="fl-6"/>
      </object_component>
      <object_component id="oc-7f">
         <name>.debug_line</name>
         <load_address>0xf29</load_address>
         <run_address>0xf29</run_address>
         <size>0x2a9</size>
         <input_file_ref idref="fl-6"/>
      </object_component>
      <object_component id="oc-d4">
         <name>.debug_line</name>
         <load_address>0x11d2</load_address>
         <run_address>0x11d2</run_address>
         <size>0x60</size>
         <input_file_ref idref="fl-6"/>
      </object_component>
      <object_component id="oc-14d">
         <name>.debug_line</name>
         <load_address>0x1232</load_address>
         <run_address>0x1232</run_address>
         <size>0xb4</size>
         <input_file_ref idref="fl-8"/>
      </object_component>
      <object_component id="oc-224">
         <name>.debug_line</name>
         <load_address>0x12e6</load_address>
         <run_address>0x12e6</run_address>
         <size>0x86</size>
         <input_file_ref idref="fl-9"/>
      </object_component>
      <object_component id="oc-222">
         <name>.debug_line</name>
         <load_address>0x136c</load_address>
         <run_address>0x136c</run_address>
         <size>0x3b</size>
         <input_file_ref idref="fl-9"/>
      </object_component>
      <object_component id="oc-fe">
         <name>.debug_line</name>
         <load_address>0x13a7</load_address>
         <run_address>0x13a7</run_address>
         <size>0x3e1</size>
         <input_file_ref idref="fl-9"/>
      </object_component>
      <object_component id="oc-1bf">
         <name>.debug_line</name>
         <load_address>0x1788</load_address>
         <run_address>0x1788</run_address>
         <size>0x18d</size>
[...]
         <value>0x2018d5</value>
         <object_component_ref idref="oc-86"/>
      </symbol>
      <symbol id="sm-3a9">
         <name>mac_scan_descr_get_head</name>
         <value>0x2019df</value>
         <object_component_ref idref="oc-86"/>
      </symbol>
      <symbol id="sm-3aa">
         <name>flag1</name>
         <value>0x200051d8</value>
         <object_component_ref idref="oc-169"/>
      </symbol>
      <symbol id="sm-3ab">
         <name>mac_scan</name>
         <value>0x201a61</value>
         <object_component_ref idref="oc-86"/>
      </symbol>
      <symbol id="sm-3ac">
         <name>mac_scan_descr_clear</name>
         <value>0x201957</value>
         <object_component_ref idref="oc-86"/>
      </symbol>
      <symbol id="sm-3ad">
         <name>mac_scan_descr_free</name>
         <value>0x201941</value>
         <object_component_ref idref="oc-86"/>
      </symbol>
      <symbol id="sm-3ae">
         <name>mac_scan_descr_add</name>
         <value>0x2018fb</value>
         <object_component_ref idref="oc-86"/>
      </symbol>
      <symbol id="sm-3af">
         <name>mac_scan_descr_find_addr</name>
         <value>0x20197f</value>
         <object_component_ref idref="oc-86"/>
      </symbol>
      <symbol id="sm-3b0">
         <name>mac_scan_get_energy_list</name>
         <value>0x201a4f</value>
         <object_component_ref idref="oc-86"/>
      </symbol>
      <symbol id="sm-3da">
         <name>buf_free</name>
         <value>0x202529</value>
         <object_component_ref idref="oc-100"/>
      </symbol>
      <symbol id="sm-3db">
         <name>buf_get</name>
         <value>0x20246b</value>
         <object_component_ref idref="oc-100"/>
      </symbol>
      <symbol id="sm-3dc">
         <name>buf_get_cnt</name>
         <value>0x20241f</value>
         <object_component_ref idref="oc-100"/>
      </symbol>
      <symbol id="sm-3dd">
         <name>buf_init</name>
         <value>0x2023e5</value>
         <object_component_ref idref="oc-100"/>
      </symbol>
      <symbol id="sm-40e">
         <name>list_head</name>
         <value>0x202239</value>
         <object_component_ref idref="oc-15d"/>
      </symbol>
      <symbol id="sm-40f">
         <name>list_remove</name>
         <value>0x202339</value>
         <object_component_ref idref="oc-15d"/>
      </symbol>
      <symbol id="sm-410">
         <name>list_insert</name>
         <value>0x2023bd</value>
         <object_component_ref idref="oc-15d"/>
      </symbol>
      <symbol id="sm-411">
         <name>list_tail</name>
         <value>0x20225b</value>
         <object_component_ref idref="oc-15d"/>
      </symbol>
      <symbol id="sm-412">
         <name>list_length</name>
         <value>0x202391</value>
         <object_component_ref idref="oc-15d"/>
      </symbol>
      <symbol id="sm-413">
         <name>list_init</name>
         <value>0x202229</value>
         <object_component_ref idref="oc-15d"/>
      </symbol>
      <symbol id="sm-414">
         <name>list_push</name>
         <value>0x2022af</value>
         <object_component_ref idref="oc-15d"/>
      </symbol>
      <symbol id="sm-415">
         <name>list_copy</name>
         <value>0x202247</value>
         <object_component_ref idref="oc-15d"/>
      </symbol>
      <symbol id="sm-416">
         <name>list_chop</name>
         <value>0x2022c9</value>
         <object_component_ref idref="oc-15d"/>
      </symbol>
      <symbol id="sm-417">
         <name>list_add</name>
         <value>0x202287</value>
         <object_component_ref idref="oc-15d"/>
      </symbol>
      <symbol id="sm-418">
         <name>list_pop</name>
         <value>0x20231b</value>
         <object_component_ref idref="oc-15d"/>
      </symbol>
      <symbol id="sm-43d">
         <name>mem_heap_free</name>
         <value>0x202d15</value>
         <object_component_ref idref="oc-163"/>
      </symbol>
      <symbol id="sm-43e">
         <name>mem_heap_init</name>
         <value>0x202c79</value>
         <object_component_ref idref="oc-163"/>
      </symbol>
      <symbol id="sm-43f">
         <name>mem_heap_alloc</name>
         <value>0x202c89</value>
         <object_component_ref idref="oc-163"/>
      </symbol>
      <symbol id="sm-466">
         <name>avail_memory</name>
         <value>0x2000503c</value>
      </symbol>
      <symbol id="sm-467">
         <name>mmem_init</name>
         <value>0x202937</value>
         <object_component_ref idref="oc-1e2"/>
      </symbol>
      <symbol id="sm-468">
         <name>mmem_free</name>
         <value>0x2028cf</value>
         <object_component_ref idref="oc-1e2"/>
      </symbol>
      <symbol id="sm-469">
         <name>mmem_alloc</name>
         <value>0x20288d</value>
         <object_component_ref idref="oc-1e2"/>
      </symbol>
      <symbol id="sm-48c">
         <name>bspUartOpen</name>
         <value>0x2026ad</value>
         <object_component_ref idref="oc-6c"/>
      </symbol>
      <symbol id="sm-48d">
         <name>bspUartBufInit</name>
         <value>0x203679</value>
         <object_component_ref idref="oc-6a"/>
      </symbol>
      <symbol id="sm-4cb">
         <name>bspKeyInit</name>
         <value>0x202e6d</value>
         <object_component_ref idref="oc-69"/>
      </symbol>
      <symbol id="sm-4d3">
         <name>bspAssert</name>
         <value>0x20378d</value>
         <object_component_ref idref="oc-6d"/>
      </symbol>
      <symbol id="sm-53c">
         <name>ioPinIntRegister</name>
         <value>0x202559</value>
         <object_component_ref idref="oc-e4"/>
      </symbol>
      <symbol id="sm-562">
         <name>UARTTxIntModeSet</name>
         <value>0x203a21</value>
         <object_component_ref idref="oc-f4"/>
      </symbol>
      <symbol id="sm-563">
         <name>UARTConfigSetExpClk</name>
         <value>0x20363b</value>
         <object_component_ref idref="oc-f3"/>
      </symbol>
      <symbol id="sm-564">
         <name>UARTDisable</name>
         <value>0x2038bd</value>
         <object_component_ref idref="oc-ec"/>
      </symbol>
      <symbol id="sm-565">
         <name>UARTIntEnable</name>
         <value>0x203a73</value>
         <object_component_ref idref="oc-f6"/>
      </symbol>
      <symbol id="sm-566">
         <name>UARTCharsAvail</name>
         <value>0x203a4d</value>
         <object_component_ref idref="oc-85"/>
      </symbol>
      <symbol id="sm-567">
         <name>UARTClockSourceSet</name>
         <value>0x203a8d</value>
         <object_component_ref idref="oc-ee"/>
      </symbol>
      <symbol id="sm-568">
         <name>UARTIntDisable</name>
         <value>0x203a57</value>
         <object_component_ref idref="oc-ed"/>
      </symbol>
      <symbol id="sm-569">
         <name>UARTCharPut</name>
         <value>0x203a43</value>
         <object_component_ref idref="oc-84"/>
      </symbol>
      <symbol id="sm-56a">
         <name>UARTEnable</name>
         <value>0x203939</value>
         <object_component_ref idref="oc-f7"/>
      </symbol>
      <symbol id="sm-56b">
         <name>UARTIntClear</name>
         <value>0x203aa3</value>
         <object_component_ref idref="oc-82"/>
      </symbol>
      <symbol id="sm-56c">
         <name>UARTIntStatus</name>
         <value>0x203a61</value>
         <object_component_ref idref="oc-81"/>
      </symbol>
      <symbol id="sm-56d">
         <name>UARTCharGet</name>
         <value>0x203a39</value>
         <object_component_ref idref="oc-83"/>
      </symbol>
      <symbol id="sm-56e">
         <name>UARTFIFOLevelSet</name>
         <value>0x203a93</value>
         <object_component_ref idref="oc-f5"/>
      </symbol>
      <symbol id="sm-56f">
         <name>UARTIntRegister</name>
         <value>0x20389d</value>
         <object_component_ref idref="oc-6b"/>
      </symbol>
      <symbol id="sm-5a7">
         <name>SysCtrlDelay</name>
         <value>0x203a87</value>
         <object_component_ref idref="oc-f9"/>
      </symbol>
      <symbol id="sm-5a8">
         <name>SysCtrlPeripheralEnable</name>
         <value>0x20387d</value>
         <object_component_ref idref="oc-68"/>
      </symbol>
      <symbol id="sm-5a9">
         <name>SysCtrlPeripheralPresent</name>
         <value>0x2036f1</value>
         <object_component_ref idref="oc-127"/>
      </symbol>
      <symbol id="sm-5aa">
         <name>SysCtrlIOClockSet</name>
         <value>0x203925</value>
         <object_component_ref idref="oc-8d"/>
      </symbol>
      <symbol id="sm-5ab">
         <name>SysCtrlClockGet</name>
         <value>0x203401</value>
         <object_component_ref idref="oc-8f"/>
      </symbol>
      <symbol id="sm-5ac">
         <name>SysCtrlClockSet</name>
         <value>0x2033a9</value>
         <object_component_ref idref="oc-8c"/>
      </symbol>
      <symbol id="sm-5e7">
         <name>IOCPadConfigSet</name>
         <value>0x202ff9</value>
         <object_component_ref idref="oc-e2"/>
      </symbol>
      <symbol id="sm-5e8">
         <name>IOCPinConfigPeriphOutput</name>
         <value>0x20306d</value>
         <object_component_ref idref="oc-ef"/>
      </symbol>
      <symbol id="sm-5e9">
         <name>IOCPinConfigPeriphInput</name>
         <value>0x2027a9</value>
         <object_component_ref idref="oc-f1"/>
      </symbol>
      <symbol id="sm-626">
         <name>IntPendClear</name>
         <value>0x20357d</value>
         <object_component_ref idref="oc-1a2"/>
      </symbol>
      <symbol id="sm-627">
         <name>IntPrioritySet</name>
         <value>0x203811</value>
         <object_component_ref idref="oc-19d"/>
      </symbol>
      <symbol id="sm-628">
         <name>IntEnable</name>
         <value>0x2032ed</value>
         <object_component_ref idref="oc-93"/>
      </symbol>
      <symbol id="sm-629">
         <name>IntDisable</name>
         <value>0x20328d</value>
         <object_component_ref idref="oc-1a1"/>
      </symbol>
      <symbol id="sm-62a">
         <name>IntRegister</name>
         <value>0x203729</value>
         <object_component_ref idref="oc-eb"/>
      </symbol>
      <symbol id="sm-62b">
         <name>g_pfnRAMVectors</name>
         <value>0x20004000</value>
         <object_component_ref idref="oc-19c"/>
      </symbol>
      <symbol id="sm-642">
         <name>TimerLoadSet</name>
         <value>0x203961</value>
         <object_component_ref idref="oc-90"/>
      </symbol>
      <symbol id="sm-643">
         <name>TimerIntRegister</name>
         <value>0x20334d</value>
         <object_component_ref idref="oc-91"/>
      </symbol>
      <symbol id="sm-644">
         <name>TimerEnable</name>
         <value>0x2039e1</value>
         <object_component_ref idref="oc-94"/>
      </symbol>
      <symbol id="sm-645">
         <name>TimerIntEnable</name>
         <value>0x203a6b</value>
         <object_component_ref idref="oc-92"/>
      </symbol>
      <symbol id="sm-646">
         <name>TimerConfigure</name>
         <value>0x2037e9</value>
         <object_component_ref idref="oc-8e"/>
      </symbol>
      <symbol id="sm-647">
         <name>TimerIntClear</name>
         <value>0x203a9f</value>
         <object_component_ref idref="oc-99"/>
      </symbol>
      <symbol id="sm-666">
         <name>GPIOPinIntClear</name>
         <value>0x203a7b</value>
         <object_component_ref idref="oc-191"/>
      </symbol>
      <symbol id="sm-667">
         <name>GPIOPinIntDisable</name>
         <value>0x2039c5</value>
         <object_component_ref idref="oc-e3"/>
      </symbol>
      <symbol id="sm-668">
         <name>GPIOIntTypeSet</name>
         <value>0x2035fd</value>
         <object_component_ref idref="oc-e5"/>
      </symbol>
      <symbol id="sm-669">
         <name>GPIOPinTypeGPIOInput</name>
         <value>0x203985</value>
         <object_component_ref idref="oc-e1"/>
      </symbol>
      <symbol id="sm-66a">
         <name>GPIOPinIntEnable</name>
         <value>0x203a15</value>
         <object_component_ref idref="oc-21f"/>
      </symbol>
      <symbol id="sm-66b">
         <name>GPIOGetIntNumber</name>
         <value>0x20375d</value>
         <object_component_ref idref="oc-21e"/>
      </symbol>
      <symbol id="sm-66c">
         <name>GPIODirModeSet</name>
         <value>0x2037bd</value>
         <object_component_ref idref="oc-18e"/>
      </symbol>
      <symbol id="sm-66d">
         <name>GPIOPinTypeUARTInput</name>
         <value>0x203995</value>
         <object_component_ref idref="oc-f2"/>
      </symbol>
      <symbol id="sm-66e">
         <name>GPIOPinWrite</name>
         <value>0x203a81</value>
         <object_component_ref idref="oc-f8"/>
      </symbol>
      <symbol id="sm-66f">
         <name>GPIOPortIntRegister</name>
         <value>0x2038f5</value>
         <object_component_ref idref="oc-190"/>
      </symbol>
      <symbol id="sm-670">
         <name>GPIOPinIntStatus</name>
         <value>0x2039d3</value>
         <object_component_ref idref="oc-198"/>
      </symbol>
      <symbol id="sm-671">
         <name>GPIOPinTypeUARTOutput</name>
         <value>0x2039a5</value>
         <object_component_ref idref="oc-f0"/>
      </symbol>
      <symbol id="sm-677">
         <name>CPUcpsie</name>
         <value>0x203a09</value>
         <object_component_ref idref="oc-6e"/>
      </symbol>
      <symbol id="sm-678">
         <name>CPUcpsid</name>
         <value>0x2039fd</value>
         <object_component_ref idref="oc-145"/>
      </symbol>
      <symbol id="sm-688">
         <name>_c_int00</name>
         <value>0x2036b5</value>
         <object_component_ref idref="oc-3a"/>
      </symbol>
      <symbol id="sm-689">
         <name>__stack</name>
         <value>0x20007f00</value>
         <object_component_ref idref="oc-30"/>
      </symbol>
      <symbol id="sm-6a0">
         <name>__TI_decompress_none</name>
         <value>0x2039ef</value>
         <object_component_ref idref="oc-1b"/>
      </symbol>
      <symbol id="sm-6c3">
         <name>__TI_decompress_rle24</name>
         <value>0x203a99</value>
         <object_component_ref idref="oc-21"/>
      </symbol>
      <symbol id="sm-6d5">
         <name>__TI_zero_init</name>
         <value>0x203a2d</value>
         <object_component_ref idref="oc-27"/>
      </symbol>
      <symbol id="sm-6f4">
         <name>C$$EXIT</name>
         <value>0x203539</value>
         <object_component_ref idref="oc-bc"/>
      </symbol>
      <symbol id="sm-6f5">
         <name>abort</name>
         <value>0x20353d</value>
         <object_component_ref idref="oc-bc"/>
      </symbol>
      <symbol id="sm-6f6">
         <name>exit</name>
         <value>0x203545</value>
         <object_component_ref idref="oc-bc"/>
      </symbol>
      <symbol id="sm-6f7">
         <name>__TI_dtors_ptr</name>
         <value>0x20005204</value>
         <object_component_ref idref="oc-186"/>
      </symbol>
      <symbol id="sm-6f8">
         <name>__TI_cleanup_ptr</name>
         <value>0x20005200</value>
         <object_component_ref idref="oc-186"/>
      </symbol>
      <symbol id="sm-713">
         <name>memcpy</name>
         <value>0x202d3d</value>
         <object_component_ref idref="oc-40"/>
      </symbol>
      <symbol id="sm-714">
         <name>__aeabi_memcpy</name>
         <value>0x202d3d</value>
         <object_component_ref idref="oc-40"/>
      </symbol>
      <symbol id="sm-715">
         <name>__aeabi_memcpy8</name>
         <value>0x202d3d</value>
         <object_component_ref idref="oc-40"/>
      </symbol>
      <symbol id="sm-716">
         <name>__aeabi_memcpy4</name>
         <value>0x202d3d</value>
         <object_component_ref idref="oc-40"/>
      </symbol>
      <symbol id="sm-726">
         <name>memmove</name>
         <value>0x203859</value>
         <object_component_ref idref="oc-239"/>
      </symbol>
      <symbol id="sm-735">
         <name>__aeabi_memset</name>
         <value>0x202f7f</value>
         <object_component_ref idref="oc-59"/>
      </symbol>
      <symbol id="sm-736">
         <name>memset</name>
         <value>0x202f85</value>
         <object_component_ref idref="oc-59"/>
      </symbol>
      <symbol id="sm-737">
         <name>__aeabi_memset8</name>
         <value>0x202f7f</value>
         <object_component_ref idref="oc-59"/>
      </symbol>
      <symbol id="sm-738">
         <name>__aeabi_memset4</name>
         <value>0x202f7f</value>
         <object_component_ref idref="oc-59"/>
      </symbol>
      <symbol id="sm-739">
         <name>__aeabi_memclr8</name>
         <value>0x202f7d</value>
         <object_component_ref idref="oc-59"/>
      </symbol>
      <symbol id="sm-73a">
         <name>__aeabi_memclr4</name>
         <value>0x202f7d</value>
         <object_component_ref idref="oc-59"/>
      </symbol>
      <symbol id="sm-73b">
         <name>__aeabi_memclr</name>
         <value>0x202f7d</value>
         <object_component_ref idref="oc-59"/>
      </symbol>
      <symbol id="sm-745">
         <name>_system_pre_init</name>
         <value>0x203aa7</value>
         <object_component_ref idref="oc-aa"/>
      </symbol>
      <symbol id="sm-75f">
         <name>rand</name>
         <value>0x203503</value>
         <object_component_ref idref="oc-10c"/>
      </symbol>
      <symbol id="sm-760">
         <name>srand</name>
         <value>0x2034ed</value>
         <object_component_ref idref="oc-10c"/>
      </symbol>
      <symbol id="sm-768">
         <name>main_func_sp</name>
         <value>0x20005214</value>
         <object_component_ref idref="oc-c2"/>
      </symbol>
      <symbol id="sm-77a">
         <name>__aeabi_uidivmod</name>
         <value>0x2035bd</value>
         <object_component_ref idref="oc-12e"/>
      </symbol>
      <symbol id="sm-77b">
         <name>__aeabi_uidiv</name>
         <value>0x2035bd</value>
         <object_component_ref idref="oc-12e"/>
      </symbol>
      <symbol id="sm-794">
         <name>_nop</name>
         <value>0x20395b</value>
         <object_component_ref idref="oc-210"/>
      </symbol>
      <symbol id="sm-795">
         <name>_lock</name>
         <value>0x200051f8</value>
         <object_component_ref idref="oc-183"/>
      </symbol>
      <symbol id="sm-796">
         <name>_unlock</name>
         <value>0x200051fc</value>
         <object_component_ref idref="oc-183"/>
      </symbol>
      <symbol id="sm-797">
         <name>_register_lock</name>
         <value>0x203953</value>
         <object_component_ref idref="oc-210"/>
      </symbol>
      <symbol id="sm-798">
         <name>_register_unlock</name>
         <value>0x20394d</value>
         <object_component_ref idref="oc-210"/>
      </symbol>
      <symbol id="sm-7ad">
         <name>_args_main</name>
         <value>0x20390d</value>
         <object_component_ref idref="oc-b6"/>
      </symbol>
      <symbol id="sm-7d3">
         <name>__TI_auto_init</name>
         <value>0x20314d</value>
         <object_component_ref idref="oc-b0"/>
      </symbol>
      <symbol id="sm-7ed">
         <name>copy_in</name>
         <value>0x2034a1</value>
         <object_component_ref idref="oc-179"/>
      </symbol>
      <symbol id="sm-7f7">
         <name>__aeabi_idiv0</name>
         <value>0x200b5b</value>
         <object_component_ref idref="oc-1c5"/>
      </symbol>
      <symbol id="sm-7f8">
         <name>__TI_static_base__</name>
         <value>0x203d60</value>
      </symbol>
      <symbol id="sm-7fb">
         <name>SHT$$INIT_ARRAY$$Limit</name>
         <value>0x0</value>
      </symbol>
      <symbol id="sm-7fc">
         <name>SHT$$INIT_ARRAY$$Base</name>
         <value>0x0</value>
      </symbol>
      <symbol id="sm-7fd">
         <name>IntMasterEnable</name>
         <value>0x203a09</value>
      </symbol>
      <symbol id="sm-7fe">
         <name>IntMasterDisable</name>
         <value>0x2039fd</value>
      </symbol>
   </symbol_table>
   <title>Link successful</title>
</link_info>
