******************************************************************************
                  TI ARM Linker PC v15.12.1                    
******************************************************************************
>> Linked Sun Sep 04 14:41:39 2016

OUTPUT FILE NAME:   <RF_Develope.out>
ENTRY POINT SYMBOL: "ResetISR"  address: 00204b19


MEMORY CONFIGURATION

         name            origin    length      used     unused   attr    fill
----------------------  --------  ---------  --------  --------  ----  --------
  FLASH                 00200000   0007ffd4  00005898  0007a73c  R  X
  FLASH_CCA             0027ffd4   0000000c  0000000c  00000000  R  X
  SRAM_NON_RETENTION    20000000   00004000  00000000  00004000  RW X
  SRAM_RETENTION        20004000   00004000  00001656  000029aa  RW X


SEGMENT ALLOCATION MAP

run origin  load origin   length   init length attrs members
----------  ----------- ---------- ----------- ----- -------
00200000    00200000    0000589c   0000589c    r-x
  00200000    00200000    00000100   00000100    r-- .intvecs
  00200100    00200100    0000545c   0000545c    r-x .text
  0020555c    0020555c    000002b0   000002b0    r-- .const
  00205810    00205810    0000008c   0000008c    r-- .cinit
0027ffd4    0027ffd4    0000000c   0000000c    r--
  0027ffd4    0027ffd4    0000000c   0000000c    r-- .flashcca
20004000    20004000    00001558   00000000    rw-
  20004000    20004000    00000100   00000000    rw- .vtable
  20004100    20004100    000013ae   00000000    rw- .bss
  200054b0    200054b0    000000a8   00000000    rw- .data
20007f00    20007f00    00000100   00000000    rw-
  20007f00    20007f00    00000100   00000000    rw- .stack


SECTION ALLOCATION MAP

 output                                  attributes/
section   page    origin      length       input sections
--------  ----  ----------  ----------   ----------------
.intvecs   0    00200000    00000100     
                  00200000    00000100     cx2538_startup_ccs.obj (.intvecs)

.text      0    00200100    0000545c     
                  00200100    00000902     mac_gen.obj (.text)
                  00200a02    00000002     rtsv7M3_T_le_eabi.lib : i_div0.obj (.text)
                  00200a04    00000640     mac_assoc.obj (.text)
                  00201044    0000059c     basic_rf.obj (.text)
                  002015e0    00000578     mac_scan.obj (.text)
                  00201b58    00000548     hal_rf.obj (.text)
                  002020a0    00000534     mac_parse.obj (.text)
                  002025d4    000004e8     uartstdio.obj (.text)
                  00202abc    00000474     mac.obj (.text)
                  00202f30    00000380     CSMA-CA.obj (.text)
                  002032b0    00000364     mac_data.obj (.text)
                  00203614    00000324     rtsv7M3_T_le_eabi.lib : trgdrv.obj (.text)
                  00203938    000001c8     main.obj (.text)
                  00203b00    000001ba     list.obj (.text)
                  00203cba    00000002     rtsv7M3_T_le_eabi.lib : mpu_init.obj (.text)
                  00203cbc    00000174     buf.obj (.text)
                  00203e30    00000154     bsp.lib : io_pin_int.obj (.text:ioPinIntRegister)
                  00203f84    000000fc             : bsp_uart.obj (.text:bspUartOpen)
                  00204080    000000f4     mac_poll.obj (.text)
                  00204174    000000e4     driverlib.lib : ioc.obj (.text:IOCPinConfigPeriphInput)
                  00204258    000000c8     bsp.lib : io_pin_int.obj (.text:ioPortAIsr)
                  00204320    000000c8             : io_pin_int.obj (.text:ioPortBIsr)
                  002043e8    000000c8             : io_pin_int.obj (.text:ioPortCIsr)
                  002044b0    000000c8             : io_pin_int.obj (.text:ioPortDIsr)
                  00204578    000000c8     mmem.obj (.text)
                  00204640    000000c4     mem_heap.obj (.text)
                  00204704    0000009c     rtsv7M3_T_le_eabi.lib : memcpy_t2.obj (.text)
                  002047a0    00000094     bsp.lib : bsp_key.obj (.text:bspKeyDirPushedISR)
                  00204834    00000090             : bsp_key.obj (.text:bspKeyInit)
                  002048c4    00000080     hal_mcu.obj (.text)
                  00204944    0000007a     rtsv7M3_T_le_eabi.lib : memset_t2.obj (.text)
                  002049be    00000002                           : startup.obj (.text)
                  002049c0    00000074     driverlib.lib : ioc.obj (.text:IOCPadConfigSet)
                  00204a34    00000074                   : ioc.obj (.text:IOCPinConfigPeriphOutput)
                  00204aa8    00000070     rtsv7M3_T_le_eabi.lib : autoinit.obj (.text)
                  00204b18    0000006c     cx2538_startup_ccs.obj (.text)
                  00204b84    0000006a     rtsv7M3_T_le_eabi.lib : copy_decompress_rle.obj (.text)
                  00204bee    00000002     --HOLE-- [fill = 0]
                  00204bf0    00000068     bsp.lib : bsp_key.obj (.text:bspKeySelPushedISR)
                  00204c58    00000068     rtsv7M3_T_le_eabi.lib : trgmsg.obj (.text)
                  00204cc0    00000060     driverlib.lib : interrupt.obj (.text:IntDisable)
                  00204d20    00000060                   : interrupt.obj (.text:IntEnable)
                  00204d80    0000005c                   : gptimer.obj (.text:TimerIntRegister)
                  00204ddc    00000058                   : sys_ctrl.obj (.text:SysCtrlClockSet)
                  00204e34    00000054     rtsv7M3_T_le_eabi.lib : exit.obj (.text)
                  00204e88    00000050     driverlib.lib : sys_ctrl.obj (.text:SysCtrlClockGet)
                  00204ed8    00000050     bsp.lib : bsp_key.obj (.text:bspKeyTimerISR)
                  00204f28    0000004c     rtsv7M3_T_le_eabi.lib : cpy_tbl.obj (.text)
                  00204f74    0000004c                           : rand.obj (.text)
                  00204fc0    00000040     driverlib.lib : interrupt.obj (.text:IntPendClear)
                  00205000    00000040     rtsv7M3_T_le_eabi.lib : boot.obj (.text)
                  00205040    00000040                           : u_divt2.obj (.text)
                  00205080    0000003e     driverlib.lib : gpio.obj (.text:GPIOIntTypeSet)
                  002050be    0000003e     hal_int.obj (.text)
                  002050fc    0000003c     driverlib.lib : uart.obj (.text:UARTConfigSetExpClk)
                  00205138    0000003c     bsp.lib : bsp_uart.obj (.text:bspUartBufInit)
                  00205174    00000038     driverlib.lib : sys_ctrl.obj (.text:SysCtrlPeripheralPresent)
                  002051ac    00000034                   : interrupt.obj (.text:IntRegister)
                  002051e0    00000030                   : gpio.obj (.text:GPIOGetIntNumber)
                  00205210    00000030     bsp.lib : bsp.obj (.text:bspAssert)
                  00205240    0000002a     driverlib.lib : gpio.obj (.text:GPIODirModeSet)
                  0020526a    00000002     --HOLE-- [fill = 0]
                  0020526c    00000028                   : gptimer.obj (.text:TimerConfigure)
                  00205294    00000024                   : interrupt.obj (.text:IntPrioritySet)
                  002052b8    00000024     bsp.lib : bsp_key.obj (.text:bspKeyTimerEnable)
                  002052dc    00000022     rtsv7M3_T_le_eabi.lib : memmov.obj (.text)
                  002052fe    00000002     --HOLE-- [fill = 0]
                  00205300    00000020     driverlib.lib : sys_ctrl.obj (.text:SysCtrlPeripheralEnable)
                  00205320    00000020                   : uart.obj (.text:UARTIntRegister)
                  00205340    0000001c                   : uart.obj (.text:UARTDisable)
                  0020535c    0000001c     bsp.lib : bsp_uart.obj (.text:buBufFlush)
                  00205378    00000018     driverlib.lib : gpio.obj (.text:GPIOPortIntRegister)
                  00205390    00000018     rtsv7M3_T_le_eabi.lib : args_main.obj (.text)
                  002053a8    00000016                           : strcpy.obj (.text)
                  002053be    00000002     --HOLE-- [fill = 0]
                  002053c0    00000014     driverlib.lib : sys_ctrl.obj (.text:SysCtrlIOClockSet)
                  002053d4    00000014                   : uart.obj (.text:UARTEnable)
                  002053e8    00000014     rtsv7M3_T_le_eabi.lib : _lock.obj (.text)
                  002053fc    00000014                           : strlen.obj (.text)
                  00205410    00000012     driverlib.lib : gptimer.obj (.text:TimerLoadSet)
                  00205422    00000012     bsp.lib : bsp_key.obj (.text:bspKeyTimerIntRegister)
                  00205434    00000010     driverlib.lib : gpio.obj (.text:GPIOPinTypeGPIOInput)
                  00205444    00000010                   : gpio.obj (.text:GPIOPinTypeUARTInput)
                  00205454    00000010                   : gpio.obj (.text:GPIOPinTypeUARTOutput)
                  00205464    00000010     bsp.lib : bsp_key.obj (.text:bspKeyTimerDisable)
                  00205474    0000000e     driverlib.lib : gpio.obj (.text:GPIOPinIntDisable)
                  00205482    0000000e                   : gpio.obj (.text:GPIOPinIntStatus)
                  00205490    0000000e                   : gptimer.obj (.text:TimerEnable)
                  0020549e    0000000e     rtsv7M3_T_le_eabi.lib : copy_decompress_none.obj (.text:decompress:none)
                  002054ac    0000000e                           : time.obj (.text)
                  002054ba    0000000c     driverlib.lib : cpu.obj (.text:CPUcpsid)
                  002054c6    0000000c                   : cpu.obj (.text:CPUcpsie)
                  002054d2    0000000c                   : gpio.obj (.text:GPIOPinIntEnable)
                  002054de    0000000c                   : uart.obj (.text:UARTTxIntModeSet)
                  002054ea    0000000a                   : uart.obj (.text:UARTCharGet)
                  002054f4    0000000a                   : uart.obj (.text:UARTCharPut)
                  002054fe    0000000a                   : uart.obj (.text:UARTCharsAvail)
                  00205508    0000000a                   : uart.obj (.text:UARTIntDisable)
                  00205512    0000000a                   : uart.obj (.text:UARTIntStatus)
                  0020551c    00000008                   : gptimer.obj (.text:TimerIntEnable)
                  00205524    00000008                   : uart.obj (.text:UARTIntEnable)
                  0020552c    00000006                   : gpio.obj (.text:GPIOPinIntClear)
                  00205532    00000006                   : gpio.obj (.text:GPIOPinWrite)
                  00205538    00000006                   : sys_ctrl.obj (.text:SysCtrlDelay)
                  0020553e    00000006                   : uart.obj (.text:UARTClockSourceSet)
                  00205544    00000006                   : uart.obj (.text:UARTFIFOLevelSet)
                  0020554a    00000006     rtsv7M3_T_le_eabi.lib : copy_decompress_rle.obj (.text:decompress:rle24)
                  00205550    00000004     driverlib.lib : gptimer.obj (.text:TimerIntClear)
                  00205554    00000004                   : uart.obj (.text:UARTIntClear)
                  00205558    00000004     rtsv7M3_T_le_eabi.lib : pre_init.obj (.text)

.const     0    0020555c    000002b0     
                  0020555c    00000100     driverlib.lib : ioc.obj (.const)
                  0020565c    000000a4                   : interrupt.obj (.const:g_pui32Regs)
                  00205700    00000074                   : sys_ctrl.obj (.const)
                  00205774    00000070                   : interrupt.obj (.const)
                  002057e4    00000012     uartstdio.obj (.const:.string)
                  002057f6    00000002     --HOLE-- [fill = 0]
                  002057f8    00000008     uartstdio.obj (.const:g_ui32UARTBase)
                  00205800    00000008     uartstdio.obj (.const:g_ui32UARTPeriph)
                  00205808    00000004     uartstdio.obj (.const)

.cinit     0    00205810    0000008c     
                  00205810    0000004e     (.cinit..data.load) [load image, compression = rle]
                  0020585e    00000002     --HOLE-- [fill = 0]
                  00205860    0000000b     (.cinit..bss.load) [load image, compression = rle]
                  0020586b    00000005     --HOLE-- [fill = 0]
                  00205870    0000000b     (.cinit..vtable.load) [load image, compression = rle]
                  0020587b    00000001     --HOLE-- [fill = 0]
                  0020587c    00000008     (__TI_handler_table)
                  00205884    00000018     (__TI_cinit_table)

.init_array 
*          0    00200000    00000000     UNINITIALIZED

.flashcca 
*          0    0027ffd4    0000000c     
                  0027ffd4    0000000c     cx2538_setup.obj (.flashcca:retain)

.vtable    0    20004000    00000100     UNINITIALIZED
                  20004000    00000100     driverlib.lib : interrupt.obj (.vtable)

.bss       0    20004100    000013ae     UNINITIALIZED
                  20004100    00000800     mmem.obj (.bss:memory)
                  20004900    00000360     buf.obj (.bss:buf_pool)
                  20004c60    00000258     mem_heap.obj (.bss:mem_ptr_pool)
                  20004eb8    00000120     rtsv7M3_T_le_eabi.lib : trgmsg.obj (.bss:_CIOBUF_)
                  20004fd8    00000090     bsp.lib : io_pin_int.obj (.bss)
                  20005068    00000080     basic_rf.obj (.bss:rxMpdu)
                  200050e8    00000080     (.common:rxMpdu)
                  20005168    00000080     (.common:rxMpdus)
                  200051e8    00000074     basic_rf.obj (.bss:txMpdu)
                  2000525c    00000004     hal_rf.obj (.bss)
                  20005260    00000058     mac.obj (.bss:pcb)
                  200052b8    00000038     mac.obj (.bss:pib)
                  200052f0    00000038     (.common:get_hders)
                  20005328    00000038     (.common:get_hdr)
                  20005360    00000038     (.common:get_headers)
                  20005398    00000038     (.common:headers)
                  200053d0    00000030     mac.obj (.bss:desc)
                  20005400    0000002c     bsp.lib : bsp_uart.obj (.bss)
                  2000542c    00000020             : bsp_key.obj (.bss)
                  2000544c    00000004     (.common:Associ_resp)
                  20005450    00000020     (.common:Associ_req)
                  20005470    00000010     main.obj (.bss:pui8RxBuf)
                  20005480    00000010     main.obj (.bss:pui8TxBuf)
                  20005490    00000008     basic_rf.obj (.bss)
                  20005498    00000008     rtsv7M3_T_le_eabi.lib : trgdrv.obj (.bss:parmbuf)
                  200054a0    00000004     (.common:avail_memory)
                  200054a4    00000004     (.common:get_bufers)
                  200054a8    00000004     (.common:get_bufs)
                  200054ac    00000001     (.common:channel)
                  200054ad    00000001     (.common:loop)

.data      0    200054b0    000000a8     UNINITIALIZED
                  200054b0    00000012     main.obj (.data)
                  200054c2    00000002     hal_rf.obj (.data)
                  200054c4    00000010     CSMA-CA.obj (.data)
                  200054d4    00000010     basic_rf.obj (.data:rxi)
                  200054e4    0000000f     main.obj (.data:get)
                  200054f3    00000001     --HOLE--
                  200054f4    0000000c     rtsv7M3_T_le_eabi.lib : exit.obj (.data:$O1$$)
                  20005500    0000000c     mac_scan.obj (.data)
                  2000550c    00000008     rtsv7M3_T_le_eabi.lib : _lock.obj (.data:$O1$$)
                  20005514    00000008     mac_assoc.obj (.data)
                  2000551c    00000008     mmem.obj (.data)
                  20005524    00000008     basic_rf.obj (.data:txState)
                  2000552c    00000008     mac.obj (.data:txStates)
                  20005534    00000008     mac_data.obj (.data:txStates)
                  2000553c    00000007     mac_parse.obj (.data)
                  20005543    00000001     --HOLE--
                  20005544    00000005     uartstdio.obj (.data)
                  20005549    00000004     mac_data.obj (.data)
                  2000554d    00000003     --HOLE--
                  20005550    00000004     rtsv7M3_T_le_eabi.lib : rand.obj (.data)
                  20005554    00000004                           : stkdepth_vars.obj (.data)

.stack     0    20007f00    00000100     UNINITIALIZED
                  20007f00    00000100     --HOLE--

MODULE SUMMARY

       Module                     code    ro data   rw data
       ------                     ----    -------   -------
    .\
       uartstdio.obj              1256    38        5      
       main.obj                   456     0         69     
       cx2538_startup_ccs.obj     108     256       0      
       cx2538_setup.obj           0       12        0      
    +--+--------------------------+-------+---------+---------+
       Total:                     1820    306       74     
                                                           
    .\MAC_Dirver\
       mmem.obj                   200     0         2060   
       buf.obj                    372     0         864    
       mem_heap.obj               196     0         600    
       list.obj                   442     0         0      
    +--+--------------------------+-------+---------+---------+
       Total:                     1210    0         3524   
                                                           
    .\MAC_Layer\
       mac_gen.obj                2306    0         0      
       mac_assoc.obj              1600    0         229    
       mac_scan.obj               1400    0         12     
       mac.obj                    1140    0         200    
       mac_parse.obj              1332    0         7      
       mac_data.obj               868     0         256    
       CSMA-CA.obj                896     0         17     
       mac_poll.obj               244     0         0      
    +--+--------------------------+-------+---------+---------+
       Total:                     9786    0         721    
                                                           
    .\SourceFiels\
       basic_rf.obj               1436    0         332    
       hal_rf.obj                 1352    0         6      
       hal_mcu.obj                128     0         0      
       hal_int.obj                62      0         0      
    +--+--------------------------+-------+---------+---------+
       Total:                     2978    0         338    
                                                           
    ../bsp.lib
       io_pin_int.obj             1140    0         144    
       bsp_key.obj                546     0         32     
       bsp_uart.obj               340     0         44     
       bsp.obj                    48      0         0      
    +--+--------------------------+-------+---------+---------+
       Total:                     2074    0         220    
                                                           
    ../driverlib.lib
       interrupt.obj              344     276       256    
       ioc.obj                    460     256       0      
       sys_ctrl.obj               282     116       0      
       gpio.obj                   276     0         0      
       uart.obj                   226     0         0      
       gptimer.obj                176     0         0      
       cpu.obj                    24      0         0      
    +--+--------------------------+-------+---------+---------+
       Total:                     1788    648       256    
                                                           
    C:\ti\ccsv6\tools\compiler\ti-cgt-arm_15.12.1.LTS\lib\rtsv7M3_T_le_eabi.lib
       trgdrv.obj                 804     0         8      
       trgmsg.obj                 104     0         288    
       memcpy_t2.obj              156     0         0      
       memset_t2.obj              122     0         0      
       autoinit.obj               112     0         0      
       copy_decompress_rle.obj    112     0         0      
       exit.obj                   84      0         12     
       rand.obj                   76      0         4      
       cpy_tbl.obj                76      0         0      
       boot.obj                   64      0         0      
       u_divt2.obj                64      0         0      
       memmov.obj                 34      0         0      
       _lock.obj                  20      0         8      
       args_main.obj              24      0         0      
       strcpy.obj                 22      0         0      
       strlen.obj                 20      0         0      
       copy_decompress_none.obj   14      0         0      
       time.obj                   14      0         0      
       pre_init.obj               4       0         0      
       stkdepth_vars.obj          0       0         4      
       i_div0.obj                 2       0         0      
       mpu_init.obj               2       0         0      
       startup.obj                2       0         0      
    +--+--------------------------+-------+---------+---------+
       Total:                     1932    0         324    
                                                           
       Stack:                     0       0         256    
       Linker Generated:          0       132       0      
    +--+--------------------------+-------+---------+---------+
       Grand Total:               21588   1086      5713   


LINKER GENERATED COPY TABLES

__TI_cinit_table @ 00205884 records: 3, size/record: 8, table size: 24
	.data: load addr=00205810, load size=0000004e bytes, run addr=200054b0, run size=000000a8 bytes, compression=rle
	.bss: load addr=00205860, load size=0000000b bytes, run addr=20004100, run size=000013ae bytes, compression=rle
	.vtable: load addr=00205870, load size=0000000b bytes, run addr=20004000, run size=00000100 bytes, compression=rle


LINKER GENERATED HANDLER TABLE

__TI_handler_table @ 0020587c records: 2, size/record: 4, table size: 8
	index: 0, handler: __TI_decompress_rle24
	index: 1, handler: __TI_decompress_none


GLOBAL SYMBOLS: SORTED ALPHABETICALLY BY Name 

address   name                           
-------   ----                           
20005515  A_resp                         
2000553e  Allocated_addr                 
20005450  Associ_req                     
2000544c  Associ_resp                    
00200da1  Association                    
200054c5  BE                             
20005514  B_flag                         
00204e35  C$$EXIT                        
00204c87  C$$IO$$                        
0020315d  CCA                            
200054c1  CH_over                        
200054b2  CNT_Receive                    
200054b0  CNT_transmit                   
002054bb  CPUcpsid                       
002054c7  CPUcpsie                       
00203a39  ClockSet                       
00203527  Cor_data                       
00203461  Device_data                    
2000554a  FP                             
00205241  GPIODirModeSet                 
002051e1  GPIOGetIntNumber               
00205081  GPIOIntTypeSet                 
0020552d  GPIOPinIntClear                
00205475  GPIOPinIntDisable              
002054d3  GPIOPinIntEnable               
00205483  GPIOPinIntStatus               
00205435  GPIOPinTypeGPIOInput           
00205445  GPIOPinTypeUARTInput           
00205455  GPIOPinTypeUARTOutput          
00205533  GPIOPinWrite                   
00205379  GPIOPortIntRegister            
002038eb  HOSTclock                      
002038b3  HOSTclose                      
00203875  HOSTgetenv                     
00203819  HOSTlseek                      
002037c7  HOSTopen                       
0020377b  HOSTread                       
0020371d  HOSTrename                     
002036e3  HOSTtime                       
00203699  HOSTtime64                     
00203661  HOSTunlink                     
00203615  HOSTwrite                      
002049c1  IOCPadConfigSet                
00204175  IOCPinConfigPeriphInput        
00204a35  IOCPinConfigPeriphOutput       
00204cc1  IntDisable                     
00204d21  IntEnable                      
002054bb  IntMasterDisable               
002054c7  IntMasterEnable                
00204fc1  IntPendClear                   
00205295  IntPrioritySet                 
002051ad  IntRegister                    
20005542  Is_Pending                     
200054c4  NB                             
00202b49  PAN_SET                        
00201555  RF_Init                        
00203337  RF_Inits                       
00200b8d  RX_Association                 
002015a7  RX_on                          
00203389  RX_set                         
2000553c  Received_Beacon_REQ            
200054c0  Recevied_Beacon                
00204b19  ResetISR                       
00200c0d  RfInit                         
00203a31  SCAN                           
UNDEFED   SHT$$INIT_ARRAY$$Base          
UNDEFED   SHT$$INIT_ARRAY$$Limit         
00202b79  Send_Beacon                    
00202e73  Send_DATA                      
002014b5  Send_Frame                     
200054b6  Sleep_Tick                     
200054b8  Sleep_Tick2                    
00204e89  SysCtrlClockGet                
00204ddd  SysCtrlClockSet                
00205539  SysCtrlDelay                   
002053c1  SysCtrlIOClockSet              
00205301  SysCtrlPeripheralEnable        
00205175  SysCtrlPeripheralPresent       
200054bc  TIMA_tick                      
00203a91  Timer0AIntHandler              
00200cb3  Timer1AIntHandler              
00202fb7  Timer2AIntHandler              
0020526d  TimerConfigure                 
00205491  TimerEnable                    
00205551  TimerIntClear                  
0020551d  TimerIntEnable                 
00204d81  TimerIntRegister               
00205411  TimerLoadSet                   
00202e1d  Transmimit_set                 
00202dc9  Transmmit                      
002039c5  UART0IntHandler                
002054eb  UARTCharGet                    
002054f5  UARTCharPut                    
002054ff  UARTCharsAvail                 
0020553f  UARTClockSourceSet             
002050fd  UARTConfigSetExpClk            
00205341  UARTDisable                    
002053d5  UARTEnable                     
00205545  UARTFIFOLevelSet               
00205555  UARTIntClear                   
00205509  UARTIntDisable                 
00205525  UARTIntEnable                  
00205321  UARTIntRegister                
00205513  UARTIntStatus                  
002025d5  UARTStdioConfig                
00202639  UARTStdioInit                  
0020264f  UARTStdioInitExpClk            
002054df  UARTTxIntModeSet               
00202761  UARTgetc                       
002026a7  UARTgets                       
00202a87  UARTprintf                     
0020278d  UARTvprintf                    
00202665  UARTwrite                      
20004eb8  __CIOBUF_                      
20008000  __STACK_END                    
00000100  __STACK_SIZE                   
20008000  __STACK_TOP                    
00205884  __TI_CINIT_Base                
0020589c  __TI_CINIT_Limit               
0020587c  __TI_Handler_Table_Base        
00205884  __TI_Handler_Table_Limit       
00204aa9  __TI_auto_init                 
200054f4  __TI_cleanup_ptr               
0020549f  __TI_decompress_none           
0020554b  __TI_decompress_rle24          
200054f8  __TI_dtors_ptr                 
200054fc  __TI_enable_exit_profile_output
ffffffff  __TI_pprof_out_hndl            
ffffffff  __TI_prof_data_size            
ffffffff  __TI_prof_data_start           
00204c8b  __TI_readmsg                   
00205810  __TI_static_base__             
00204c59  __TI_writemsg                  
00200a03  __aeabi_idiv0                  
00204945  __aeabi_memclr                 
00204945  __aeabi_memclr4                
00204945  __aeabi_memclr8                
00204705  __aeabi_memcpy                 
00204705  __aeabi_memcpy4                
00204705  __aeabi_memcpy8                
00204947  __aeabi_memset                 
00204947  __aeabi_memset4                
00204947  __aeabi_memset8                
00205041  __aeabi_uidiv                  
00205041  __aeabi_uidivmod               
ffffffff  __binit__                      
ffffffff  __c_args__                     
0027ffd4  __cca                          
00203cbb  __mpu_init                     
20007f00  __stack                        
002054ad  __time32                       
00205391  _args_main                     
00205001  _c_int00                       
2000550c  _lock                          
002053f7  _nop                           
002053ef  _register_lock                 
002053e9  _register_unlock               
002049bf  _system_post_cinit             
00205559  _system_pre_init               
20005510  _unlock                        
200054d0  a                              
00204e39  abort                          
20005518  address                        
200054a0  avail_memory                   
00201467  basicRfGetRssi                 
002012b5  basicRfInit                    
002013bd  basicRfPacketIsReady           
002013e1  basicRfReceive                 
00201487  basicRfReceiveOff              
00201479  basicRfReceiveOn               
0020130d  basicRfSendPacket              
ffffffff  binit                          
00205211  bspAssert                      
00204835  bspKeyInit                     
00205139  bspUartBufInit                 
00203f85  bspUartOpen                    
00203e01  buf_free                       
00203d43  buf_get                        
00203cf7  buf_get_cnt                    
00203cbd  buf_init                       
00202fc9  cca_handler                    
0020302f  cca_setup                      
200054c7  cca_timeout                    
200054ac  channel                        
00204f29  copy_in                        
0020306f  csma_send                      
00202fed  csma_setup                     
00202f31  csma_time                      
0020342d  data_processing                
200054c8  data_send                      
002033cd  data_timer                     
0020341b  data_timer_enable              
002033e5  data_timer_set                 
200054cc  delay                          
2000554c  dev_dir                        
2000554b  dev_indr                       
00203437  device_idle                    
00202d15  drvr_get_rand                  
00204e41  exit                           
200054b4  flag                           
20005500  flag1                          
20004000  g_pfnRAMVectors                
00200000  g_pfnVectors                   
00200b59  gen_association_req_frame      
200054e4  get                            
200054a4  get_bufers                     
200054a8  get_bufs                       
200052f0  get_hders                      
20005328  get_hdr                        
20005360  get_headers                    
002050cf  halIntLock                     
002050c7  halIntOff                      
002050bf  halIntOn                       
002050eb  halIntUnlock                   
002048c5  halMcuInit                     
00204909  halMcuSetLowPowerMode          
002048d9  halMcuWaitUs                   
00201e0f  halRfAppendTxBuf               
00201f3f  halRfDisableRxInterrupt        
00201f53  halRfEnableRxInterrupt         
00201bbf  halRfGetChipId                 
00201bc5  halRfGetChipVer                
00201bcf  halRfGetRandomByte             
00201bd3  halRfGetRssiOffset             
00201b59  halRfInit                      
00201ecd  halRfReadMemory                
00201e7d  halRfReadRxBuf                 
00201f31  halRfReceiveOff                
00201f23  halRfReceiveOn                 
00201f67  halRfRxInterruptConfig         
00201bd9  halRfSetChannel                
00201d5d  halRfSetGain                   
00201d33  halRfSetModule                 
00201c17  halRfSetPanId                  
00201bf3  halRfSetShortAddr              
00201c3b  halRfSetTxPower                
00201f05  halRfTransmit                  
00201f91  halRfWaitTransceiverReady      
00201ee9  halRfWriteMemory               
00201db9  halRfWriteTxBuf                
20005398  headers                        
200054ba  i                              
200054bb  index                          
20005517  invalid_pan                    
00203e31  ioPinIntRegister               
00203b5f  list_add                       
00203ba1  list_chop                      
00203b1f  list_copy                      
00203b11  list_head                      
00203b01  list_init                      
00203c95  list_insert                    
00203c69  list_length                    
00203bf3  list_pop                       
00203b87  list_push                      
00203c11  list_remove                    
00203b33  list_tail                      
200054ad  loop                           
00200a05  mac_association_req            
00200ac9  mac_association_resp           
00202c6b  mac_cmd_handler                
00202c05  mac_data_req                   
00202c01  mac_desc_get                   
00200387  mac_gen_ack                    
00200573  mac_gen_beacon_frm             
002003ed  mac_gen_cmd                    
00200317  mac_gen_cmd_header             
002006c1  mac_gen_data_frm               
0020062b  mac_gen_data_hdr               
00200101  mac_gen_frm_ctrl               
0020018f  mac_gen_header                 
002005df  mac_gen_superfrm_spec          
00202abd  mac_init                       
0020248b  mac_parse_beacon               
00202335  mac_parse_cmd                  
002020a1  mac_parse_hdr                  
00202bf9  mac_pcb_get                    
00202bfd  mac_pib_get                    
00204121  mac_poll_conf                  
00204081  mac_poll_req                   
0020412d  mac_poll_timeout               
0020177d  mac_scan                       
002015ed  mac_scan_alloc                 
00201607  mac_scan_descr_add             
00201663  mac_scan_descr_clear           
0020168b  mac_scan_descr_find_addr       
002016f7  mac_scan_descr_find_pan        
0020164d  mac_scan_descr_free            
002016eb  mac_scan_descr_get_head        
00201769  mac_scan_descr_insert          
00201949  mac_scan_energy                
0020175b  mac_scan_get_energy_list       
00201729  mac_scan_get_entry_cnt         
002015e1  mac_scan_init                  
00202d55  mac_tx                         
00203939  main                           
20005554  main_func_sp                   
00204651  mem_heap_alloc                 
002046dd  mem_heap_free                  
00204641  mem_heap_init                  
00204705  memcpy                         
002052dd  memmove                        
0020494d  memset                         
00204579  mmem_alloc                     
002045b7  mmem_free                      
0020461f  mmem_init                      
2000551a  pan_id                         
00200ccb  passiveScan                    
00204f8b  rand                           
20005549  rcv_time_out                   
20005540  rem                            
20005541  rem2                           
200050e8  rxMpdu                         
20005168  rxMpdus                        
00201a87  scan_timer_enable              
00201a4b  scan_timer_set                 
00204f75  srand                          
002053a9  strcpy                         
002053fd  strlen                         
002054ad  time                           
20005516  time_out                       
20005502  time_outs                      
200054c6  timeout                        
00200ca1  timer_enable                   
00200c65  timer_set                      
20005534  txStates                       


GLOBAL SYMBOLS: SORTED BY Symbol Address 

address   name                           
-------   ----                           
00000100  __STACK_SIZE                   
00200000  g_pfnVectors                   
00200101  mac_gen_frm_ctrl               
0020018f  mac_gen_header                 
00200317  mac_gen_cmd_header             
00200387  mac_gen_ack                    
002003ed  mac_gen_cmd                    
00200573  mac_gen_beacon_frm             
002005df  mac_gen_superfrm_spec          
0020062b  mac_gen_data_hdr               
002006c1  mac_gen_data_frm               
00200a03  __aeabi_idiv0                  
00200a05  mac_association_req            
00200ac9  mac_association_resp           
00200b59  gen_association_req_frame      
00200b8d  RX_Association                 
00200c0d  RfInit                         
00200c65  timer_set                      
00200ca1  timer_enable                   
00200cb3  Timer1AIntHandler              
00200ccb  passiveScan                    
00200da1  Association                    
002012b5  basicRfInit                    
0020130d  basicRfSendPacket              
002013bd  basicRfPacketIsReady           
002013e1  basicRfReceive                 
00201467  basicRfGetRssi                 
00201479  basicRfReceiveOn               
00201487  basicRfReceiveOff              
002014b5  Send_Frame                     
00201555  RF_Init                        
002015a7  RX_on                          
002015e1  mac_scan_init                  
002015ed  mac_scan_alloc                 
00201607  mac_scan_descr_add             
0020164d  mac_scan_descr_free            
00201663  mac_scan_descr_clear           
0020168b  mac_scan_descr_find_addr       
002016eb  mac_scan_descr_get_head        
002016f7  mac_scan_descr_find_pan        
00201729  mac_scan_get_entry_cnt         
0020175b  mac_scan_get_energy_list       
00201769  mac_scan_descr_insert          
0020177d  mac_scan                       
00201949  mac_scan_energy                
00201a4b  scan_timer_set                 
00201a87  scan_timer_enable              
00201b59  halRfInit                      
00201bbf  halRfGetChipId                 
00201bc5  halRfGetChipVer                
00201bcf  halRfGetRandomByte             
00201bd3  halRfGetRssiOffset             
00201bd9  halRfSetChannel                
00201bf3  halRfSetShortAddr              
00201c17  halRfSetPanId                  
00201c3b  halRfSetTxPower                
00201d33  halRfSetModule                 
00201d5d  halRfSetGain                   
00201db9  halRfWriteTxBuf                
00201e0f  halRfAppendTxBuf               
00201e7d  halRfReadRxBuf                 
00201ecd  halRfReadMemory                
00201ee9  halRfWriteMemory               
00201f05  halRfTransmit                  
00201f23  halRfReceiveOn                 
00201f31  halRfReceiveOff                
00201f3f  halRfDisableRxInterrupt        
00201f53  halRfEnableRxInterrupt         
00201f67  halRfRxInterruptConfig         
00201f91  halRfWaitTransceiverReady      
002020a1  mac_parse_hdr                  
00202335  mac_parse_cmd                  
0020248b  mac_parse_beacon               
002025d5  UARTStdioConfig                
00202639  UARTStdioInit                  
0020264f  UARTStdioInitExpClk            
00202665  UARTwrite                      
002026a7  UARTgets                       
00202761  UARTgetc                       
0020278d  UARTvprintf                    
00202a87  UARTprintf                     
00202abd  mac_init                       
00202b49  PAN_SET                        
00202b79  Send_Beacon                    
00202bf9  mac_pcb_get                    
00202bfd  mac_pib_get                    
00202c01  mac_desc_get                   
00202c05  mac_data_req                   
00202c6b  mac_cmd_handler                
00202d15  drvr_get_rand                  
00202d55  mac_tx                         
00202dc9  Transmmit                      
00202e1d  Transmimit_set                 
00202e73  Send_DATA                      
00202f31  csma_time                      
00202fb7  Timer2AIntHandler              
00202fc9  cca_handler                    
00202fed  csma_setup                     
0020302f  cca_setup                      
0020306f  csma_send                      
0020315d  CCA                            
00203337  RF_Inits                       
00203389  RX_set                         
002033cd  data_timer                     
002033e5  data_timer_set                 
0020341b  data_timer_enable              
0020342d  data_processing                
00203437  device_idle                    
00203461  Device_data                    
00203527  Cor_data                       
00203615  HOSTwrite                      
00203661  HOSTunlink                     
00203699  HOSTtime64                     
002036e3  HOSTtime                       
0020371d  HOSTrename                     
0020377b  HOSTread                       
002037c7  HOSTopen                       
00203819  HOSTlseek                      
00203875  HOSTgetenv                     
002038b3  HOSTclose                      
002038eb  HOSTclock                      
00203939  main                           
002039c5  UART0IntHandler                
00203a31  SCAN                           
00203a39  ClockSet                       
00203a91  Timer0AIntHandler              
00203b01  list_init                      
00203b11  list_head                      
00203b1f  list_copy                      
00203b33  list_tail                      
00203b5f  list_add                       
00203b87  list_push                      
00203ba1  list_chop                      
00203bf3  list_pop                       
00203c11  list_remove                    
00203c69  list_length                    
00203c95  list_insert                    
00203cbb  __mpu_init                     
00203cbd  buf_init                       
00203cf7  buf_get_cnt                    
00203d43  buf_get                        
00203e01  buf_free                       
00203e31  ioPinIntRegister               
00203f85  bspUartOpen                    
00204081  mac_poll_req                   
00204121  mac_poll_conf                  
0020412d  mac_poll_timeout               
00204175  IOCPinConfigPeriphInput        
00204579  mmem_alloc                     
002045b7  mmem_free                      
0020461f  mmem_init                      
00204641  mem_heap_init                  
00204651  mem_heap_alloc                 
002046dd  mem_heap_free                  
00204705  __aeabi_memcpy                 
00204705  __aeabi_memcpy4                
00204705  __aeabi_memcpy8                
00204705  memcpy                         
00204835  bspKeyInit                     
002048c5  halMcuInit                     
002048d9  halMcuWaitUs                   
00204909  halMcuSetLowPowerMode          
00204945  __aeabi_memclr                 
00204945  __aeabi_memclr4                
00204945  __aeabi_memclr8                
00204947  __aeabi_memset                 
00204947  __aeabi_memset4                
00204947  __aeabi_memset8                
0020494d  memset                         
002049bf  _system_post_cinit             
002049c1  IOCPadConfigSet                
00204a35  IOCPinConfigPeriphOutput       
00204aa9  __TI_auto_init                 
00204b19  ResetISR                       
00204c59  __TI_writemsg                  
00204c87  C$$IO$$                        
00204c8b  __TI_readmsg                   
00204cc1  IntDisable                     
00204d21  IntEnable                      
00204d81  TimerIntRegister               
00204ddd  SysCtrlClockSet                
00204e35  C$$EXIT                        
00204e39  abort                          
00204e41  exit                           
00204e89  SysCtrlClockGet                
00204f29  copy_in                        
00204f75  srand                          
00204f8b  rand                           
00204fc1  IntPendClear                   
00205001  _c_int00                       
00205041  __aeabi_uidiv                  
00205041  __aeabi_uidivmod               
00205081  GPIOIntTypeSet                 
002050bf  halIntOn                       
002050c7  halIntOff                      
002050cf  halIntLock                     
002050eb  halIntUnlock                   
002050fd  UARTConfigSetExpClk            
00205139  bspUartBufInit                 
00205175  SysCtrlPeripheralPresent       
002051ad  IntRegister                    
002051e1  GPIOGetIntNumber               
00205211  bspAssert                      
00205241  GPIODirModeSet                 
0020526d  TimerConfigure                 
00205295  IntPrioritySet                 
002052dd  memmove                        
00205301  SysCtrlPeripheralEnable        
00205321  UARTIntRegister                
00205341  UARTDisable                    
00205379  GPIOPortIntRegister            
00205391  _args_main                     
002053a9  strcpy                         
002053c1  SysCtrlIOClockSet              
002053d5  UARTEnable                     
002053e9  _register_unlock               
002053ef  _register_lock                 
002053f7  _nop                           
002053fd  strlen                         
00205411  TimerLoadSet                   
00205435  GPIOPinTypeGPIOInput           
00205445  GPIOPinTypeUARTInput           
00205455  GPIOPinTypeUARTOutput          
00205475  GPIOPinIntDisable              
00205483  GPIOPinIntStatus               
00205491  TimerEnable                    
0020549f  __TI_decompress_none           
002054ad  __time32                       
002054ad  time                           
002054bb  CPUcpsid                       
002054bb  IntMasterDisable               
002054c7  CPUcpsie                       
002054c7  IntMasterEnable                
002054d3  GPIOPinIntEnable               
002054df  UARTTxIntModeSet               
002054eb  UARTCharGet                    
002054f5  UARTCharPut                    
002054ff  UARTCharsAvail                 
00205509  UARTIntDisable                 
00205513  UARTIntStatus                  
0020551d  TimerIntEnable                 
00205525  UARTIntEnable                  
0020552d  GPIOPinIntClear                
00205533  GPIOPinWrite                   
00205539  SysCtrlDelay                   
0020553f  UARTClockSourceSet             
00205545  UARTFIFOLevelSet               
0020554b  __TI_decompress_rle24          
00205551  TimerIntClear                  
00205555  UARTIntClear                   
00205559  _system_pre_init               
00205810  __TI_static_base__             
0020587c  __TI_Handler_Table_Base        
00205884  __TI_CINIT_Base                
00205884  __TI_Handler_Table_Limit       
0020589c  __TI_CINIT_Limit               
0027ffd4  __cca                          
20004000  g_pfnRAMVectors                
20004eb8  __CIOBUF_                      
200050e8  rxMpdu                         
20005168  rxMpdus                        
200052f0  get_hders                      
20005328  get_hdr                        
20005360  get_headers                    
20005398  headers                        
2000544c  Associ_resp                    
20005450  Associ_req                     
200054a0  avail_memory                   
200054a4  get_bufers                     
200054a8  get_bufs                       
200054ac  channel                        
200054ad  loop                           
200054b0  CNT_transmit                   
200054b2  CNT_Receive                    
200054b4  flag                           
200054b6  Sleep_Tick                     
200054b8  Sleep_Tick2                    
200054ba  i                              
200054bb  index                          
200054bc  TIMA_tick                      
200054c0  Recevied_Beacon                
200054c1  CH_over                        
200054c4  NB                             
200054c5  BE                             
200054c6  timeout                        
200054c7  cca_timeout                    
200054c8  data_send                      
200054cc  delay                          
200054d0  a                              
200054e4  get                            
200054f4  __TI_cleanup_ptr               
200054f8  __TI_dtors_ptr                 
200054fc  __TI_enable_exit_profile_output
20005500  flag1                          
20005502  time_outs                      
2000550c  _lock                          
20005510  _unlock                        
20005514  B_flag                         
20005515  A_resp                         
20005516  time_out                       
20005517  invalid_pan                    
20005518  address                        
2000551a  pan_id                         
20005534  txStates                       
2000553c  Received_Beacon_REQ            
2000553e  Allocated_addr                 
20005540  rem                            
20005541  rem2                           
20005542  Is_Pending                     
20005549  rcv_time_out                   
2000554a  FP                             
2000554b  dev_indr                       
2000554c  dev_dir                        
20005554  main_func_sp                   
20007f00  __stack                        
20008000  __STACK_END                    
20008000  __STACK_TOP                    
ffffffff  __TI_pprof_out_hndl            
ffffffff  __TI_prof_data_size            
ffffffff  __TI_prof_data_start           
ffffffff  __binit__                      
ffffffff  __c_args__                     
ffffffff  binit                          
UNDEFED   SHT$$INIT_ARRAY$$Base          
UNDEFED   SHT$$INIT_ARRAY$$Limit         

[325 symbols]
